Archive member included to satisfy reference by file (symbol)

C:/ST/STM32CubeIDE_1.12.0/STM32CubeIDE/plugins/com.st.stm32cube.ide.mcu.externaltools.gnu-tools-for-stm32.11.3.rel1.win32_1.1.100.202309141235/tools/bin/../lib/gcc/arm-none-eabi/11.3.1/../../../../arm-none-eabi/lib/thumb/v7e-m+dp/hard\libc_nano.a(libc_a-exit.o)
                              C:/ST/STM32CubeIDE_1.12.0/STM32CubeIDE/plugins/com.st.stm32cube.ide.mcu.externaltools.gnu-tools-for-stm32.11.3.rel1.win32_1.1.100.202309141235/tools/bin/../lib/gcc/arm-none-eabi/11.3.1/../../../../arm-none-eabi/lib/thumb/v7e-m+dp/hard/crt0.o (exit)
C:/ST/STM32CubeIDE_1.12.0/STM32CubeIDE/plugins/com.st.stm32cube.ide.mcu.externaltools.gnu-tools-for-stm32.11.3.rel1.win32_1.1.100.202309141235/tools/bin/../lib/gcc/arm-none-eabi/11.3.1/../../../../arm-none-eabi/lib/thumb/v7e-m+dp/hard\libc_nano.a(libc_a-findfp.o)
                              C:/ST/STM32CubeIDE_1.12.0/STM32CubeIDE/plugins/com.st.stm32cube.ide.mcu.externaltools.gnu-tools-for-stm32.11.3.rel1.win32_1.1.100.202309141235/tools/bin/../lib/gcc/arm-none-eabi/11.3.1/../../../../arm-none-eabi/lib/thumb/v7e-m+dp/hard\libc_nano.a(libc_a-exit.o) (__stdio_exit_handler)
C:/ST/STM32CubeIDE_1.12.0/STM32CubeIDE/plugins/com.st.stm32cube.ide.mcu.externaltools.gnu-tools-for-stm32.11.3.rel1.win32_1.1.100.202309141235/tools/bin/../lib/gcc/arm-none-eabi/11.3.1/../../../../arm-none-eabi/lib/thumb/v7e-m+dp/hard\libc_nano.a(libc_a-fwalk.o)
                              C:/ST/STM32CubeIDE_1.12.0/STM32CubeIDE/plugins/com.st.stm32cube.ide.mcu.externaltools.gnu-tools-for-stm32.11.3.rel1.win32_1.1.100.202309141235/tools/bin/../lib/gcc/arm-none-eabi/11.3.1/../../../../arm-none-eabi/lib/thumb/v7e-m+dp/hard\libc_nano.a(libc_a-findfp.o) (_fwalk_sglue)
C:/ST/STM32CubeIDE_1.12.0/STM32CubeIDE/plugins/com.st.stm32cube.ide.mcu.externaltools.gnu-tools-for-stm32.11.3.rel1.win32_1.1.100.202309141235/tools/bin/../lib/gcc/arm-none-eabi/11.3.1/../../../../arm-none-eabi/lib/thumb/v7e-m+dp/hard\libc_nano.a(libc_a-stdio.o)
                              C:/ST/STM32CubeIDE_1.12.0/STM32CubeIDE/plugins/com.st.stm32cube.ide.mcu.externaltools.gnu-tools-for-stm32.11.3.rel1.win32_1.1.100.202309141235/tools/bin/../lib/gcc/arm-none-eabi/11.3.1/../../../../arm-none-eabi/lib/thumb/v7e-m+dp/hard\libc_nano.a(libc_a-findfp.o) (__sread)
C:/ST/STM32CubeIDE_1.12.0/STM32CubeIDE/plugins/com.st.stm32cube.ide.mcu.externaltools.gnu-tools-for-stm32.11.3.rel1.win32_1.1.100.202309141235/tools/bin/../lib/gcc/arm-none-eabi/11.3.1/../../../../arm-none-eabi/lib/thumb/v7e-m+dp/hard\libc_nano.a(libc_a-memset.o)
                              C:/ST/STM32CubeIDE_1.12.0/STM32CubeIDE/plugins/com.st.stm32cube.ide.mcu.externaltools.gnu-tools-for-stm32.11.3.rel1.win32_1.1.100.202309141235/tools/bin/../lib/gcc/arm-none-eabi/11.3.1/../../../../arm-none-eabi/lib/thumb/v7e-m+dp/hard/crt0.o (memset)
C:/ST/STM32CubeIDE_1.12.0/STM32CubeIDE/plugins/com.st.stm32cube.ide.mcu.externaltools.gnu-tools-for-stm32.11.3.rel1.win32_1.1.100.202309141235/tools/bin/../lib/gcc/arm-none-eabi/11.3.1/../../../../arm-none-eabi/lib/thumb/v7e-m+dp/hard\libc_nano.a(libc_a-closer.o)
                              C:/ST/STM32CubeIDE_1.12.0/STM32CubeIDE/plugins/com.st.stm32cube.ide.mcu.externaltools.gnu-tools-for-stm32.11.3.rel1.win32_1.1.100.202309141235/tools/bin/../lib/gcc/arm-none-eabi/11.3.1/../../../../arm-none-eabi/lib/thumb/v7e-m+dp/hard\libc_nano.a(libc_a-stdio.o) (_close_r)
C:/ST/STM32CubeIDE_1.12.0/STM32CubeIDE/plugins/com.st.stm32cube.ide.mcu.externaltools.gnu-tools-for-stm32.11.3.rel1.win32_1.1.100.202309141235/tools/bin/../lib/gcc/arm-none-eabi/11.3.1/../../../../arm-none-eabi/lib/thumb/v7e-m+dp/hard\libc_nano.a(libc_a-reent.o)
                              C:/ST/STM32CubeIDE_1.12.0/STM32CubeIDE/plugins/com.st.stm32cube.ide.mcu.externaltools.gnu-tools-for-stm32.11.3.rel1.win32_1.1.100.202309141235/tools/bin/../lib/gcc/arm-none-eabi/11.3.1/../../../../arm-none-eabi/lib/thumb/v7e-m+dp/hard\libc_nano.a(libc_a-closer.o) (errno)
C:/ST/STM32CubeIDE_1.12.0/STM32CubeIDE/plugins/com.st.stm32cube.ide.mcu.externaltools.gnu-tools-for-stm32.11.3.rel1.win32_1.1.100.202309141235/tools/bin/../lib/gcc/arm-none-eabi/11.3.1/../../../../arm-none-eabi/lib/thumb/v7e-m+dp/hard\libc_nano.a(libc_a-impure.o)
                              C:/ST/STM32CubeIDE_1.12.0/STM32CubeIDE/plugins/com.st.stm32cube.ide.mcu.externaltools.gnu-tools-for-stm32.11.3.rel1.win32_1.1.100.202309141235/tools/bin/../lib/gcc/arm-none-eabi/11.3.1/../../../../arm-none-eabi/lib/thumb/v7e-m+dp/hard\libc_nano.a(libc_a-reent.o) (_impure_ptr)
C:/ST/STM32CubeIDE_1.12.0/STM32CubeIDE/plugins/com.st.stm32cube.ide.mcu.externaltools.gnu-tools-for-stm32.11.3.rel1.win32_1.1.100.202309141235/tools/bin/../lib/gcc/arm-none-eabi/11.3.1/../../../../arm-none-eabi/lib/thumb/v7e-m+dp/hard\libc_nano.a(libc_a-lseekr.o)
[...]
Memory Configuration

Name             Origin             Length             Attributes
ITCMRAM          0x0000000000000000 0x0000000000010000 xrw
DTCMRAM          0x0000000020000000 0x0000000000020000 xrw
FLASH            0x0000000008000000 0x0000000000100000 xr
RAM_D1           0x0000000024000000 0x0000000000050000 xrw
RAM_D2           0x0000000030000000 0x0000000000008000 xrw
RAM_D3           0x0000000038000000 0x0000000000004000 xrw
*default*        0x0000000000000000 0xffffffffffffffff

Linker script and memory map

LOAD C:/ST/STM32CubeIDE_1.12.0/STM32CubeIDE/plugins/com.st.stm32cube.ide.mcu.externaltools.gnu-tools-for-stm32.11.3.rel1.win32_1.1.100.202309141235/tools/bin/../lib/gcc/arm-none-eabi/11.3.1/thumb/v7e-m+dp/hard/crti.o
LOAD C:/ST/STM32CubeIDE_1.12.0/STM32CubeIDE/plugins/com.st.stm32cube.ide.mcu.externaltools.gnu-tools-for-stm32.11.3.rel1.win32_1.1.100.202309141235/tools/bin/../lib/gcc/arm-none-eabi/11.3.1/thumb/v7e-m+dp/hard/crtbegin.o
LOAD C:/ST/STM32CubeIDE_1.12.0/STM32CubeIDE/plugins/com.st.stm32cube.ide.mcu.externaltools.gnu-tools-for-stm32.11.3.rel1.win32_1.1.100.202309141235/tools/bin/../lib/gcc/arm-none-eabi/11.3.1/../../../../arm-none-eabi/lib/thumb/v7e-m+dp/hard/crt0.o
LOAD ./Core/Src/main.o
LOAD ./Core/Src/stm32h7xx_hal_msp.o
LOAD ./Core/Src/stm32h7xx_it.o
LOAD ./Core/Src/syscalls.o
LOAD ./Core/Src/sysmem.o
LOAD ./Core/Src/system_stm32h7xx.o
LOAD ./Core/Startup/startup_stm32h723zgtx.o
LOAD ./Drivers/STM32H7xx_HAL_Driver/Src/stm32h7xx_hal.o
LOAD ./Drivers/STM32H7xx_HAL_Driver/Src/stm32h7xx_hal_cortex.o
LOAD ./Drivers/STM32H7xx_HAL_Driver/Src/stm32h7xx_hal_dma.o
LOAD ./Drivers/STM32H7xx_HAL_Driver/Src/stm32h7xx_hal_dma_ex.o
LOAD ./Drivers/STM32H7xx_HAL_Driver/Src/stm32h7xx_hal_exti.o
LOAD ./Drivers/STM32H7xx_HAL_Driver/Src/stm32h7xx_hal_flash.o
LOAD ./Drivers/STM32H7xx_HAL_Driver/Src/stm32h7xx_hal_flash_ex.o
LOAD ./Drivers/STM32H7xx_HAL_Driver/Src/stm32h7xx_hal_gpio.o
LOAD ./Drivers/STM32H7xx_HAL_Driver/Src/stm32h7xx_hal_hsem.o
LOAD ./Drivers/STM32H7xx_HAL_Driver/Src/stm32h7xx_hal_i2c.o
LOAD ./Drivers/STM32H7xx_HAL_Driver/Src/stm32h7xx_hal_i2c_ex.o
LOAD ./Drivers/STM32H7xx_HAL_Driver/Src/stm32h7xx_hal_mdma.o
LOAD ./Drivers/STM32H7xx_HAL_Driver/Src/stm32h7xx_hal_pwr.o
LOAD ./Drivers/STM32H7xx_HAL_Driver/Src/stm32h7xx_hal_pwr_ex.o
LOAD ./Drivers/STM32H7xx_HAL_Driver/Src/stm32h7xx_hal_rcc.o
LOAD ./Drivers/STM32H7xx_HAL_Driver/Src/stm32h7xx_hal_rcc_ex.o
LOAD ./Drivers/STM32H7xx_HAL_Driver/Src/stm32h7xx_hal_tim.o
LOAD ./Drivers/STM32H7xx_HAL_Driver/Src/stm32h7xx_hal_tim_ex.o
START GROUP
LOAD C:/ST/STM32CubeIDE_1.12.0/STM32CubeIDE/plugins/com.st.stm32cube.ide.mcu.externaltools.gnu-tools-for-stm32.11.3.rel1.win32_1.1.100.202309141235/tools/bin/../lib/gcc/arm-none-eabi/11.3.1/../../../../arm-none-eabi/lib/thumb/v7e-m+dp/hard\libc_nano.a
LOAD C:/ST/STM32CubeIDE_1.12.0/STM32CubeIDE/plugins/com.st.stm32cube.ide.mcu.externaltools.gnu-tools-for-stm32.11.3.rel1.win32_1.1.100.202309141235/tools/bin/../lib/gcc/arm-none-eabi/11.3.1/../../../../arm-none-eabi/lib/thumb/v7e-m+dp/hard\libm.a
END GROUP
START GROUP
LOAD C:/ST/STM32CubeIDE_1.12.0/STM32CubeIDE/plugins/com.st.stm32cube.ide.mcu.externaltools.gnu-tools-for-stm32.11.3.rel1.win32_1.1.100.202309141235/tools/bin/../lib/gcc/arm-none-eabi/11.3.1/thumb/v7e-m+dp/hard\libgcc.a
LOAD C:/ST/STM32CubeIDE_1.12.0/STM32CubeIDE/plugins/com.st.stm32cube.ide.mcu.externaltools.gnu-tools-for-stm32.11.3.rel1.win32_1.1.100.202309141235/tools/bin/../lib/gcc/arm-none-eabi/11.3.1/../../../../arm-none-eabi/lib/thumb/v7e-m+dp/hard\libc_nano.a
END GROUP
START GROUP
LOAD C:/ST/STM32CubeIDE_1.12.0/STM32CubeIDE/plugins/com.st.stm32cube.ide.mcu.externaltools.gnu-tools-for-stm32.11.3.rel1.win32_1.1.100.202309141235/tools/bin/../lib/gcc/arm-none-eabi/11.3.1/thumb/v7e-m+dp/hard\libgcc.a
LOAD C:/ST/STM32CubeIDE_1.12.0/STM32CubeIDE/plugins/com.st.stm32cube.ide.mcu.externaltools.gnu-tools-for-stm32.11.3.rel1.win32_1.1.100.202309141235/tools/bin/../lib/gcc/arm-none-eabi/11.3.1/../../../../arm-none-eabi/lib/thumb/v7e-m+dp/hard\libc_nano.a
LOAD C:/ST/STM32CubeIDE_1.12.0/STM32CubeIDE/plugins/com.st.stm32cube.ide.mcu.externaltools.gnu-tools-for-stm32.11.3.rel1.win32_1.1.100.202309141235/tools/bin/../lib/gcc/arm-none-eabi/11.3.1/../../../../arm-none-eabi/lib/thumb/v7e-m+dp/hard\libnosys.a
END GROUP
START GROUP
LOAD C:/ST/STM32CubeIDE_1.12.0/STM32CubeIDE/plugins/com.st.stm32cube.ide.mcu.externaltools.gnu-tools-for-stm32.11.3.rel1.win32_1.1.100.202309141235/tools/bin/../lib/gcc/arm-none-eabi/11.3.1/thumb/v7e-m+dp/hard\libgcc.a
LOAD C:/ST/STM32CubeIDE_1.12.0/STM32CubeIDE/plugins/com.st.stm32cube.ide.mcu.externaltools.gnu-tools-for-stm32.11.3.rel1.win32_1.1.100.202309141235/tools/bin/../lib/gcc/arm-none-eabi/11.3.1/../../../../arm-none-eabi/lib/thumb/v7e-m+dp/hard\libc_nano.a
LOAD C:/ST/STM32CubeIDE_1.12.0/STM32CubeIDE/plugins/com.st.stm32cube.ide.mcu.externaltools.gnu-tools-for-stm32.11.3.rel1.win32_1.1.100.202309141235/tools/bin/../lib/gcc/arm-none-eabi/11.3.1/../../../../arm-none-eabi/lib/thumb/v7e-m+dp/hard\libnosys.a
END GROUP
LOAD C:/ST/STM32CubeIDE_1.12.0/STM32CubeIDE/plugins/com.st.stm32cube.ide.mcu.externaltools.gnu-tools-for-stm32.11.3.rel1.win32_1.1.100.202309141235/tools/bin/../lib/gcc/arm-none-eabi/11.3.1/thumb/v7e-m+dp/hard/crtend.o
LOAD C:/ST/STM32CubeIDE_1.12.0/STM32CubeIDE/plugins/com.st.stm32cube.ide.mcu.externaltools.gnu-tools-for-stm32.11.3.rel1.win32_1.1.100.202309141235/tools/bin/../lib/gcc/arm-none-eabi/11.3.1/thumb/v7e-m+dp/hard/crtn.o
                0x0000000024050000                _estack = (ORIGIN (RAM_D1) + LENGTH (RAM_D1))
                0x0000000000000200                _Min_Heap_Size = 0x200
                0x0000000000000400                _Min_Stack_Size = 0x400

.isr_vector     0x0000000008000000      0x2cc
                0x0000000008000000                . = ALIGN (0x4)
 *(.isr_vector)
 .isr_vector    0x0000000008000000      0x2cc ./Core/Startup/startup_stm32h723zgtx.o
                0x0000000008000000                g_pfnVectors
                0x00000000080002cc                . = ALIGN (0x4)

.text           0x00000000080002cc     0x2558
                0x00000000080002cc                . = ALIGN (0x4)
 *(.text)
 .text          0x00000000080002cc       0x40 C:/ST/STM32CubeIDE_1.12.0/STM32CubeIDE/plugins/com.st.stm32cube.ide.mcu.externaltools.gnu-tools-for-stm32.11.3.rel1.win32_1.1.100.202309141235/tools/bin/../lib/gcc/arm-none-eabi/11.3.1/thumb/v7e-m+dp/hard/crtbegin.o
 *(.text*)
 .text.HAL_TIM_IC_CaptureCallback
                0x000000000800030c       0x94 ./Core/Src/main.o
                0x000000000800030c                HAL_TIM_IC_CaptureCallback
 .text.main     0x00000000080003a0       0x34 ./Core/Src/main.o
                0x00000000080003a0                main
 .text.SystemClock_Config
                0x00000000080003d4       0xe0 ./Core/Src/main.o
                0x00000000080003d4                SystemClock_Config
 .text.MX_TIM3_Init
                0x00000000080004b4       0xac ./Core/Src/main.o
 .text.MX_TIM4_Init
                0x0000000008000560       0xac ./Core/Src/main.o
 .text.MX_GPIO_Init
                0x000000000800060c       0x90 ./Core/Src/main.o
 .text.Error_Handler
                0x000000000800069c        0xa ./Core/Src/main.o
                0x000000000800069c                Error_Handler
 *fill*         0x00000000080006a6        0x2 
 .text.HAL_MspInit
                0x00000000080006a8       0x34 ./Core/Src/stm32h7xx_hal_msp.o
                0x00000000080006a8                HAL_MspInit
 .text.HAL_TIM_Encoder_MspInit
                0x00000000080006dc      0x124 ./Core/Src/stm32h7xx_hal_msp.o
                0x00000000080006dc                HAL_TIM_Encoder_MspInit
 .text.NMI_Handler
                0x0000000008000800        0x6 ./Core/Src/stm32h7xx_it.o
                0x0000000008000800                NMI_Handler
 .text.HardFault_Handler
                0x0000000008000806        0x6 ./Core/Src/stm32h7xx_it.o
                0x0000000008000806                HardFault_Handler
 .text.MemManage_Handler
                0x000000000800080c        0x6 ./Core/Src/stm32h7xx_it.o
                0x000000000800080c                MemManage_Handler
 .text.BusFault_Handler
                0x0000000008000812        0x6 ./Core/Src/stm32h7xx_it.o
                0x0000000008000812                BusFault_Handler
 .text.UsageFault_Handler
                0x0000000008000818        0x6 ./Core/Src/stm32h7xx_it.o
                0x0000000008000818                UsageFault_Handler
 .text.SVC_Handler
                0x000000000800081e        0xe ./Core/Src/stm32h7xx_it.o
                0x000000000800081e                SVC_Handler
 .text.DebugMon_Handler
                0x000000000800082c        0xe ./Core/Src/stm32h7xx_it.o
                0x000000000800082c                DebugMon_Handler
 .text.PendSV_Handler
                0x000000000800083a        0xe ./Core/Src/stm32h7xx_it.o
                0x000000000800083a                PendSV_Handler
 .text.SysTick_Handler
                0x0000000008000848       0xa0 ./Core/Src/stm32h7xx_it.o
                0x0000000008000848                SysTick_Handler
 .text.TIM3_IRQHandler
                0x00000000080008e8       0x14 ./Core/Src/stm32h7xx_it.o
                0x00000000080008e8                TIM3_IRQHandler
 .text.TIM4_IRQHandler
                0x00000000080008fc       0x14 ./Core/Src/stm32h7xx_it.o
                0x00000000080008fc                TIM4_IRQHandler
 .text.SystemInit
                0x0000000008000910       0xf0 ./Core/Src/system_stm32h7xx.o
                0x0000000008000910                SystemInit
 .text.Reset_Handler
                0x0000000008000a00       0x50 ./Core/Startup/startup_stm32h723zgtx.o
                0x0000000008000a00                Reset_Handler
 .text.Default_Handler
                0x0000000008000a50        0x2 ./Core/Startup/startup_stm32h723zgtx.o
                0x0000000008000a50                RTC_Alarm_IRQHandler
                0x0000000008000a50                EXTI2_IRQHandler
                0x0000000008000a50                TIM8_CC_IRQHandler
                0x0000000008000a50                UART8_IRQHandler
                0x0000000008000a50                SPI4_IRQHandler
                0x0000000008000a50                FDCAN3_IT0_IRQHandler
                0x0000000008000a50                TIM1_CC_IRQHandler
                0x0000000008000a50                BDMA_Channel6_IRQHandler
                0x0000000008000a50                DMA2_Stream5_IRQHandler
                0x0000000008000a50                DMA1_Stream5_IRQHandler
                0x0000000008000a50                CORDIC_IRQHandler
                0x0000000008000a50                BDMA_Channel1_IRQHandler
                0x0000000008000a50                TAMP_STAMP_IRQHandler
                0x0000000008000a50                EXTI3_IRQHandler
                0x0000000008000a50                LPTIM4_IRQHandler
                0x0000000008000a50                TIM8_TRG_COM_TIM14_IRQHandler
                0x0000000008000a50                LPTIM2_IRQHandler
                0x0000000008000a50                DFSDM1_FLT1_IRQHandler
                0x0000000008000a50                DMAMUX2_OVR_IRQHandler
                0x0000000008000a50                TIM8_UP_TIM13_IRQHandler
                0x0000000008000a50                I2C3_ER_IRQHandler
                0x0000000008000a50                DFSDM1_FLT2_IRQHandler
                0x0000000008000a50                I2C5_EV_IRQHandler
                0x0000000008000a50                USART10_IRQHandler
                0x0000000008000a50                MDMA_IRQHandler
                0x0000000008000a50                LPTIM3_IRQHandler
                0x0000000008000a50                HSEM1_IRQHandler
                0x0000000008000a50                EXTI0_IRQHandler
                0x0000000008000a50                I2C2_EV_IRQHandler
                0x0000000008000a50                DMA1_Stream2_IRQHandler
                0x0000000008000a50                FPU_IRQHandler
                0x0000000008000a50                OTG_HS_WKUP_IRQHandler
                0x0000000008000a50                FDCAN1_IT1_IRQHandler
                0x0000000008000a50                LTDC_ER_IRQHandler
                0x0000000008000a50                DMA2_Stream2_IRQHandler
                0x0000000008000a50                SPI1_IRQHandler
                0x0000000008000a50                OCTOSPI1_IRQHandler
                0x0000000008000a50                TIM6_DAC_IRQHandler
                0x0000000008000a50                DMA2_Stream3_IRQHandler
                0x0000000008000a50                OCTOSPI2_IRQHandler
                0x0000000008000a50                DFSDM1_FLT3_IRQHandler
                0x0000000008000a50                TIM23_IRQHandler
                0x0000000008000a50                USART6_IRQHandler
                0x0000000008000a50                TIM17_IRQHandler
                0x0000000008000a50                USART3_IRQHandler
                0x0000000008000a50                BDMA_Channel7_IRQHandler
                0x0000000008000a50                LPTIM5_IRQHandler
                0x0000000008000a50                UART5_IRQHandler
                0x0000000008000a50                ADC3_IRQHandler
                0x0000000008000a50                DMA2_Stream0_IRQHandler
                0x0000000008000a50                BDMA_Channel2_IRQHandler
                0x0000000008000a50                I2C1_EV_IRQHandler
                0x0000000008000a50                DMA1_Stream6_IRQHandler
                0x0000000008000a50                DMAMUX1_OVR_IRQHandler
                0x0000000008000a50                DMA1_Stream1_IRQHandler
                0x0000000008000a50                TIM16_IRQHandler
                0x0000000008000a50                UART4_IRQHandler
                0x0000000008000a50                BDMA_Channel5_IRQHandler
                0x0000000008000a50                RCC_IRQHandler
                0x0000000008000a50                UART9_IRQHandler
                0x0000000008000a50                TIM8_BRK_TIM12_IRQHandler
                0x0000000008000a50                TIM1_TRG_COM_IRQHandler
                0x0000000008000a50                Default_Handler
                0x0000000008000a50                ECC_IRQHandler
                0x0000000008000a50                FMAC_IRQHandler
                0x0000000008000a50                CEC_IRQHandler
                0x0000000008000a50                EXTI15_10_IRQHandler
                0x0000000008000a50                BDMA_Channel0_IRQHandler
                0x0000000008000a50                ADC_IRQHandler
                0x0000000008000a50                I2C5_ER_IRQHandler
                0x0000000008000a50                DMA1_Stream7_IRQHandler
                0x0000000008000a50                SPI5_IRQHandler
                0x0000000008000a50                TIM7_IRQHandler
                0x0000000008000a50                FDCAN3_IT1_IRQHandler
                0x0000000008000a50                SDMMC1_IRQHandler
                0x0000000008000a50                TIM5_IRQHandler
                0x0000000008000a50                DMA2_Stream7_IRQHandler
                0x0000000008000a50                TIM15_IRQHandler
                0x0000000008000a50                PVD_AVD_IRQHandler
                0x0000000008000a50                I2C3_EV_IRQHandler
                0x0000000008000a50                EXTI9_5_IRQHandler
                0x0000000008000a50                RTC_WKUP_IRQHandler
                0x0000000008000a50                LTDC_IRQHandler
                0x0000000008000a50                ETH_WKUP_IRQHandler
                0x0000000008000a50                SPDIF_RX_IRQHandler
                0x0000000008000a50                SPI2_IRQHandler
                0x0000000008000a50                OTG_HS_EP1_IN_IRQHandler
                0x0000000008000a50                DMA1_Stream0_IRQHandler
                0x0000000008000a50                TIM24_IRQHandler
                0x0000000008000a50                CRS_IRQHandler
                0x0000000008000a50                EXTI4_IRQHandler
                0x0000000008000a50                RNG_IRQHandler
                0x0000000008000a50                FDCAN2_IT1_IRQHandler
                0x0000000008000a50                ETH_IRQHandler
                0x0000000008000a50                TIM1_UP_IRQHandler
                0x0000000008000a50                BDMA_Channel4_IRQHandler
                0x0000000008000a50                OTG_HS_EP1_OUT_IRQHandler
                0x0000000008000a50                WWDG_IRQHandler
                0x0000000008000a50                SPI6_IRQHandler
                0x0000000008000a50                MDIOS_IRQHandler
                0x0000000008000a50                I2C4_EV_IRQHandler
                0x0000000008000a50                FDCAN2_IT0_IRQHandler
                0x0000000008000a50                LPUART1_IRQHandler
                0x0000000008000a50                FDCAN1_IT0_IRQHandler
                0x0000000008000a50                TIM2_IRQHandler
                0x0000000008000a50                OTG_HS_IRQHandler
                0x0000000008000a50                DMA2D_IRQHandler
                0x0000000008000a50                TIM1_BRK_IRQHandler
                0x0000000008000a50                EXTI1_IRQHandler
                0x0000000008000a50                SDMMC2_IRQHandler
                0x0000000008000a50                BDMA_Channel3_IRQHandler
                0x0000000008000a50                DTS_IRQHandler
                0x0000000008000a50                UART7_IRQHandler
                0x0000000008000a50                MDIOS_WKUP_IRQHandler
                0x0000000008000a50                USART2_IRQHandler
                0x0000000008000a50                DFSDM1_FLT0_IRQHandler
                0x0000000008000a50                SAI4_IRQHandler
                0x0000000008000a50                I2C2_ER_IRQHandler
                0x0000000008000a50                DMA2_Stream1_IRQHandler
                0x0000000008000a50                FLASH_IRQHandler
                0x0000000008000a50                DMA2_Stream4_IRQHandler
                0x0000000008000a50                USART1_IRQHandler
                0x0000000008000a50                SPI3_IRQHandler
                0x0000000008000a50                WAKEUP_PIN_IRQHandler
                0x0000000008000a50                DMA1_Stream4_IRQHandler
                0x0000000008000a50                I2C1_ER_IRQHandler
                0x0000000008000a50                FMC_IRQHandler
                0x0000000008000a50                FDCAN_CAL_IRQHandler
                0x0000000008000a50                SWPMI1_IRQHandler
                0x0000000008000a50                COMP1_IRQHandler
                0x0000000008000a50                LPTIM1_IRQHandler
                0x0000000008000a50                DCMI_PSSI_IRQHandler
                0x0000000008000a50                I2C4_ER_IRQHandler
                0x0000000008000a50                DMA2_Stream6_IRQHandler
                0x0000000008000a50                SAI1_IRQHandler
                0x0000000008000a50                DMA1_Stream3_IRQHandler
 *fill*         0x0000000008000a52        0x2 
 .text.HAL_Init
                0x0000000008000a54       0x78 ./Drivers/STM32H7xx_HAL_Driver/Src/stm32h7xx_hal.o
                0x0000000008000a54                HAL_Init
 .text.HAL_InitTick
                0x0000000008000acc       0x6c ./Drivers/STM32H7xx_HAL_Driver/Src/stm32h7xx_hal.o
                0x0000000008000acc                HAL_InitTick
 .text.HAL_IncTick
                0x0000000008000b38       0x28 ./Drivers/STM32H7xx_HAL_Driver/Src/stm32h7xx_hal.o
                0x0000000008000b38                HAL_IncTick
 .text.HAL_GetTick
                0x0000000008000b60       0x18 ./Drivers/STM32H7xx_HAL_Driver/Src/stm32h7xx_hal.o
                0x0000000008000b60                HAL_GetTick
 .text.__NVIC_SetPriorityGrouping
                0x0000000008000b78       0x48 ./Drivers/STM32H7xx_HAL_Driver/Src/stm32h7xx_hal_cortex.o
 .text.__NVIC_GetPriorityGrouping
                0x0000000008000bc0       0x1c ./Drivers/STM32H7xx_HAL_Driver/Src/stm32h7xx_hal_cortex.o
 .text.__NVIC_EnableIRQ
                0x0000000008000bdc       0x3c ./Drivers/STM32H7xx_HAL_Driver/Src/stm32h7xx_hal_cortex.o
 .text.__NVIC_SetPriority
                0x0000000008000c18       0x54 ./Drivers/STM32H7xx_HAL_Driver/Src/stm32h7xx_hal_cortex.o
 .text.NVIC_EncodePriority
                0x0000000008000c6c       0x66 ./Drivers/STM32H7xx_HAL_Driver/Src/stm32h7xx_hal_cortex.o
 *fill*         0x0000000008000cd2        0x2 
 .text.SysTick_Config
                0x0000000008000cd4       0x44 ./Drivers/STM32H7xx_HAL_Driver/Src/stm32h7xx_hal_cortex.o
 .text.HAL_NVIC_SetPriorityGrouping
                0x0000000008000d18       0x16 ./Drivers/STM32H7xx_HAL_Driver/Src/stm32h7xx_hal_cortex.o
                0x0000000008000d18                HAL_NVIC_SetPriorityGrouping
 .text.HAL_NVIC_SetPriority
                0x0000000008000d2e       0x34 ./Drivers/STM32H7xx_HAL_Driver/Src/stm32h7xx_hal_cortex.o
                0x0000000008000d2e                HAL_NVIC_SetPriority
 .text.HAL_NVIC_EnableIRQ
                0x0000000008000d62       0x1c ./Drivers/STM32H7xx_HAL_Driver/Src/stm32h7xx_hal_cortex.o
                0x0000000008000d62                HAL_NVIC_EnableIRQ
 .text.HAL_SYSTICK_Config
                0x0000000008000d7e       0x18 ./Drivers/STM32H7xx_HAL_Driver/Src/stm32h7xx_hal_cortex.o
                0x0000000008000d7e                HAL_SYSTICK_Config
 *fill*         0x0000000008000d96        0x2 
 .text.HAL_GPIO_Init
                0x0000000008000d98      0x350 ./Drivers/STM32H7xx_HAL_Driver/Src/stm32h7xx_hal_gpio.o
                0x0000000008000d98                HAL_GPIO_Init
 .text.HAL_PWREx_ConfigSupply
                0x00000000080010e8       0x74 ./Drivers/STM32H7xx_HAL_Driver/Src/stm32h7xx_hal_pwr_ex.o
                0x00000000080010e8                HAL_PWREx_ConfigSupply
 .text.HAL_RCC_OscConfig
                0x000000000800115c      0x7b4 ./Drivers/STM32H7xx_HAL_Driver/Src/stm32h7xx_hal_rcc.o
                0x000000000800115c                HAL_RCC_OscConfig
 .text.HAL_RCC_ClockConfig
                0x0000000008001910      0x36c ./Drivers/STM32H7xx_HAL_Driver/Src/stm32h7xx_hal_rcc.o
                0x0000000008001910                HAL_RCC_ClockConfig
 .text.HAL_RCC_GetSysClockFreq
                0x0000000008001c7c      0x2f4 ./Drivers/STM32H7xx_HAL_Driver/Src/stm32h7xx_hal_rcc.o
                0x0000000008001c7c                HAL_RCC_GetSysClockFreq
 .text.HAL_TIM_Encoder_Init
                0x0000000008001f70      0x14c ./Drivers/STM32H7xx_HAL_Driver/Src/stm32h7xx_hal_tim.o
                0x0000000008001f70                HAL_TIM_Encoder_Init
 .text.HAL_TIM_Encoder_Start_IT
                0x00000000080020bc      0x15c ./Drivers/STM32H7xx_HAL_Driver/Src/stm32h7xx_hal_tim.o
                0x00000000080020bc                HAL_TIM_Encoder_Start_IT
 .text.HAL_TIM_IRQHandler
                0x0000000008002218      0x23e ./Drivers/STM32H7xx_HAL_Driver/Src/stm32h7xx_hal_tim.o
                0x0000000008002218                HAL_TIM_IRQHandler
 .text.HAL_TIM_PeriodElapsedCallback
                0x0000000008002456       0x14 ./Drivers/STM32H7xx_HAL_Driver/Src/stm32h7xx_hal_tim.o
                0x0000000008002456                HAL_TIM_PeriodElapsedCallback
 .text.HAL_TIM_OC_DelayElapsedCallback
                0x000000000800246a       0x14 ./Drivers/STM32H7xx_HAL_Driver/Src/stm32h7xx_hal_tim.o
                0x000000000800246a                HAL_TIM_OC_DelayElapsedCallback
 .text.HAL_TIM_PWM_PulseFinishedCallback
                0x000000000800247e       0x14 ./Drivers/STM32H7xx_HAL_Driver/Src/stm32h7xx_hal_tim.o
                0x000000000800247e                HAL_TIM_PWM_PulseFinishedCallback
 .text.HAL_TIM_TriggerCallback
                0x0000000008002492       0x14 ./Drivers/STM32H7xx_HAL_Driver/Src/stm32h7xx_hal_tim.o
                0x0000000008002492                HAL_TIM_TriggerCallback
 *fill*         0x00000000080024a6        0x2 
 .text.TIM_Base_SetConfig
                0x00000000080024a8      0x14c ./Drivers/STM32H7xx_HAL_Driver/Src/stm32h7xx_hal_tim.o
                0x00000000080024a8                TIM_Base_SetConfig
 .text.TIM_CCxChannelCmd
                0x00000000080025f4       0x4a ./Drivers/STM32H7xx_HAL_Driver/Src/stm32h7xx_hal_tim.o
                0x00000000080025f4                TIM_CCxChannelCmd
 *fill*         0x000000000800263e        0x2 
 .text.HAL_TIMEx_MasterConfigSynchronization
                0x0000000008002640      0x138 ./Drivers/STM32H7xx_HAL_Driver/Src/stm32h7xx_hal_tim_ex.o
                0x0000000008002640                HAL_TIMEx_MasterConfigSynchronization
 .text.HAL_TIMEx_CommutCallback
                0x0000000008002778       0x14 ./Drivers/STM32H7xx_HAL_Driver/Src/stm32h7xx_hal_tim_ex.o
                0x0000000008002778                HAL_TIMEx_CommutCallback
 .text.HAL_TIMEx_BreakCallback
                0x000000000800278c       0x14 ./Drivers/STM32H7xx_HAL_Driver/Src/stm32h7xx_hal_tim_ex.o
                0x000000000800278c                HAL_TIMEx_BreakCallback
 .text.HAL_TIMEx_Break2Callback
                0x00000000080027a0       0x14 ./Drivers/STM32H7xx_HAL_Driver/Src/stm32h7xx_hal_tim_ex.o
                0x00000000080027a0                HAL_TIMEx_Break2Callback
 .text.memset   0x00000000080027b4       0x10 C:/ST/STM32CubeIDE_1.12.0/STM32CubeIDE/plugins/com.st.stm32cube.ide.mcu.externaltools.gnu-tools-for-stm32.11.3.rel1.win32_1.1.100.202309141235/tools/bin/../lib/gcc/arm-none-eabi/11.3.1/../../../../arm-none-eabi/lib/thumb/v7e-m+dp/hard\libc_nano.a(libc_a-memset.o)
                0x00000000080027b4                memset
 .text.__libc_init_array
                0x00000000080027c4       0x48 C:/ST/STM32CubeIDE_1.12.0/STM32CubeIDE/plugins/com.st.stm32cube.ide.mcu.externaltools.gnu-tools-for-stm32.11.3.rel1.win32_1.1.100.202309141235/tools/bin/../lib/gcc/arm-none-eabi/11.3.1/../../../../arm-none-eabi/lib/thumb/v7e-m+dp/hard\libc_nano.a(libc_a-init.o)
                0x00000000080027c4                __libc_init_array
 *(.glue_7)
 .glue_7        0x000000000800280c        0x0 linker stubs
 *(.glue_7t)
 .glue_7t       0x000000000800280c        0x0 linker stubs
 *(.eh_frame)
 .eh_frame      0x000000000800280c        0x0 C:/ST/STM32CubeIDE_1.12.0/STM32CubeIDE/plugins/com.st.stm32cube.ide.mcu.externaltools.gnu-tools-for-stm32.11.3.rel1.win32_1.1.100.202309141235/tools/bin/../lib/gcc/arm-none-eabi/11.3.1/thumb/v7e-m+dp/hard/crtbegin.o
 *(.init)
 .init          0x000000000800280c        0x4 C:/ST/STM32CubeIDE_1.12.0/STM32CubeIDE/plugins/com.st.stm32cube.ide.mcu.externaltools.gnu-tools-for-stm32.11.3.rel1.win32_1.1.100.202309141235/tools/bin/../lib/gcc/arm-none-eabi/11.3.1/thumb/v7e-m+dp/hard/crti.o
                0x000000000800280c                _init
 .init          0x0000000008002810        0x8 C:/ST/STM32CubeIDE_1.12.0/STM32CubeIDE/plugins/com.st.stm32cube.ide.mcu.externaltools.gnu-tools-for-stm32.11.3.rel1.win32_1.1.100.202309141235/tools/bin/../lib/gcc/arm-none-eabi/11.3.1/thumb/v7e-m+dp/hard/crtn.o
 *(.fini)
 .fini          0x0000000008002818        0x4 C:/ST/STM32CubeIDE_1.12.0/STM32CubeIDE/plugins/com.st.stm32cube.ide.mcu.externaltools.gnu-tools-for-stm32.11.3.rel1.win32_1.1.100.202309141235/tools/bin/../lib/gcc/arm-none-eabi/11.3.1/thumb/v7e-m+dp/hard/crti.o
                0x0000000008002818                _fini
 .fini          0x000000000800281c        0x8 C:/ST/STM32CubeIDE_1.12.0/STM32CubeIDE/plugins/com.st.stm32cube.ide.mcu.externaltools.gnu-tools-for-stm32.11.3.rel1.win32_1.1.100.202309141235/tools/bin/../lib/gcc/arm-none-eabi/11.3.1/thumb/v7e-m+dp/hard/crtn.o
                0x0000000008002824                . = ALIGN (0x4)
                0x0000000008002824                _etext = .

.vfp11_veneer   0x0000000008002824        0x0
 .vfp11_veneer  0x0000000008002824        0x0 linker stubs

.v4_bx          0x0000000008002824        0x0
 .v4_bx         0x0000000008002824        0x0 linker stubs

.iplt           0x0000000008002824        0x0
 .iplt          0x0000000008002824        0x0 C:/ST/STM32CubeIDE_1.12.0/STM32CubeIDE/plugins/com.st.stm32cube.ide.mcu.externaltools.gnu-tools-for-stm32.11.3.rel1.win32_1.1.100.202309141235/tools/bin/../lib/gcc/arm-none-eabi/11.3.1/thumb/v7e-m+dp/hard/crtbegin.o

.rodata         0x0000000008002824       0x10
                0x0000000008002824                . = ALIGN (0x4)
 *(.rodata)
 *(.rodata*)
 .rodata.D1CorePrescTable
                0x0000000008002824       0x10 ./Core/Src/system_stm32h7xx.o
                0x0000000008002824                D1CorePrescTable
                0x0000000008002834                . = ALIGN (0x4)

.rel.dyn        0x0000000008002834        0x0
 .rel.iplt      0x0000000008002834        0x0 C:/ST/STM32CubeIDE_1.12.0/STM32CubeIDE/plugins/com.st.stm32cube.ide.mcu.externaltools.gnu-tools-for-stm32.11.3.rel1.win32_1.1.100.202309141235/tools/bin/../lib/gcc/arm-none-eabi/11.3.1/thumb/v7e-m+dp/hard/crtbegin.o

.ARM.extab
 *(.ARM.extab* .gnu.linkonce.armextab.*)

.ARM            0x0000000008002834        0x0
                0x0000000008002834                __exidx_start = .
 *(.ARM.exidx*)
                0x0000000008002834                __exidx_end = .

.preinit_array  0x0000000008002834        0x0
                0x0000000008002834                PROVIDE (__preinit_array_start = .)
 *(.preinit_array*)
                0x0000000008002834                PROVIDE (__preinit_array_end = .)

.init_array     0x0000000008002834        0x4
                0x0000000008002834                PROVIDE (__init_array_start = .)
 *(SORT_BY_NAME(.init_array.*))
 *(.init_array*)
 .init_array    0x0000000008002834        0x4 C:/ST/STM32CubeIDE_1.12.0/STM32CubeIDE/plugins/com.st.stm32cube.ide.mcu.externaltools.gnu-tools-for-stm32.11.3.rel1.win32_1.1.100.202309141235/tools/bin/../lib/gcc/arm-none-eabi/11.3.1/thumb/v7e-m+dp/hard/crtbegin.o
                0x0000000008002838                PROVIDE (__init_array_end = .)

.fini_array     0x0000000008002838        0x4
                [!provide]                        PROVIDE (__fini_array_start = .)
 *(SORT_BY_NAME(.fini_array.*))
 *(.fini_array*)
 .fini_array    0x0000000008002838        0x4 C:/ST/STM32CubeIDE_1.12.0/STM32CubeIDE/plugins/com.st.stm32cube.ide.mcu.externaltools.gnu-tools-for-stm32.11.3.rel1.win32_1.1.100.202309141235/tools/bin/../lib/gcc/arm-none-eabi/11.3.1/thumb/v7e-m+dp/hard/crtbegin.o
                [!provide]                        PROVIDE (__fini_array_end = .)
                0x000000000800283c                _sidata = LOADADDR (.data)

.data           0x0000000024000000       0x10 load address 0x000000000800283c
                0x0000000024000000                . = ALIGN (0x4)
                0x0000000024000000                _sdata = .
 *(.data)
 *(.data*)
 .data.SystemCoreClock
                0x0000000024000000        0x4 ./Core/Src/system_stm32h7xx.o
                0x0000000024000000                SystemCoreClock
 .data.SystemD2Clock
                0x0000000024000004        0x4 ./Core/Src/system_stm32h7xx.o
                0x0000000024000004                SystemD2Clock
 .data.uwTickPrio
                0x0000000024000008        0x4 ./Drivers/STM32H7xx_HAL_Driver/Src/stm32h7xx_hal.o
                0x0000000024000008                uwTickPrio
 .data.uwTickFreq
                0x000000002400000c        0x1 ./Drivers/STM32H7xx_HAL_Driver/Src/stm32h7xx_hal.o
                0x000000002400000c                uwTickFreq
 *(.RamFunc)
 *(.RamFunc*)
                0x0000000024000010                . = ALIGN (0x4)
 *fill*         0x000000002400000d        0x3 
                0x0000000024000010                _edata = .

.igot.plt       0x0000000024000010        0x0 load address 0x000000000800284c
 .igot.plt      0x0000000024000010        0x0 C:/ST/STM32CubeIDE_1.12.0/STM32CubeIDE/plugins/com.st.stm32cube.ide.mcu.externaltools.gnu-tools-for-stm32.11.3.rel1.win32_1.1.100.202309141235/tools/bin/../lib/gcc/arm-none-eabi/11.3.1/thumb/v7e-m+dp/hard/crtbegin.o
                0x0000000024000010                . = ALIGN (0x4)

.bss            0x0000000024000010       0xdc load address 0x000000000800284c
                0x0000000024000010                _sbss = .
                0x0000000024000010                __bss_start__ = _sbss
 *(.bss)
 .bss           0x0000000024000010       0x1c C:/ST/STM32CubeIDE_1.12.0/STM32CubeIDE/plugins/com.st.stm32cube.ide.mcu.externaltools.gnu-tools-for-stm32.11.3.rel1.win32_1.1.100.202309141235/tools/bin/../lib/gcc/arm-none-eabi/11.3.1/thumb/v7e-m+dp/hard/crtbegin.o
 *(.bss*)
 .bss.htim3     0x000000002400002c       0x4c ./Core/Src/main.o
                0x000000002400002c                htim3
 .bss.htim4     0x0000000024000078       0x4c ./Core/Src/main.o
                0x0000000024000078                htim4
 .bss.counter_tim3
                0x00000000240000c4        0x4 ./Core/Src/main.o
                0x00000000240000c4                counter_tim3
 .bss.counter_tim4
                0x00000000240000c8        0x4 ./Core/Src/main.o
                0x00000000240000c8                counter_tim4
 .bss.count_tim3
                0x00000000240000cc        0x2 ./Core/Src/main.o
                0x00000000240000cc                count_tim3
 .bss.count_tim4
                0x00000000240000ce        0x2 ./Core/Src/main.o
                0x00000000240000ce                count_tim4
 .bss.position_tim3
                0x00000000240000d0        0x2 ./Core/Src/main.o
                0x00000000240000d0                position_tim3
 .bss.position_tim4
                0x00000000240000d2        0x2 ./Core/Src/main.o
                0x00000000240000d2                position_tim4
 .bss.speed3    0x00000000240000d4        0x4 ./Core/Src/main.o
                0x00000000240000d4                speed3
 .bss.speed4    0x00000000240000d8        0x4 ./Core/Src/main.o
                0x00000000240000d8                speed4
 .bss.oldpos3   0x00000000240000dc        0x2 ./Core/Src/stm32h7xx_it.o
                0x00000000240000dc                oldpos3
 .bss.oldpos4   0x00000000240000de        0x2 ./Core/Src/stm32h7xx_it.o
                0x00000000240000de                oldpos4
 .bss.indx3     0x00000000240000e0        0x4 ./Core/Src/stm32h7xx_it.o
                0x00000000240000e0                indx3
 .bss.indx4     0x00000000240000e4        0x4 ./Core/Src/stm32h7xx_it.o
                0x00000000240000e4                indx4
 .bss.uwTick    0x00000000240000e8        0x4 ./Drivers/STM32H7xx_HAL_Driver/Src/stm32h7xx_hal.o
                0x00000000240000e8                uwTick
 *(COMMON)
                0x00000000240000ec                . = ALIGN (0x4)
                0x00000000240000ec                _ebss = .
                0x00000000240000ec                __bss_end__ = _ebss

._user_heap_stack
                0x00000000240000ec      0x604 load address 0x000000000800284c
                0x00000000240000f0                . = ALIGN (0x8)
 *fill*         0x00000000240000ec        0x4 
                [!provide]                        PROVIDE (end = .)
                0x00000000240000f0                PROVIDE (_end = .)
                0x00000000240002f0                . = (. + _Min_Heap_Size)
 *fill*         0x00000000240000f0      0x200 
                0x00000000240006f0                . = (. + _Min_Stack_Size)
 *fill*         0x00000000240002f0      0x400 
                0x00000000240006f0                . = ALIGN (0x8)

/DISCARD/
 libc.a(*)
 libm.a(*)
 libgcc.a(*)

.ARM.attributes
                0x0000000000000000       0x2e
 *(.ARM.attributes)
 .ARM.attributes
                0x0000000000000000       0x1e C:/ST/STM32CubeIDE_1.12.0/STM32CubeIDE/plugins/com.st.stm32cube.ide.mcu.externaltools.gnu-tools-for-stm32.11.3.rel1.win32_1.1.100.202309141235/tools/bin/../lib/gcc/arm-none-eabi/11.3.1/thumb/v7e-m+dp/hard/crti.o
 .ARM.attributes
                0x000000000000001e       0x32 C:/ST/STM32CubeIDE_1.12.0/STM32CubeIDE/plugins/com.st.stm32cube.ide.mcu.externaltools.gnu-tools-for-stm32.11.3.rel1.win32_1.1.100.202309141235/tools/bin/../lib/gcc/arm-none-eabi/11.3.1/thumb/v7e-m+dp/hard/crtbegin.o
 .ARM.attributes
                0x0000000000000050       0x32 ./Core/Src/main.o
 .ARM.attributes
                0x0000000000000082       0x32 ./Core/Src/stm32h7xx_hal_msp.o
 .ARM.attributes
                0x00000000000000b4       0x32 ./Core/Src/stm32h7xx_it.o
 .ARM.attributes
                0x00000000000000e6       0x32 ./Core/Src/system_stm32h7xx.o
 .ARM.attributes
                0x0000000000000118       0x21 ./Core/Startup/startup_stm32h723zgtx.o
 .ARM.attributes
                0x0000000000000139       0x32 ./Drivers/STM32H7xx_HAL_Driver/Src/stm32h7xx_hal.o
 .ARM.attributes
                0x000000000000016b       0x32 ./Drivers/STM32H7xx_HAL_Driver/Src/stm32h7xx_hal_cortex.o
 .ARM.attributes
                0x000000000000019d       0x32 ./Drivers/STM32H7xx_HAL_Driver/Src/stm32h7xx_hal_gpio.o
 .ARM.attributes
                0x00000000000001cf       0x32 ./Drivers/STM32H7xx_HAL_Driver/Src/stm32h7xx_hal_pwr_ex.o
 .ARM.attributes
                0x0000000000000201       0x32 ./Drivers/STM32H7xx_HAL_Driver/Src/stm32h7xx_hal_rcc.o
 .ARM.attributes
                0x0000000000000233       0x32 ./Drivers/STM32H7xx_HAL_Driver/Src/stm32h7xx_hal_tim.o
 .ARM.attributes
                0x0000000000000265       0x32 ./Drivers/STM32H7xx_HAL_Driver/Src/stm32h7xx_hal_tim_ex.o
 .ARM.attributes
                0x0000000000000297       0x32 C:/ST/STM32CubeIDE_1.12.0/STM32CubeIDE/plugins/com.st.stm32cube.ide.mcu.externaltools.gnu-tools-for-stm32.11.3.rel1.win32_1.1.100.202309141235/tools/bin/../lib/gcc/arm-none-eabi/11.3.1/../../../../arm-none-eabi/lib/thumb/v7e-m+dp/hard\libc_nano.a(libc_a-memset.o)
 .ARM.attributes
                0x00000000000002c9       0x32 C:/ST/STM32CubeIDE_1.12.0/STM32CubeIDE/plugins/com.st.stm32cube.ide.mcu.externaltools.gnu-tools-for-stm32.11.3.rel1.win32_1.1.100.202309141235/tools/bin/../lib/gcc/arm-none-eabi/11.3.1/../../../../arm-none-eabi/lib/thumb/v7e-m+dp/hard\libc_nano.a(libc_a-init.o)
 .ARM.attributes
                0x00000000000002fb       0x1e C:/ST/STM32CubeIDE_1.12.0/STM32CubeIDE/plugins/com.st.stm32cube.ide.mcu.externaltools.gnu-tools-for-stm32.11.3.rel1.win32_1.1.100.202309141235/tools/bin/../lib/gcc/arm-none-eabi/11.3.1/thumb/v7e-m+dp/hard/crtn.o
OUTPUT(encoder.elf elf32-littlearm)
LOAD linker stubs
LOAD C:/ST/STM32CubeIDE_1.12.0/STM32CubeIDE/plugins/com.st.stm32cube.ide.mcu.externaltools.gnu-tools-for-stm32.11.3.rel1.win32_1.1.100.202309141235/tools/bin/../lib/gcc/arm-none-eabi/11.3.1/../../../../arm-none-eabi/lib/thumb/v7e-m+dp/hard\libc.a
LOAD C:/ST/STM32CubeIDE_1.12.0/STM32CubeIDE/plugins/com.st.stm32cube.ide.mcu.externaltools.gnu-tools-for-stm32.11.3.rel1.win32_1.1.100.202309141235/tools/bin/../lib/gcc/arm-none-eabi/11.3.1/../../../../arm-none-eabi/lib/thumb/v7e-m+dp/hard\libm.a
LOAD C:/ST/STM32CubeIDE_1.12.0/STM32CubeIDE/plugins/com.st.stm32cube.ide.mcu.externaltools.gnu-tools-for-stm32.11.3.rel1.win32_1.1.100.202309141235/tools/bin/../lib/gcc/arm-none-eabi/11.3.1/thumb/v7e-m+dp/hard\libgcc.a

.comment        0x0000000000000000       0x43
 .comment       0x0000000000000000       0x43 C:/ST/STM32CubeIDE_1.12.0/STM32CubeIDE/plugins/com.st.stm32cube.ide.mcu.externaltools.gnu-tools-for-stm32.11.3.rel1.win32_1.1.100.202309141235/tools/bin/../lib/gcc/arm-none-eabi/11.3.1/thumb/v7e-m+dp/hard/crtbegin.o
                                         0x44 (size before relaxing)
 .comment       0x0000000000000043       0x44 ./Core/Src/main.o
 .comment       0x0000000000000043       0x44 ./Core/Src/stm32h7xx_hal_msp.o
 .comment       0x0000000000000043       0x44 ./Core/Src/stm32h7xx_it.o
 .comment       0x0000000000000043       0x44 ./Core/Src/system_stm32h7xx.o
 .comment       0x0000000000000043       0x44 ./Drivers/STM32H7xx_HAL_Driver/Src/stm32h7xx_hal.o
 .comment       0x0000000000000043       0x44 ./Drivers/STM32H7xx_HAL_Driver/Src/stm32h7xx_hal_cortex.o
 .comment       0x0000000000000043       0x44 ./Drivers/STM32H7xx_HAL_Driver/Src/stm32h7xx_hal_gpio.o
 .comment       0x0000000000000043       0x44 ./Drivers/STM32H7xx_HAL_Driver/Src/stm32h7xx_hal_pwr_ex.o
 .comment       0x0000000000000043       0x44 ./Drivers/STM32H7xx_HAL_Driver/Src/stm32h7xx_hal_rcc.o
 .comment       0x0000000000000043       0x44 ./Drivers/STM32H7xx_HAL_Driver/Src/stm32h7xx_hal_tim.o
 .comment       0x0000000000000043       0x44 ./Drivers/STM32H7xx_HAL_Driver/Src/stm32h7xx_hal_tim_ex.o

.debug_info     0x0000000000000000     0xc99e
 .debug_info    0x0000000000000000     0x118e ./Core/Src/main.o
 .debug_info    0x000000000000118e     0x1135 ./Core/Src/stm32h7xx_hal_msp.o
 .debug_info    0x00000000000022c3      0x8bf ./Core/Src/stm32h7xx_it.o
 .debug_info    0x0000000000002b82      0xb2e ./Core/Src/system_stm32h7xx.o
 .debug_info    0x00000000000036b0       0x23 ./Core/Startup/startup_stm32h723zgtx.o
 .debug_info    0x00000000000036d3     0x1698 ./Drivers/STM32H7xx_HAL_Driver/Src/stm32h7xx_hal.o
 .debug_info    0x0000000000004d6b     0x1054 ./Drivers/STM32H7xx_HAL_Driver/Src/stm32h7xx_hal_cortex.o
 .debug_info    0x0000000000005dbf      0xc5c ./Drivers/STM32H7xx_HAL_Driver/Src/stm32h7xx_hal_gpio.o
 .debug_info    0x0000000000006a1b      0xdc4 ./Drivers/STM32H7xx_HAL_Driver/Src/stm32h7xx_hal_pwr_ex.o
 .debug_info    0x00000000000077df      0xd73 ./Drivers/STM32H7xx_HAL_Driver/Src/stm32h7xx_hal_rcc.o
 .debug_info    0x0000000000008552     0x2b8b ./Drivers/STM32H7xx_HAL_Driver/Src/stm32h7xx_hal_tim.o
 .debug_info    0x000000000000b0dd     0x18c1 ./Drivers/STM32H7xx_HAL_Driver/Src/stm32h7xx_hal_tim_ex.o

.debug_abbrev   0x0000000000000000     0x19ac
 .debug_abbrev  0x0000000000000000      0x2a4 ./Core/Src/main.o
 .debug_abbrev  0x00000000000002a4      0x1f0 ./Core/Src/stm32h7xx_hal_msp.o
 .debug_abbrev  0x0000000000000494      0x1a5 ./Core/Src/stm32h7xx_it.o
 .debug_abbrev  0x0000000000000639      0x13a ./Core/Src/system_stm32h7xx.o
 .debug_abbrev  0x0000000000000773       0x12 ./Core/Startup/startup_stm32h723zgtx.o
 .debug_abbrev  0x0000000000000785      0x29e ./Drivers/STM32H7xx_HAL_Driver/Src/stm32h7xx_hal.o
 .debug_abbrev  0x0000000000000a23      0x339 ./Drivers/STM32H7xx_HAL_Driver/Src/stm32h7xx_hal_cortex.o
 .debug_abbrev  0x0000000000000d5c      0x1fe ./Drivers/STM32H7xx_HAL_Driver/Src/stm32h7xx_hal_gpio.o
 .debug_abbrev  0x0000000000000f5a      0x295 ./Drivers/STM32H7xx_HAL_Driver/Src/stm32h7xx_hal_pwr_ex.o
 .debug_abbrev  0x00000000000011ef      0x2b1 ./Drivers/STM32H7xx_HAL_Driver/Src/stm32h7xx_hal_rcc.o
 .debug_abbrev  0x00000000000014a0      0x276 ./Drivers/STM32H7xx_HAL_Driver/Src/stm32h7xx_hal_tim.o
 .debug_abbrev  0x0000000000001716      0x296 ./Drivers/STM32H7xx_HAL_Driver/Src/stm32h7xx_hal_tim_ex.o

.debug_aranges  0x0000000000000000      0xbc8
 .debug_aranges
                0x0000000000000000       0x50 ./Core/Src/main.o
 .debug_aranges
                0x0000000000000050       0x30 ./Core/Src/stm32h7xx_hal_msp.o
 .debug_aranges
                0x0000000000000080       0x70 ./Core/Src/stm32h7xx_it.o
 .debug_aranges
                0x00000000000000f0       0x28 ./Core/Src/system_stm32h7xx.o
 .debug_aranges
                0x0000000000000118       0x28 ./Core/Startup/startup_stm32h723zgtx.o
 .debug_aranges
                0x0000000000000140      0x1c8 ./Drivers/STM32H7xx_HAL_Driver/Src/stm32h7xx_hal.o
 .debug_aranges
                0x0000000000000308      0x120 ./Drivers/STM32H7xx_HAL_Driver/Src/stm32h7xx_hal_cortex.o
 .debug_aranges
                0x0000000000000428       0x58 ./Drivers/STM32H7xx_HAL_Driver/Src/stm32h7xx_hal_gpio.o
 .debug_aranges
                0x0000000000000480      0x148 ./Drivers/STM32H7xx_HAL_Driver/Src/stm32h7xx_hal_pwr_ex.o
 .debug_aranges
                0x00000000000005c8       0x88 ./Drivers/STM32H7xx_HAL_Driver/Src/stm32h7xx_hal_rcc.o
 .debug_aranges
                0x0000000000000650      0x3e0 ./Drivers/STM32H7xx_HAL_Driver/Src/stm32h7xx_hal_tim.o
 .debug_aranges
                0x0000000000000a30      0x198 ./Drivers/STM32H7xx_HAL_Driver/Src/stm32h7xx_hal_tim_ex.o

.debug_rnglists
                0x0000000000000000      0x919
 .debug_rnglists
                0x0000000000000000       0x3c ./Core/Src/main.o
 .debug_rnglists
                0x000000000000003c       0x20 ./Core/Src/stm32h7xx_hal_msp.o
 .debug_rnglists
                0x000000000000005c       0x50 ./Core/Src/stm32h7xx_it.o
 .debug_rnglists
                0x00000000000000ac       0x1b ./Core/Src/system_stm32h7xx.o
 .debug_rnglists
                0x00000000000000c7       0x19 ./Core/Startup/startup_stm32h723zgtx.o
 .debug_rnglists
                0x00000000000000e0      0x155 ./Drivers/STM32H7xx_HAL_Driver/Src/stm32h7xx_hal.o
 .debug_rnglists
                0x0000000000000235       0xd4 ./Drivers/STM32H7xx_HAL_Driver/Src/stm32h7xx_hal_cortex.o
 .debug_rnglists
                0x0000000000000309       0x3f ./Drivers/STM32H7xx_HAL_Driver/Src/stm32h7xx_hal_gpio.o
 .debug_rnglists
                0x0000000000000348       0xf4 ./Drivers/STM32H7xx_HAL_Driver/Src/stm32h7xx_hal_pwr_ex.o
 .debug_rnglists
                0x000000000000043c       0x68 ./Drivers/STM32H7xx_HAL_Driver/Src/stm32h7xx_hal_rcc.o
 .debug_rnglists
                0x00000000000004a4      0x328 ./Drivers/STM32H7xx_HAL_Driver/Src/stm32h7xx_hal_tim.o
 .debug_rnglists
                0x00000000000007cc      0x14d ./Drivers/STM32H7xx_HAL_Driver/Src/stm32h7xx_hal_tim_ex.o

.debug_macro    0x0000000000000000    0x31271
 .debug_macro   0x0000000000000000      0x29e ./Core/Src/main.o
 .debug_macro   0x000000000000029e      0xac0 ./Core/Src/main.o
 .debug_macro   0x0000000000000d5e      0x232 ./Core/Src/main.o
 .debug_macro   0x0000000000000f90       0x2e ./Core/Src/main.o
 .debug_macro   0x0000000000000fbe       0x3b ./Core/Src/main.o
 .debug_macro   0x0000000000000ff9       0x22 ./Core/Src/main.o
 .debug_macro   0x000000000000101b       0x8e ./Core/Src/main.o
 .debug_macro   0x00000000000010a9       0x51 ./Core/Src/main.o
 .debug_macro   0x00000000000010fa      0x103 ./Core/Src/main.o
 .debug_macro   0x00000000000011fd       0x6a ./Core/Src/main.o
 .debug_macro   0x0000000000001267      0x1df ./Core/Src/main.o
 .debug_macro   0x0000000000001446       0x1c ./Core/Src/main.o
 .debug_macro   0x0000000000001462       0x22 ./Core/Src/main.o
 .debug_macro   0x0000000000001484       0xfb ./Core/Src/main.o
 .debug_macro   0x000000000000157f     0x1305 ./Core/Src/main.o
 .debug_macro   0x0000000000002884      0x11f ./Core/Src/main.o
 .debug_macro   0x00000000000029a3       0x27 ./Core/Src/main.o
 .debug_macro   0x00000000000029ca    0x211d1 ./Core/Src/main.o
 .debug_macro   0x0000000000023b9b       0x6d ./Core/Src/main.o
 .debug_macro   0x0000000000023c08     0x3d48 ./Core/Src/main.o
 .debug_macro   0x0000000000027950      0x174 ./Core/Src/main.o
 .debug_macro   0x0000000000027ac4       0x61 ./Core/Src/main.o
 .debug_macro   0x0000000000027b25       0x29 ./Core/Src/main.o
 .debug_macro   0x0000000000027b4e       0x43 ./Core/Src/main.o
 .debug_macro   0x0000000000027b91       0x34 ./Core/Src/main.o
 .debug_macro   0x0000000000027bc5       0x16 ./Core/Src/main.o
 .debug_macro   0x0000000000027bdb       0x43 ./Core/Src/main.o
 .debug_macro   0x0000000000027c1e       0x34 ./Core/Src/main.o
 .debug_macro   0x0000000000027c52       0x10 ./Core/Src/main.o
 .debug_macro   0x0000000000027c62       0x58 ./Core/Src/main.o
 .debug_macro   0x0000000000027cba       0x8e ./Core/Src/main.o
 .debug_macro   0x0000000000027d48       0x1c ./Core/Src/main.o
 .debug_macro   0x0000000000027d64      0x177 ./Core/Src/main.o
 .debug_macro   0x0000000000027edb      0x369 ./Core/Src/main.o
 .debug_macro   0x0000000000028244      0x19b ./Core/Src/main.o
 .debug_macro   0x00000000000283df       0x5d ./Core/Src/main.o
 .debug_macro   0x000000000002843c     0x2462 ./Core/Src/main.o
 .debug_macro   0x000000000002a89e     0x1079 ./Core/Src/main.o
 .debug_macro   0x000000000002b917      0x154 ./Core/Src/main.o
 .debug_macro   0x000000000002ba6b      0x114 ./Core/Src/main.o
 .debug_macro   0x000000000002bb7f      0x3f8 ./Core/Src/main.o
 .debug_macro   0x000000000002bf77       0xac ./Core/Src/main.o
 .debug_macro   0x000000000002c023      0x788 ./Core/Src/main.o
 .debug_macro   0x000000000002c7ab      0x228 ./Core/Src/main.o
 .debug_macro   0x000000000002c9d3       0x66 ./Core/Src/main.o
 .debug_macro   0x000000000002ca39      0x3a6 ./Core/Src/main.o
 .debug_macro   0x000000000002cddf      0x3f9 ./Core/Src/main.o
 .debug_macro   0x000000000002d1d8      0x275 ./Core/Src/main.o
 .debug_macro   0x000000000002d44d      0x3ca ./Core/Src/main.o
 .debug_macro   0x000000000002d817      0x45c ./Core/Src/main.o
 .debug_macro   0x000000000002dc73       0x3c ./Core/Src/main.o
 .debug_macro   0x000000000002dcaf       0x4a ./Core/Src/main.o
 .debug_macro   0x000000000002dcf9      0x22c ./Core/Src/main.o
 .debug_macro   0x000000000002df25       0x67 ./Core/Src/main.o
 .debug_macro   0x000000000002df8c       0xa5 ./Core/Src/main.o
 .debug_macro   0x000000000002e031      0x1c4 ./Core/Src/main.o
 .debug_macro   0x000000000002e1f5      0x22a ./Core/Src/main.o
 .debug_macro   0x000000000002e41f       0x35 ./Core/Src/main.o
 .debug_macro   0x000000000002e454      0xb1d ./Core/Src/main.o
 .debug_macro   0x000000000002ef71      0x29f ./Core/Src/main.o
 .debug_macro   0x000000000002f210      0x5e6 ./Core/Src/main.o
 .debug_macro   0x000000000002f7f6      0x29e ./Core/Src/stm32h7xx_hal_msp.o
 .debug_macro   0x000000000002fa94      0x2a8 ./Core/Src/stm32h7xx_it.o
 .debug_macro   0x000000000002fd3c      0x294 ./Core/Src/system_stm32h7xx.o
 .debug_macro   0x000000000002ffd0      0x2be ./Drivers/STM32H7xx_HAL_Driver/Src/stm32h7xx_hal.o
 .debug_macro   0x000000000003028e      0x294 ./Drivers/STM32H7xx_HAL_Driver/Src/stm32h7xx_hal_cortex.o
 .debug_macro   0x0000000000030522      0x29b ./Drivers/STM32H7xx_HAL_Driver/Src/stm32h7xx_hal_gpio.o
 .debug_macro   0x00000000000307bd      0x2cd ./Drivers/STM32H7xx_HAL_Driver/Src/stm32h7xx_hal_pwr_ex.o
 .debug_macro   0x0000000000030a8a      0x2b8 ./Drivers/STM32H7xx_HAL_Driver/Src/stm32h7xx_hal_rcc.o
 .debug_macro   0x0000000000030d42      0x295 ./Drivers/STM32H7xx_HAL_Driver/Src/stm32h7xx_hal_tim.o
 .debug_macro   0x0000000000030fd7      0x29a ./Drivers/STM32H7xx_HAL_Driver/Src/stm32h7xx_hal_tim_ex.o

.debug_line     0x0000000000000000     0xd493
 .debug_line    0x0000000000000000      0xa46 ./Core/Src/main.o
 .debug_line    0x0000000000000a46      0x936 ./Core/Src/stm32h7xx_hal_msp.o
 .debug_line    0x000000000000137c      0x9d4 ./Core/Src/stm32h7xx_it.o
 .debug_line    0x0000000000001d50      0xa56 ./Core/Src/system_stm32h7xx.o
 .debug_line    0x00000000000027a6       0x7a ./Core/Startup/startup_stm32h723zgtx.o
 .debug_line    0x0000000000002820      0xeed ./Drivers/STM32H7xx_HAL_Driver/Src/stm32h7xx_hal.o
 .debug_line    0x000000000000370d      0xe65 ./Drivers/STM32H7xx_HAL_Driver/Src/stm32h7xx_hal_cortex.o
 .debug_line    0x0000000000004572      0xd0e ./Drivers/STM32H7xx_HAL_Driver/Src/stm32h7xx_hal_gpio.o
 .debug_line    0x0000000000005280      0xed4 ./Drivers/STM32H7xx_HAL_Driver/Src/stm32h7xx_hal_pwr_ex.o
 .debug_line    0x0000000000006154     0x1386 ./Drivers/STM32H7xx_HAL_Driver/Src/stm32h7xx_hal_rcc.o
 .debug_line    0x00000000000074da     0x403d ./Drivers/STM32H7xx_HAL_Driver/Src/stm32h7xx_hal_tim.o
 .debug_line    0x000000000000b517     0x1f7c ./Drivers/STM32H7xx_HAL_Driver/Src/stm32h7xx_hal_tim_ex.o

.debug_str      0x0000000000000000   0x14299b
 .debug_str     0x0000000000000000   0x13f2ed ./Core/Src/main.o
                                     0x13f7ed (size before relaxing)
 .debug_str     0x000000000013f2ed      0x897 ./Core/Src/stm32h7xx_hal_msp.o
                                     0x13fca8 (size before relaxing)
 .debug_str     0x000000000013fb84      0x118 ./Core/Src/stm32h7xx_it.o
                                     0x13f2ad (size before relaxing)
 .debug_str     0x000000000013fc9c      0x2ae ./Core/Src/system_stm32h7xx.o
                                     0x13f006 (size before relaxing)
 .debug_str     0x000000000013ff4a       0x34 ./Core/Startup/startup_stm32h723zgtx.o
                                         0x4b (size before relaxing)
 .debug_str     0x000000000013ff7e      0x9b8 ./Drivers/STM32H7xx_HAL_Driver/Src/stm32h7xx_hal.o
                                     0x140090 (size before relaxing)
 .debug_str     0x0000000000140936      0x338 ./Drivers/STM32H7xx_HAL_Driver/Src/stm32h7xx_hal_cortex.o
                                     0x13f972 (size before relaxing)
 .debug_str     0x0000000000140c6e      0x12d ./Drivers/STM32H7xx_HAL_Driver/Src/stm32h7xx_hal_gpio.o
                                     0x13f051 (size before relaxing)
 .debug_str     0x0000000000140d9b      0x5ee ./Drivers/STM32H7xx_HAL_Driver/Src/stm32h7xx_hal_pwr_ex.o
                                     0x13f459 (size before relaxing)
 .debug_str     0x0000000000141389      0x22e ./Drivers/STM32H7xx_HAL_Driver/Src/stm32h7xx_hal_rcc.o
                                     0x13f3d4 (size before relaxing)
 .debug_str     0x00000000001415b7      0xde5 ./Drivers/STM32H7xx_HAL_Driver/Src/stm32h7xx_hal_tim.o
                                     0x1401c2 (size before relaxing)
 .debug_str     0x000000000014239c      0x5ff ./Drivers/STM32H7xx_HAL_Driver/Src/stm32h7xx_hal_tim_ex.o
                                     0x13fb7f (size before relaxing)

.debug_frame    0x0000000000000000     0x3140
 .debug_frame   0x0000000000000000      0x100 ./Core/Src/main.o
 .debug_frame   0x0000000000000100       0x80 ./Core/Src/stm32h7xx_hal_msp.o
 .debug_frame   0x0000000000000180      0x13c ./Core/Src/stm32h7xx_it.o
 .debug_frame   0x00000000000002bc       0x58 ./Core/Src/system_stm32h7xx.o
 .debug_frame   0x0000000000000314      0x760 ./Drivers/STM32H7xx_HAL_Driver/Src/stm32h7xx_hal.o
 .debug_frame   0x0000000000000a74      0x4b8 ./Drivers/STM32H7xx_HAL_Driver/Src/stm32h7xx_hal_cortex.o
 .debug_frame   0x0000000000000f2c      0x14c ./Drivers/STM32H7xx_HAL_Driver/Src/stm32h7xx_hal_gpio.o
 .debug_frame   0x0000000000001078      0x540 ./Drivers/STM32H7xx_HAL_Driver/Src/stm32h7xx_hal_pwr_ex.o
 .debug_frame   0x00000000000015b8      0x1fc ./Drivers/STM32H7xx_HAL_Driver/Src/stm32h7xx_hal_rcc.o
 .debug_frame   0x00000000000017b4     0x121c ./Drivers/STM32H7xx_HAL_Driver/Src/stm32h7xx_hal_tim.o
 .debug_frame   0x00000000000029d0      0x724 ./Drivers/STM32H7xx_HAL_Driver/Src/stm32h7xx_hal_tim_ex.o
 .debug_frame   0x00000000000030f4       0x20 C:/ST/STM32CubeIDE_1.12.0/STM32CubeIDE/plugins/com.st.stm32cube.ide.mcu.externaltools.gnu-tools-for-stm32.11.3.rel1.win32_1.1.100.202309141235/tools/bin/../lib/gcc/arm-none-eabi/11.3.1/../../../../arm-none-eabi/lib/thumb/v7e-m+dp/hard\libc_nano.a(libc_a-memset.o)
 .debug_frame   0x0000000000003114       0x2c C:/ST/STM32CubeIDE_1.12.0/STM32CubeIDE/plugins/com.st.stm32cube.ide.mcu.externaltools.gnu-tools-for-stm32.11.3.rel1.win32_1.1.100.202309141235/tools/bin/../lib/gcc/arm-none-eabi/11.3.1/../../../../arm-none-eabi/lib/thumb/v7e-m+dp/hard\libc_nano.a(libc_a-init.o)

.debug_line_str
                0x0000000000000000       0x3f
 .debug_line_str
                0x0000000000000000       0x3f ./Core/Startup/startup_stm32h723zgtx.o
                                         0x57 (size before relaxing)
