Archive member included to satisfy reference by file (symbol)

C:/ST/STM32CubeIDE_1.16.0/STM32CubeIDE/plugins/com.st.stm32cube.ide.mcu.externaltools.gnu-tools-for-stm32.12.3.rel1.win32_1.0.200.202406191623/tools/bin/../lib/gcc/arm-none-eabi/12.3.1/../../../../arm-none-eabi/lib/thumb/v6-m/nofp\libc_nano.a(libc_a-exit.o)
                              C:/ST/STM32CubeIDE_1.16.0/STM32CubeIDE/plugins/com.st.stm32cube.ide.mcu.externaltools.gnu-tools-for-stm32.12.3.rel1.win32_1.0.200.202406191623/tools/bin/../lib/gcc/arm-none-eabi/12.3.1/../../../../arm-none-eabi/lib/thumb/v6-m/nofp/crt0.o (exit)
C:/ST/STM32CubeIDE_1.16.0/STM32CubeIDE/plugins/com.st.stm32cube.ide.mcu.externaltools.gnu-tools-for-stm32.12.3.rel1.win32_1.0.200.202406191623/tools/bin/../lib/gcc/arm-none-eabi/12.3.1/../../../../arm-none-eabi/lib/thumb/v6-m/nofp\libc_nano.a(libc_a-findfp.o)
                              C:/ST/STM32CubeIDE_1.16.0/STM32CubeIDE/plugins/com.st.stm32cube.ide.mcu.externaltools.gnu-tools-for-stm32.12.3.rel1.win32_1.0.200.202406191623/tools/bin/../lib/gcc/arm-none-eabi/12.3.1/../../../../arm-none-eabi/lib/thumb/v6-m/nofp\libc_nano.a(libc_a-exit.o) (__stdio_exit_handler)
C:/ST/STM32CubeIDE_1.16.0/STM32CubeIDE/plugins/com.st.stm32cube.ide.mcu.externaltools.gnu-tools-for-stm32.12.3.rel1.win32_1.0.200.202406191623/tools/bin/../lib/gcc/arm-none-eabi/12.3.1/../../../../arm-none-eabi/lib/thumb/v6-m/nofp\libc_nano.a(libc_a-fwalk.o)
                              C:/ST/STM32CubeIDE_1.16.0/STM32CubeIDE/plugins/com.st.stm32cube.ide.mcu.externaltools.gnu-tools-for-stm32.12.3.rel1.win32_1.0.200.202406191623/tools/bin/../lib/gcc/arm-none-eabi/12.3.1/../../../../arm-none-eabi/lib/thumb/v6-m/nofp\libc_nano.a(libc_a-findfp.o) (_fwalk_sglue)
C:/ST/STM32CubeIDE_1.16.0/STM32CubeIDE/plugins/com.st.stm32cube.ide.mcu.externaltools.gnu-tools-for-stm32.12.3.rel1.win32_1.0.200.202406191623/tools/bin/../lib/gcc/arm-none-eabi/12.3.1/../../../../arm-none-eabi/lib/thumb/v6-m/nofp\libc_nano.a(libc_a-stdio.o)
                              C:/ST/STM32CubeIDE_1.16.0/STM32CubeIDE/plugins/com.st.stm32cube.ide.mcu.externaltools.gnu-tools-for-stm32.12.3.rel1.win32_1.0.200.202406191623/tools/bin/../lib/gcc/arm-none-eabi/12.3.1/../../../../arm-none-eabi/lib/thumb/v6-m/nofp\libc_nano.a(libc_a-findfp.o) (__sread)
C:/ST/STM32CubeIDE_1.16.0/STM32CubeIDE/plugins/com.st.stm32cube.ide.mcu.externaltools.gnu-tools-for-stm32.12.3.rel1.win32_1.0.200.202406191623/tools/bin/../lib/gcc/arm-none-eabi/12.3.1/../../../../arm-none-eabi/lib/thumb/v6-m/nofp\libc_nano.a(libc_a-memset.o)
                              C:/ST/STM32CubeIDE_1.16.0/STM32CubeIDE/plugins/com.st.stm32cube.ide.mcu.externaltools.gnu-tools-for-stm32.12.3.rel1.win32_1.0.200.202406191623/tools/bin/../lib/gcc/arm-none-eabi/12.3.1/../../../../arm-none-eabi/lib/thumb/v6-m/nofp/crt0.o (memset)
C:/ST/STM32CubeIDE_1.16.0/STM32CubeIDE/plugins/com.st.stm32cube.ide.mcu.externaltools.gnu-tools-for-stm32.12.3.rel1.win32_1.0.200.202406191623/tools/bin/../lib/gcc/arm-none-eabi/12.3.1/../../../../arm-none-eabi/lib/thumb/v6-m/nofp\libc_nano.a(libc_a-closer.o)
                              C:/ST/STM32CubeIDE_1.16.0/STM32CubeIDE/plugins/com.st.stm32cube.ide.mcu.externaltools.gnu-tools-for-stm32.12.3.rel1.win32_1.0.200.202406191623/tools/bin/../lib/gcc/arm-none-eabi/12.3.1/../../../../arm-none-eabi/lib/thumb/v6-m/nofp\libc_nano.a(libc_a-stdio.o) (_close_r)
C:/ST/STM32CubeIDE_1.16.0/STM32CubeIDE/plugins/com.st.stm32cube.ide.mcu.externaltools.gnu-tools-for-stm32.12.3.rel1.win32_1.0.200.202406191623/tools/bin/../lib/gcc/arm-none-eabi/12.3.1/../../../../arm-none-eabi/lib/thumb/v6-m/nofp\libc_nano.a(libc_a-reent.o)
                              C:/ST/STM32CubeIDE_1.16.0/STM32CubeIDE/plugins/com.st.stm32cube.ide.mcu.externaltools.gnu-tools-for-stm32.12.3.rel1.win32_1.0.200.202406191623/tools/bin/../lib/gcc/arm-none-eabi/12.3.1/../../../../arm-none-eabi/lib/thumb/v6-m/nofp\libc_nano.a(libc_a-closer.o) (errno)
C:/ST/STM32CubeIDE_1.16.0/STM32CubeIDE/plugins/com.st.stm32cube.ide.mcu.externaltools.gnu-tools-for-stm32.12.3.rel1.win32_1.0.200.202406191623/tools/bin/../lib/gcc/arm-none-eabi/12.3.1/../../../../arm-none-eabi/lib/thumb/v6-m/nofp\libc_nano.a(libc_a-impure.o)
                              C:/ST/STM32CubeIDE_1.16.0/STM32CubeIDE/plugins/com.st.stm32cube.ide.mcu.externaltools.gnu-tools-for-stm32.12.3.rel1.win32_1.0.200.202406191623/tools/bin/../lib/gcc/arm-none-eabi/12.3.1/../../../../arm-none-eabi/lib/thumb/v6-m/nofp\libc_nano.a(libc_a-reent.o) (_impure_ptr)
C:/ST/STM32CubeIDE_1.16.0/STM32CubeIDE/plugins/com.st.stm32cube.ide.mcu.externaltools.gnu-tools-for-stm32.12.3.rel1.win32_1.0.200.202406191623/tools/bin/../lib/gcc/arm-none-eabi/12.3.1/../../../../arm-none-eabi/lib/thumb/v6-m/nofp\libc_nano.a(libc_a-lseekr.o)
[...]
Memory Configuration

Name             Origin             Length             Attributes
RAM              0x20000000         0x00001800         xrw
FLASH            0x08000000         0x00008000         xr
*default*        0x00000000         0xffffffff

Linker script and memory map

LOAD C:/ST/STM32CubeIDE_1.16.0/STM32CubeIDE/plugins/com.st.stm32cube.ide.mcu.externaltools.gnu-tools-for-stm32.12.3.rel1.win32_1.0.200.202406191623/tools/bin/../lib/gcc/arm-none-eabi/12.3.1/thumb/v6-m/nofp/crti.o
LOAD C:/ST/STM32CubeIDE_1.16.0/STM32CubeIDE/plugins/com.st.stm32cube.ide.mcu.externaltools.gnu-tools-for-stm32.12.3.rel1.win32_1.0.200.202406191623/tools/bin/../lib/gcc/arm-none-eabi/12.3.1/thumb/v6-m/nofp/crtbegin.o
LOAD C:/ST/STM32CubeIDE_1.16.0/STM32CubeIDE/plugins/com.st.stm32cube.ide.mcu.externaltools.gnu-tools-for-stm32.12.3.rel1.win32_1.0.200.202406191623/tools/bin/../lib/gcc/arm-none-eabi/12.3.1/../../../../arm-none-eabi/lib/thumb/v6-m/nofp/crt0.o
LOAD ./Core/Src/main.o
LOAD ./Core/Src/stm32c0xx_hal_msp.o
LOAD ./Core/Src/stm32c0xx_it.o
LOAD ./Core/Src/syscalls.o
LOAD ./Core/Src/sysmem.o
LOAD ./Core/Src/system_stm32c0xx.o
LOAD ./Core/Startup/startup_stm32c011f6px.o
LOAD ./Drivers/STM32C0xx_HAL_Driver/Src/stm32c0xx_hal.o
LOAD ./Drivers/STM32C0xx_HAL_Driver/Src/stm32c0xx_hal_cortex.o
LOAD ./Drivers/STM32C0xx_HAL_Driver/Src/stm32c0xx_hal_dma.o
LOAD ./Drivers/STM32C0xx_HAL_Driver/Src/stm32c0xx_hal_dma_ex.o
LOAD ./Drivers/STM32C0xx_HAL_Driver/Src/stm32c0xx_hal_exti.o
LOAD ./Drivers/STM32C0xx_HAL_Driver/Src/stm32c0xx_hal_flash.o
LOAD ./Drivers/STM32C0xx_HAL_Driver/Src/stm32c0xx_hal_flash_ex.o
LOAD ./Drivers/STM32C0xx_HAL_Driver/Src/stm32c0xx_hal_gpio.o
LOAD ./Drivers/STM32C0xx_HAL_Driver/Src/stm32c0xx_hal_pwr.o
LOAD ./Drivers/STM32C0xx_HAL_Driver/Src/stm32c0xx_hal_pwr_ex.o
LOAD ./Drivers/STM32C0xx_HAL_Driver/Src/stm32c0xx_hal_rcc.o
LOAD ./Drivers/STM32C0xx_HAL_Driver/Src/stm32c0xx_hal_rcc_ex.o
LOAD ./Drivers/STM32C0xx_HAL_Driver/Src/stm32c0xx_hal_spi.o
LOAD ./Drivers/STM32C0xx_HAL_Driver/Src/stm32c0xx_hal_spi_ex.o
LOAD ./Drivers/STM32C0xx_HAL_Driver/Src/stm32c0xx_hal_tim.o
LOAD ./Drivers/STM32C0xx_HAL_Driver/Src/stm32c0xx_hal_tim_ex.o
START GROUP
LOAD C:/ST/STM32CubeIDE_1.16.0/STM32CubeIDE/plugins/com.st.stm32cube.ide.mcu.externaltools.gnu-tools-for-stm32.12.3.rel1.win32_1.0.200.202406191623/tools/bin/../lib/gcc/arm-none-eabi/12.3.1/../../../../arm-none-eabi/lib/thumb/v6-m/nofp\libc_nano.a
LOAD C:/ST/STM32CubeIDE_1.16.0/STM32CubeIDE/plugins/com.st.stm32cube.ide.mcu.externaltools.gnu-tools-for-stm32.12.3.rel1.win32_1.0.200.202406191623/tools/bin/../lib/gcc/arm-none-eabi/12.3.1/../../../../arm-none-eabi/lib/thumb/v6-m/nofp\libm.a
END GROUP
START GROUP
LOAD C:/ST/STM32CubeIDE_1.16.0/STM32CubeIDE/plugins/com.st.stm32cube.ide.mcu.externaltools.gnu-tools-for-stm32.12.3.rel1.win32_1.0.200.202406191623/tools/bin/../lib/gcc/arm-none-eabi/12.3.1/thumb/v6-m/nofp\libgcc.a
LOAD C:/ST/STM32CubeIDE_1.16.0/STM32CubeIDE/plugins/com.st.stm32cube.ide.mcu.externaltools.gnu-tools-for-stm32.12.3.rel1.win32_1.0.200.202406191623/tools/bin/../lib/gcc/arm-none-eabi/12.3.1/../../../../arm-none-eabi/lib/thumb/v6-m/nofp\libc_nano.a
END GROUP
START GROUP
LOAD C:/ST/STM32CubeIDE_1.16.0/STM32CubeIDE/plugins/com.st.stm32cube.ide.mcu.externaltools.gnu-tools-for-stm32.12.3.rel1.win32_1.0.200.202406191623/tools/bin/../lib/gcc/arm-none-eabi/12.3.1/thumb/v6-m/nofp\libgcc.a
LOAD C:/ST/STM32CubeIDE_1.16.0/STM32CubeIDE/plugins/com.st.stm32cube.ide.mcu.externaltools.gnu-tools-for-stm32.12.3.rel1.win32_1.0.200.202406191623/tools/bin/../lib/gcc/arm-none-eabi/12.3.1/../../../../arm-none-eabi/lib/thumb/v6-m/nofp\libc_nano.a
LOAD C:/ST/STM32CubeIDE_1.16.0/STM32CubeIDE/plugins/com.st.stm32cube.ide.mcu.externaltools.gnu-tools-for-stm32.12.3.rel1.win32_1.0.200.202406191623/tools/bin/../lib/gcc/arm-none-eabi/12.3.1/../../../../arm-none-eabi/lib/thumb/v6-m/nofp\libnosys.a
END GROUP
START GROUP
LOAD C:/ST/STM32CubeIDE_1.16.0/STM32CubeIDE/plugins/com.st.stm32cube.ide.mcu.externaltools.gnu-tools-for-stm32.12.3.rel1.win32_1.0.200.202406191623/tools/bin/../lib/gcc/arm-none-eabi/12.3.1/thumb/v6-m/nofp\libgcc.a
LOAD C:/ST/STM32CubeIDE_1.16.0/STM32CubeIDE/plugins/com.st.stm32cube.ide.mcu.externaltools.gnu-tools-for-stm32.12.3.rel1.win32_1.0.200.202406191623/tools/bin/../lib/gcc/arm-none-eabi/12.3.1/../../../../arm-none-eabi/lib/thumb/v6-m/nofp\libc_nano.a
LOAD C:/ST/STM32CubeIDE_1.16.0/STM32CubeIDE/plugins/com.st.stm32cube.ide.mcu.externaltools.gnu-tools-for-stm32.12.3.rel1.win32_1.0.200.202406191623/tools/bin/../lib/gcc/arm-none-eabi/12.3.1/../../../../arm-none-eabi/lib/thumb/v6-m/nofp\libnosys.a
END GROUP
LOAD C:/ST/STM32CubeIDE_1.16.0/STM32CubeIDE/plugins/com.st.stm32cube.ide.mcu.externaltools.gnu-tools-for-stm32.12.3.rel1.win32_1.0.200.202406191623/tools/bin/../lib/gcc/arm-none-eabi/12.3.1/thumb/v6-m/nofp/crtend.o
LOAD C:/ST/STM32CubeIDE_1.16.0/STM32CubeIDE/plugins/com.st.stm32cube.ide.mcu.externaltools.gnu-tools-for-stm32.12.3.rel1.win32_1.0.200.202406191623/tools/bin/../lib/gcc/arm-none-eabi/12.3.1/thumb/v6-m/nofp/crtn.o
                0x20001800                        _estack = (ORIGIN (RAM) + LENGTH (RAM))
                0x00000200                        _Min_Heap_Size = 0x200
                0x00000400                        _Min_Stack_Size = 0x400

.isr_vector     0x08000000       0xc0
                0x08000000                        . = ALIGN (0x4)
 *(.isr_vector)
 .isr_vector    0x08000000       0xc0 ./Core/Startup/startup_stm32c011f6px.o
                0x08000000                g_pfnVectors
                0x080000c0                        . = ALIGN (0x4)

.text           0x080000c0     0x27d0
                0x080000c0                        . = ALIGN (0x4)
 *(.text)
 .text          0x080000c0       0x48 C:/ST/STM32CubeIDE_1.16.0/STM32CubeIDE/plugins/com.st.stm32cube.ide.mcu.externaltools.gnu-tools-for-stm32.12.3.rel1.win32_1.0.200.202406191623/tools/bin/../lib/gcc/arm-none-eabi/12.3.1/thumb/v6-m/nofp/crtbegin.o
 .text          0x08000108      0x114 C:/ST/STM32CubeIDE_1.16.0/STM32CubeIDE/plugins/com.st.stm32cube.ide.mcu.externaltools.gnu-tools-for-stm32.12.3.rel1.win32_1.0.200.202406191623/tools/bin/../lib/gcc/arm-none-eabi/12.3.1/thumb/v6-m/nofp\libgcc.a(_udivsi3.o)
                0x08000108                __aeabi_uidiv
                0x08000108                __udivsi3
                0x08000214                __aeabi_uidivmod
 .text          0x0800021c        0x4 C:/ST/STM32CubeIDE_1.16.0/STM32CubeIDE/plugins/com.st.stm32cube.ide.mcu.externaltools.gnu-tools-for-stm32.12.3.rel1.win32_1.0.200.202406191623/tools/bin/../lib/gcc/arm-none-eabi/12.3.1/thumb/v6-m/nofp\libgcc.a(_dvmd_tls.o)
                0x0800021c                __aeabi_idiv0
                0x0800021c                __aeabi_ldiv0
 *(.text*)
 .text.Flash_Write_Data
                0x08000220       0x5c ./Core/Src/main.o
                0x08000220                Flash_Write_Data
 .text.Flash_Read_Data
                0x0800027c       0x46 ./Core/Src/main.o
                0x0800027c                Flash_Read_Data
 *fill*         0x080002c2        0x2 
 .text.HAL_SPI_RxCpltCallback
                0x080002c4       0x28 ./Core/Src/main.o
                0x080002c4                HAL_SPI_RxCpltCallback
 .text.HAL_SPI_TxCpltCallback
                0x080002ec       0x28 ./Core/Src/main.o
                0x080002ec                HAL_SPI_TxCpltCallback
 .text.main     0x08000314       0x84 ./Core/Src/main.o
                0x08000314                main
 .text.SystemClock_Config
                0x08000398       0x86 ./Core/Src/main.o
                0x08000398                SystemClock_Config
 *fill*         0x0800041e        0x2 
 .text.MX_SPI1_Init
                0x08000420       0x74 ./Core/Src/main.o
 .text.MX_GPIO_Init
                0x08000494       0x88 ./Core/Src/main.o
 .text.Error_Handler
                0x0800051c        0xc ./Core/Src/main.o
                0x0800051c                Error_Handler
 .text.HAL_MspInit
                0x08000528       0x48 ./Core/Src/stm32c0xx_hal_msp.o
                0x08000528                HAL_MspInit
 .text.HAL_SPI_MspInit
                0x08000570       0xd0 ./Core/Src/stm32c0xx_hal_msp.o
                0x08000570                HAL_SPI_MspInit
 .text.NMI_Handler
                0x08000640        0x8 ./Core/Src/stm32c0xx_it.o
                0x08000640                NMI_Handler
 .text.HardFault_Handler
                0x08000648        0x8 ./Core/Src/stm32c0xx_it.o
                0x08000648                HardFault_Handler
 .text.SVC_Handler
                0x08000650        0xa ./Core/Src/stm32c0xx_it.o
                0x08000650                SVC_Handler
 .text.PendSV_Handler
                0x0800065a        0xa ./Core/Src/stm32c0xx_it.o
                0x0800065a                PendSV_Handler
 .text.SysTick_Handler
                0x08000664        0xe ./Core/Src/stm32c0xx_it.o
                0x08000664                SysTick_Handler
 *fill*         0x08000672        0x2 
 .text.SPI1_IRQHandler
                0x08000674       0x18 ./Core/Src/stm32c0xx_it.o
                0x08000674                SPI1_IRQHandler
 .text.SystemInit
                0x0800068c       0x18 ./Core/Src/system_stm32c0xx.o
                0x0800068c                SystemInit
 .text.Reset_Handler
                0x080006a4       0x50 ./Core/Startup/startup_stm32c011f6px.o
                0x080006a4                Reset_Handler
 .text.Default_Handler
                0x080006f4        0x2 ./Core/Startup/startup_stm32c011f6px.o
                0x080006f4                TIM1_CC_IRQHandler
                0x080006f4                I2C1_IRQHandler
                0x080006f4                DMAMUX1_IRQHandler
                0x080006f4                EXTI2_3_IRQHandler
                0x080006f4                ADC1_IRQHandler
                0x080006f4                TIM17_IRQHandler
                0x080006f4                RTC_IRQHandler
                0x080006f4                TIM16_IRQHandler
                0x080006f4                TIM3_IRQHandler
                0x080006f4                EXTI4_15_IRQHandler
                0x080006f4                RCC_IRQHandler
                0x080006f4                DMA1_Channel1_IRQHandler
                0x080006f4                Default_Handler
                0x080006f4                TIM14_IRQHandler
                0x080006f4                EXTI0_1_IRQHandler
                0x080006f4                WWDG_IRQHandler
                0x080006f4                DMA1_Channel2_3_IRQHandler
                0x080006f4                USART2_IRQHandler
                0x080006f4                FLASH_IRQHandler
                0x080006f4                USART1_IRQHandler
                0x080006f4                TIM1_BRK_UP_TRG_COM_IRQHandler
 .text.HAL_Init
                0x080006f6       0x2e ./Drivers/STM32C0xx_HAL_Driver/Src/stm32c0xx_hal.o
                0x080006f6                HAL_Init
 .text.HAL_InitTick
                0x08000724       0x94 ./Drivers/STM32C0xx_HAL_Driver/Src/stm32c0xx_hal.o
                0x08000724                HAL_InitTick
 .text.HAL_IncTick
                0x080007b8       0x24 ./Drivers/STM32C0xx_HAL_Driver/Src/stm32c0xx_hal.o
                0x080007b8                HAL_IncTick
 .text.HAL_GetTick
                0x080007dc       0x14 ./Drivers/STM32C0xx_HAL_Driver/Src/stm32c0xx_hal.o
                0x080007dc                HAL_GetTick
 .text.__NVIC_EnableIRQ
                0x080007f0       0x34 ./Drivers/STM32C0xx_HAL_Driver/Src/stm32c0xx_hal_cortex.o
 .text.__NVIC_SetPriority
                0x08000824       0xdc ./Drivers/STM32C0xx_HAL_Driver/Src/stm32c0xx_hal_cortex.o
 .text.SysTick_Config
                0x08000900       0x48 ./Drivers/STM32C0xx_HAL_Driver/Src/stm32c0xx_hal_cortex.o
 .text.HAL_NVIC_SetPriority
                0x08000948       0x2a ./Drivers/STM32C0xx_HAL_Driver/Src/stm32c0xx_hal_cortex.o
                0x08000948                HAL_NVIC_SetPriority
 .text.HAL_NVIC_EnableIRQ
                0x08000972       0x20 ./Drivers/STM32C0xx_HAL_Driver/Src/stm32c0xx_hal_cortex.o
                0x08000972                HAL_NVIC_EnableIRQ
 .text.HAL_SYSTICK_Config
                0x08000992       0x1a ./Drivers/STM32C0xx_HAL_Driver/Src/stm32c0xx_hal_cortex.o
                0x08000992                HAL_SYSTICK_Config
 .text.HAL_DMA_Abort_IT
                0x080009ac       0xf4 ./Drivers/STM32C0xx_HAL_Driver/Src/stm32c0xx_hal_dma.o
                0x080009ac                HAL_DMA_Abort_IT
 .text.HAL_FLASH_Program
                0x08000aa0       0x9c ./Drivers/STM32C0xx_HAL_Driver/Src/stm32c0xx_hal_flash.o
                0x08000aa0                HAL_FLASH_Program
 .text.HAL_FLASH_Unlock
                0x08000b3c       0x48 ./Drivers/STM32C0xx_HAL_Driver/Src/stm32c0xx_hal_flash.o
                0x08000b3c                HAL_FLASH_Unlock
 .text.HAL_FLASH_Lock
                0x08000b84       0x38 ./Drivers/STM32C0xx_HAL_Driver/Src/stm32c0xx_hal_flash.o
                0x08000b84                HAL_FLASH_Lock
 .text.FLASH_WaitForLastOperation
                0x08000bbc       0xb4 ./Drivers/STM32C0xx_HAL_Driver/Src/stm32c0xx_hal_flash.o
                0x08000bbc                FLASH_WaitForLastOperation
 .text.FLASH_Program_DoubleWord
                0x08000c70       0x40 ./Drivers/STM32C0xx_HAL_Driver/Src/stm32c0xx_hal_flash.o
 .text.HAL_GPIO_Init
                0x08000cb0      0x2d4 ./Drivers/STM32C0xx_HAL_Driver/Src/stm32c0xx_hal_gpio.o
                0x08000cb0                HAL_GPIO_Init
 .text.HAL_GPIO_WritePin
                0x08000f84       0x3a ./Drivers/STM32C0xx_HAL_Driver/Src/stm32c0xx_hal_gpio.o
                0x08000f84                HAL_GPIO_WritePin
 *fill*         0x08000fbe        0x2 
 .text.HAL_RCC_OscConfig
                0x08000fc0      0x3c8 ./Drivers/STM32C0xx_HAL_Driver/Src/stm32c0xx_hal_rcc.o
                0x08000fc0                HAL_RCC_OscConfig
 .text.HAL_RCC_ClockConfig
                0x08001388      0x214 ./Drivers/STM32C0xx_HAL_Driver/Src/stm32c0xx_hal_rcc.o
                0x08001388                HAL_RCC_ClockConfig
 .text.HAL_RCC_GetSysClockFreq
                0x0800159c       0xa0 ./Drivers/STM32C0xx_HAL_Driver/Src/stm32c0xx_hal_rcc.o
                0x0800159c                HAL_RCC_GetSysClockFreq
 .text.HAL_RCCEx_PeriphCLKConfig
                0x0800163c      0x1d8 ./Drivers/STM32C0xx_HAL_Driver/Src/stm32c0xx_hal_rcc_ex.o
                0x0800163c                HAL_RCCEx_PeriphCLKConfig
 .text.HAL_SPI_Init
                0x08001814      0x170 ./Drivers/STM32C0xx_HAL_Driver/Src/stm32c0xx_hal_spi.o
                0x08001814                HAL_SPI_Init
 .text.HAL_SPI_Transmit_IT
                0x08001984      0x118 ./Drivers/STM32C0xx_HAL_Driver/Src/stm32c0xx_hal_spi.o
                0x08001984                HAL_SPI_Transmit_IT
 .text.HAL_SPI_Receive_IT
                0x08001a9c      0x16c ./Drivers/STM32C0xx_HAL_Driver/Src/stm32c0xx_hal_spi.o
                0x08001a9c                HAL_SPI_Receive_IT
 .text.HAL_SPI_TransmitReceive_IT
                0x08001c08      0x178 ./Drivers/STM32C0xx_HAL_Driver/Src/stm32c0xx_hal_spi.o
                0x08001c08                HAL_SPI_TransmitReceive_IT
 .text.HAL_SPI_IRQHandler
                0x08001d80      0x1d4 ./Drivers/STM32C0xx_HAL_Driver/Src/stm32c0xx_hal_spi.o
                0x08001d80                HAL_SPI_IRQHandler
 .text.HAL_SPI_TxRxCpltCallback
                0x08001f54       0x10 ./Drivers/STM32C0xx_HAL_Driver/Src/stm32c0xx_hal_spi.o
                0x08001f54                HAL_SPI_TxRxCpltCallback
 .text.HAL_SPI_ErrorCallback
                0x08001f64       0x10 ./Drivers/STM32C0xx_HAL_Driver/Src/stm32c0xx_hal_spi.o
                0x08001f64                HAL_SPI_ErrorCallback
 .text.SPI_DMAAbortOnError
                0x08001f74       0x2c ./Drivers/STM32C0xx_HAL_Driver/Src/stm32c0xx_hal_spi.o
 .text.SPI_2linesRxISR_8BIT
                0x08001fa0       0xc2 ./Drivers/STM32C0xx_HAL_Driver/Src/stm32c0xx_hal_spi.o
 .text.SPI_2linesTxISR_8BIT
                0x08002062       0x94 ./Drivers/STM32C0xx_HAL_Driver/Src/stm32c0xx_hal_spi.o
 .text.SPI_2linesRxISR_16BIT
                0x080020f6       0x68 ./Drivers/STM32C0xx_HAL_Driver/Src/stm32c0xx_hal_spi.o
 .text.SPI_2linesTxISR_16BIT
                0x0800215e       0x62 ./Drivers/STM32C0xx_HAL_Driver/Src/stm32c0xx_hal_spi.o
 .text.SPI_RxISR_8BIT
                0x080021c0       0x52 ./Drivers/STM32C0xx_HAL_Driver/Src/stm32c0xx_hal_spi.o
 .text.SPI_RxISR_16BIT
                0x08002212       0x4e ./Drivers/STM32C0xx_HAL_Driver/Src/stm32c0xx_hal_spi.o
 .text.SPI_TxISR_8BIT
                0x08002260       0x48 ./Drivers/STM32C0xx_HAL_Driver/Src/stm32c0xx_hal_spi.o
 .text.SPI_TxISR_16BIT
                0x080022a8       0x46 ./Drivers/STM32C0xx_HAL_Driver/Src/stm32c0xx_hal_spi.o
 *fill*         0x080022ee        0x2 
 .text.SPI_WaitFlagStateUntilTimeout
                0x080022f0      0x11c ./Drivers/STM32C0xx_HAL_Driver/Src/stm32c0xx_hal_spi.o
 .text.SPI_WaitFifoStateUntilTimeout
                0x0800240c      0x144 ./Drivers/STM32C0xx_HAL_Driver/Src/stm32c0xx_hal_spi.o
 .text.SPI_EndRxTransaction
                0x08002550       0xbc ./Drivers/STM32C0xx_HAL_Driver/Src/stm32c0xx_hal_spi.o
 .text.SPI_EndRxTxTransaction
                0x0800260c       0x8c ./Drivers/STM32C0xx_HAL_Driver/Src/stm32c0xx_hal_spi.o
 .text.SPI_CloseRxTx_ISR
                0x08002698       0x8c ./Drivers/STM32C0xx_HAL_Driver/Src/stm32c0xx_hal_spi.o
 .text.SPI_CloseRx_ISR
                0x08002724       0x62 ./Drivers/STM32C0xx_HAL_Driver/Src/stm32c0xx_hal_spi.o
 .text.SPI_CloseTx_ISR
                0x08002786       0x84 ./Drivers/STM32C0xx_HAL_Driver/Src/stm32c0xx_hal_spi.o
 .text.memset   0x0800280a       0x10 C:/ST/STM32CubeIDE_1.16.0/STM32CubeIDE/plugins/com.st.stm32cube.ide.mcu.externaltools.gnu-tools-for-stm32.12.3.rel1.win32_1.0.200.202406191623/tools/bin/../lib/gcc/arm-none-eabi/12.3.1/../../../../arm-none-eabi/lib/thumb/v6-m/nofp\libc_nano.a(libc_a-memset.o)
                0x0800280a                memset
 *fill*         0x0800281a        0x2 
 .text.__libc_init_array
                0x0800281c       0x48 C:/ST/STM32CubeIDE_1.16.0/STM32CubeIDE/plugins/com.st.stm32cube.ide.mcu.externaltools.gnu-tools-for-stm32.12.3.rel1.win32_1.0.200.202406191623/tools/bin/../lib/gcc/arm-none-eabi/12.3.1/../../../../arm-none-eabi/lib/thumb/v6-m/nofp\libc_nano.a(libc_a-init.o)
                0x0800281c                __libc_init_array
 *(.glue_7)
 .glue_7        0x08002864        0x0 linker stubs
 *(.glue_7t)
 .glue_7t       0x08002864        0x0 linker stubs
 *(.eh_frame)
 .eh_frame      0x08002864        0x0 C:/ST/STM32CubeIDE_1.16.0/STM32CubeIDE/plugins/com.st.stm32cube.ide.mcu.externaltools.gnu-tools-for-stm32.12.3.rel1.win32_1.0.200.202406191623/tools/bin/../lib/gcc/arm-none-eabi/12.3.1/thumb/v6-m/nofp/crtbegin.o
 *(.init)
 .init          0x08002864        0x4 C:/ST/STM32CubeIDE_1.16.0/STM32CubeIDE/plugins/com.st.stm32cube.ide.mcu.externaltools.gnu-tools-for-stm32.12.3.rel1.win32_1.0.200.202406191623/tools/bin/../lib/gcc/arm-none-eabi/12.3.1/thumb/v6-m/nofp/crti.o
                0x08002864                _init
 .init          0x08002868        0x8 C:/ST/STM32CubeIDE_1.16.0/STM32CubeIDE/plugins/com.st.stm32cube.ide.mcu.externaltools.gnu-tools-for-stm32.12.3.rel1.win32_1.0.200.202406191623/tools/bin/../lib/gcc/arm-none-eabi/12.3.1/thumb/v6-m/nofp/crtn.o
 *(.fini)
 .fini          0x08002870        0x4 C:/ST/STM32CubeIDE_1.16.0/STM32CubeIDE/plugins/com.st.stm32cube.ide.mcu.externaltools.gnu-tools-for-stm32.12.3.rel1.win32_1.0.200.202406191623/tools/bin/../lib/gcc/arm-none-eabi/12.3.1/thumb/v6-m/nofp/crti.o
                0x08002870                _fini
 .fini          0x08002874        0x8 C:/ST/STM32CubeIDE_1.16.0/STM32CubeIDE/plugins/com.st.stm32cube.ide.mcu.externaltools.gnu-tools-for-stm32.12.3.rel1.win32_1.0.200.202406191623/tools/bin/../lib/gcc/arm-none-eabi/12.3.1/thumb/v6-m/nofp/crtn.o
 *fill*         0x0800287c        0x4 
 .fini.__stub   0x08002880       0x10 linker stubs
                0x08002890                        . = ALIGN (0x4)
                0x08002890                        _etext = .

.vfp11_veneer   0x08002890        0x0
 .vfp11_veneer  0x08002890        0x0 linker stubs

.v4_bx          0x08002890        0x0
 .v4_bx         0x08002890        0x0 linker stubs

.iplt           0x08002890        0x0
 .iplt          0x08002890        0x0 C:/ST/STM32CubeIDE_1.16.0/STM32CubeIDE/plugins/com.st.stm32cube.ide.mcu.externaltools.gnu-tools-for-stm32.12.3.rel1.win32_1.0.200.202406191623/tools/bin/../lib/gcc/arm-none-eabi/12.3.1/thumb/v6-m/nofp/crtbegin.o

.rodata         0x08002890       0x40
                0x08002890                        . = ALIGN (0x4)
 *(.rodata)
 *(.rodata*)
 .rodata.AHBPrescTable
                0x08002890       0x40 ./Core/Src/system_stm32c0xx.o
                0x08002890                AHBPrescTable
                0x080028d0                        . = ALIGN (0x4)

.ARM.extab      0x080028d0        0x0
                0x080028d0                        . = ALIGN (0x4)
 *(.ARM.extab* .gnu.linkonce.armextab.*)
                0x080028d0                        . = ALIGN (0x4)

.ARM            0x080028d0        0x0
                0x080028d0                        . = ALIGN (0x4)
                0x080028d0                        __exidx_start = .
 *(.ARM.exidx*)
                0x080028d0                        __exidx_end = .
                0x080028d0                        . = ALIGN (0x4)

.preinit_array  0x080028d0        0x0
                0x080028d0                        . = ALIGN (0x4)
                0x080028d0                        PROVIDE (__preinit_array_start = .)
 *(.preinit_array*)
                0x080028d0                        PROVIDE (__preinit_array_end = .)
                0x080028d0                        . = ALIGN (0x4)

.init_array     0x080028d0        0x4
                0x080028d0                        . = ALIGN (0x4)
                0x080028d0                        PROVIDE (__init_array_start = .)
 *(SORT_BY_NAME(.init_array.*))
 *(.init_array*)
 .init_array    0x080028d0        0x4 C:/ST/STM32CubeIDE_1.16.0/STM32CubeIDE/plugins/com.st.stm32cube.ide.mcu.externaltools.gnu-tools-for-stm32.12.3.rel1.win32_1.0.200.202406191623/tools/bin/../lib/gcc/arm-none-eabi/12.3.1/thumb/v6-m/nofp/crtbegin.o
                0x080028d4                        PROVIDE (__init_array_end = .)
                0x080028d4                        . = ALIGN (0x4)

.fini_array     0x080028d4        0x4
                0x080028d4                        . = ALIGN (0x4)
                [!provide]                        PROVIDE (__fini_array_start = .)
 *(SORT_BY_NAME(.fini_array.*))
 *(.fini_array*)
 .fini_array    0x080028d4        0x4 C:/ST/STM32CubeIDE_1.16.0/STM32CubeIDE/plugins/com.st.stm32cube.ide.mcu.externaltools.gnu-tools-for-stm32.12.3.rel1.win32_1.0.200.202406191623/tools/bin/../lib/gcc/arm-none-eabi/12.3.1/thumb/v6-m/nofp/crtbegin.o
                [!provide]                        PROVIDE (__fini_array_end = .)
                0x080028d8                        . = ALIGN (0x4)
                0x080028d8                        _sidata = LOADADDR (.data)

.rel.dyn        0x080028d8        0x0
 .rel.iplt      0x080028d8        0x0 C:/ST/STM32CubeIDE_1.16.0/STM32CubeIDE/plugins/com.st.stm32cube.ide.mcu.externaltools.gnu-tools-for-stm32.12.3.rel1.win32_1.0.200.202406191623/tools/bin/../lib/gcc/arm-none-eabi/12.3.1/thumb/v6-m/nofp/crtbegin.o

.data           0x20000000       0x94 load address 0x080028d8
                0x20000000                        . = ALIGN (0x4)
                0x20000000                        _sdata = .
 *(.data)
 *(.data*)
 .data.SystemCoreClock
                0x20000000        0x4 ./Core/Src/system_stm32c0xx.o
                0x20000000                SystemCoreClock
 .data.uwTickPrio
                0x20000004        0x4 ./Drivers/STM32C0xx_HAL_Driver/Src/stm32c0xx_hal.o
                0x20000004                uwTickPrio
 .data.uwTickFreq
                0x20000008        0x1 ./Drivers/STM32C0xx_HAL_Driver/Src/stm32c0xx_hal.o
                0x20000008                uwTickFreq
 *(.RamFunc)
 *fill*         0x20000009        0x3 
 .RamFunc       0x2000000c       0x88 ./Drivers/STM32C0xx_HAL_Driver/Src/stm32c0xx_hal_flash.o
 *(.RamFunc*)
                0x20000094                        . = ALIGN (0x4)
                0x20000094                        _edata = .

.igot.plt       0x20000094        0x0 load address 0x0800296c
 .igot.plt      0x20000094        0x0 C:/ST/STM32CubeIDE_1.16.0/STM32CubeIDE/plugins/com.st.stm32cube.ide.mcu.externaltools.gnu-tools-for-stm32.12.3.rel1.win32_1.0.200.202406191623/tools/bin/../lib/gcc/arm-none-eabi/12.3.1/thumb/v6-m/nofp/crtbegin.o
                0x20000094                        . = ALIGN (0x4)

.bss            0x20000094      0x190 load address 0x0800296c
                0x20000094                        _sbss = .
                0x20000094                        __bss_start__ = _sbss
 *(.bss)
 .bss           0x20000094       0x1c C:/ST/STM32CubeIDE_1.16.0/STM32CubeIDE/plugins/com.st.stm32cube.ide.mcu.externaltools.gnu-tools-for-stm32.12.3.rel1.win32_1.0.200.202406191623/tools/bin/../lib/gcc/arm-none-eabi/12.3.1/thumb/v6-m/nofp/crtbegin.o
 *(.bss*)
 .bss.rxData    0x200000b0       0x78 ./Core/Src/main.o
                0x200000b0                rxData
 .bss.readData  0x20000128       0x78 ./Core/Src/main.o
                0x20000128                readData
 .bss.data_received_flag
                0x200001a0        0x1 ./Core/Src/main.o
                0x200001a0                data_received_flag
 .bss.data_send_flag
                0x200001a1        0x1 ./Core/Src/main.o
                0x200001a1                data_send_flag
 *fill*         0x200001a2        0x2 
 .bss.hspi1     0x200001a4       0x64 ./Core/Src/main.o
                0x200001a4                hspi1
 .bss.uwTick    0x20000208        0x4 ./Drivers/STM32C0xx_HAL_Driver/Src/stm32c0xx_hal.o
                0x20000208                uwTick
 .bss.pFlash    0x2000020c       0x18 ./Drivers/STM32C0xx_HAL_Driver/Src/stm32c0xx_hal_flash.o
                0x2000020c                pFlash
 *(COMMON)
                0x20000224                        . = ALIGN (0x4)
                0x20000224                        _ebss = .
                0x20000224                        __bss_end__ = _ebss

._user_heap_stack
                0x20000224      0x604 load address 0x0800296c
                0x20000228                        . = ALIGN (0x8)
 *fill*         0x20000224        0x4 
                [!provide]                        PROVIDE (end = .)
                0x20000228                        PROVIDE (_end = .)
                0x20000428                        . = (. + _Min_Heap_Size)
 *fill*         0x20000228      0x200 
                0x20000828                        . = (. + _Min_Stack_Size)
 *fill*         0x20000428      0x400 
                0x20000828                        . = ALIGN (0x8)

/DISCARD/
 libc.a(*)
 libm.a(*)
 libgcc.a(*)

.ARM.attributes
                0x00000000       0x28
 *(.ARM.attributes)
 .ARM.attributes
                0x00000000       0x1e C:/ST/STM32CubeIDE_1.16.0/STM32CubeIDE/plugins/com.st.stm32cube.ide.mcu.externaltools.gnu-tools-for-stm32.12.3.rel1.win32_1.0.200.202406191623/tools/bin/../lib/gcc/arm-none-eabi/12.3.1/thumb/v6-m/nofp/crti.o
 .ARM.attributes
                0x0000001e       0x2c C:/ST/STM32CubeIDE_1.16.0/STM32CubeIDE/plugins/com.st.stm32cube.ide.mcu.externaltools.gnu-tools-for-stm32.12.3.rel1.win32_1.0.200.202406191623/tools/bin/../lib/gcc/arm-none-eabi/12.3.1/thumb/v6-m/nofp/crtbegin.o
 .ARM.attributes
                0x0000004a       0x2c ./Core/Src/main.o
 .ARM.attributes
                0x00000076       0x2c ./Core/Src/stm32c0xx_hal_msp.o
 .ARM.attributes
                0x000000a2       0x2c ./Core/Src/stm32c0xx_it.o
 .ARM.attributes
                0x000000ce       0x2c ./Core/Src/system_stm32c0xx.o
 .ARM.attributes
                0x000000fa       0x22 ./Core/Startup/startup_stm32c011f6px.o
 .ARM.attributes
                0x0000011c       0x2c ./Drivers/STM32C0xx_HAL_Driver/Src/stm32c0xx_hal.o
 .ARM.attributes
                0x00000148       0x2c ./Drivers/STM32C0xx_HAL_Driver/Src/stm32c0xx_hal_cortex.o
 .ARM.attributes
                0x00000174       0x2c ./Drivers/STM32C0xx_HAL_Driver/Src/stm32c0xx_hal_dma.o
 .ARM.attributes
                0x000001a0       0x2c ./Drivers/STM32C0xx_HAL_Driver/Src/stm32c0xx_hal_flash.o
 .ARM.attributes
                0x000001cc       0x2c ./Drivers/STM32C0xx_HAL_Driver/Src/stm32c0xx_hal_gpio.o
 .ARM.attributes
                0x000001f8       0x2c ./Drivers/STM32C0xx_HAL_Driver/Src/stm32c0xx_hal_rcc.o
 .ARM.attributes
                0x00000224       0x2c ./Drivers/STM32C0xx_HAL_Driver/Src/stm32c0xx_hal_rcc_ex.o
 .ARM.attributes
                0x00000250       0x2c ./Drivers/STM32C0xx_HAL_Driver/Src/stm32c0xx_hal_spi.o
 .ARM.attributes
                0x0000027c       0x2c C:/ST/STM32CubeIDE_1.16.0/STM32CubeIDE/plugins/com.st.stm32cube.ide.mcu.externaltools.gnu-tools-for-stm32.12.3.rel1.win32_1.0.200.202406191623/tools/bin/../lib/gcc/arm-none-eabi/12.3.1/../../../../arm-none-eabi/lib/thumb/v6-m/nofp\libc_nano.a(libc_a-memset.o)
 .ARM.attributes
                0x000002a8       0x2c C:/ST/STM32CubeIDE_1.16.0/STM32CubeIDE/plugins/com.st.stm32cube.ide.mcu.externaltools.gnu-tools-for-stm32.12.3.rel1.win32_1.0.200.202406191623/tools/bin/../lib/gcc/arm-none-eabi/12.3.1/../../../../arm-none-eabi/lib/thumb/v6-m/nofp\libc_nano.a(libc_a-init.o)
 .ARM.attributes
                0x000002d4       0x1e C:/ST/STM32CubeIDE_1.16.0/STM32CubeIDE/plugins/com.st.stm32cube.ide.mcu.externaltools.gnu-tools-for-stm32.12.3.rel1.win32_1.0.200.202406191623/tools/bin/../lib/gcc/arm-none-eabi/12.3.1/thumb/v6-m/nofp\libgcc.a(_udivsi3.o)
 .ARM.attributes
                0x000002f2       0x1e C:/ST/STM32CubeIDE_1.16.0/STM32CubeIDE/plugins/com.st.stm32cube.ide.mcu.externaltools.gnu-tools-for-stm32.12.3.rel1.win32_1.0.200.202406191623/tools/bin/../lib/gcc/arm-none-eabi/12.3.1/thumb/v6-m/nofp\libgcc.a(_dvmd_tls.o)
 .ARM.attributes
                0x00000310       0x1e C:/ST/STM32CubeIDE_1.16.0/STM32CubeIDE/plugins/com.st.stm32cube.ide.mcu.externaltools.gnu-tools-for-stm32.12.3.rel1.win32_1.0.200.202406191623/tools/bin/../lib/gcc/arm-none-eabi/12.3.1/thumb/v6-m/nofp/crtn.o
OUTPUT(c011_spi_slave.elf elf32-littlearm)
LOAD linker stubs
LOAD C:/ST/STM32CubeIDE_1.16.0/STM32CubeIDE/plugins/com.st.stm32cube.ide.mcu.externaltools.gnu-tools-for-stm32.12.3.rel1.win32_1.0.200.202406191623/tools/bin/../lib/gcc/arm-none-eabi/12.3.1/../../../../arm-none-eabi/lib/thumb/v6-m/nofp\libc.a
LOAD C:/ST/STM32CubeIDE_1.16.0/STM32CubeIDE/plugins/com.st.stm32cube.ide.mcu.externaltools.gnu-tools-for-stm32.12.3.rel1.win32_1.0.200.202406191623/tools/bin/../lib/gcc/arm-none-eabi/12.3.1/../../../../arm-none-eabi/lib/thumb/v6-m/nofp\libm.a
LOAD C:/ST/STM32CubeIDE_1.16.0/STM32CubeIDE/plugins/com.st.stm32cube.ide.mcu.externaltools.gnu-tools-for-stm32.12.3.rel1.win32_1.0.200.202406191623/tools/bin/../lib/gcc/arm-none-eabi/12.3.1/thumb/v6-m/nofp\libgcc.a

.debug_info     0x00000000     0x6d66
 .debug_info    0x00000000      0xe3a ./Core/Src/main.o
 .debug_info    0x00000e3a      0xb5b ./Core/Src/stm32c0xx_hal_msp.o
 .debug_info    0x00001995      0x6e2 ./Core/Src/stm32c0xx_it.o
 .debug_info    0x00002077      0x373 ./Core/Src/system_stm32c0xx.o
 .debug_info    0x000023ea       0x30 ./Core/Startup/startup_stm32c011f6px.o
 .debug_info    0x0000241a      0x832 ./Drivers/STM32C0xx_HAL_Driver/Src/stm32c0xx_hal.o
 .debug_info    0x00002c4c      0x876 ./Drivers/STM32C0xx_HAL_Driver/Src/stm32c0xx_hal_cortex.o
 .debug_info    0x000034c2      0x826 ./Drivers/STM32C0xx_HAL_Driver/Src/stm32c0xx_hal_dma.o
 .debug_info    0x00003ce8      0x632 ./Drivers/STM32C0xx_HAL_Driver/Src/stm32c0xx_hal_flash.o
 .debug_info    0x0000431a      0x5b7 ./Drivers/STM32C0xx_HAL_Driver/Src/stm32c0xx_hal_gpio.o
 .debug_info    0x000048d1      0x912 ./Drivers/STM32C0xx_HAL_Driver/Src/stm32c0xx_hal_rcc.o
 .debug_info    0x000051e3      0x551 ./Drivers/STM32C0xx_HAL_Driver/Src/stm32c0xx_hal_rcc_ex.o
 .debug_info    0x00005734     0x1632 ./Drivers/STM32C0xx_HAL_Driver/Src/stm32c0xx_hal_spi.o

.debug_abbrev   0x00000000     0x1a89
 .debug_abbrev  0x00000000      0x2cd ./Core/Src/main.o
 .debug_abbrev  0x000002cd      0x1f5 ./Core/Src/stm32c0xx_hal_msp.o
 .debug_abbrev  0x000004c2      0x182 ./Core/Src/stm32c0xx_it.o
 .debug_abbrev  0x00000644      0x119 ./Core/Src/system_stm32c0xx.o
 .debug_abbrev  0x0000075d       0x24 ./Core/Startup/startup_stm32c011f6px.o
 .debug_abbrev  0x00000781      0x2cb ./Drivers/STM32C0xx_HAL_Driver/Src/stm32c0xx_hal.o
 .debug_abbrev  0x00000a4c      0x2b7 ./Drivers/STM32C0xx_HAL_Driver/Src/stm32c0xx_hal_cortex.o
 .debug_abbrev  0x00000d03      0x1d5 ./Drivers/STM32C0xx_HAL_Driver/Src/stm32c0xx_hal_dma.o
 .debug_abbrev  0x00000ed8      0x2d0 ./Drivers/STM32C0xx_HAL_Driver/Src/stm32c0xx_hal_flash.o
 .debug_abbrev  0x000011a8      0x1d6 ./Drivers/STM32C0xx_HAL_Driver/Src/stm32c0xx_hal_gpio.o
 .debug_abbrev  0x0000137e      0x28b ./Drivers/STM32C0xx_HAL_Driver/Src/stm32c0xx_hal_rcc.o
 .debug_abbrev  0x00001609      0x225 ./Drivers/STM32C0xx_HAL_Driver/Src/stm32c0xx_hal_rcc_ex.o
 .debug_abbrev  0x0000182e      0x25b ./Drivers/STM32C0xx_HAL_Driver/Src/stm32c0xx_hal_spi.o

.debug_aranges  0x00000000      0x750
 .debug_aranges
                0x00000000       0x68 ./Core/Src/main.o
 .debug_aranges
                0x00000068       0x30 ./Core/Src/stm32c0xx_hal_msp.o
 .debug_aranges
                0x00000098       0x48 ./Core/Src/stm32c0xx_it.o
 .debug_aranges
                0x000000e0       0x28 ./Core/Src/system_stm32c0xx.o
 .debug_aranges
                0x00000108       0x28 ./Core/Startup/startup_stm32c011f6px.o
 .debug_aranges
                0x00000130      0x100 ./Drivers/STM32C0xx_HAL_Driver/Src/stm32c0xx_hal.o
 .debug_aranges
                0x00000230       0xe8 ./Drivers/STM32C0xx_HAL_Driver/Src/stm32c0xx_hal_cortex.o
 .debug_aranges
                0x00000318       0x90 ./Drivers/STM32C0xx_HAL_Driver/Src/stm32c0xx_hal_dma.o
 .debug_aranges
                0x000003a8       0x88 ./Drivers/STM32C0xx_HAL_Driver/Src/stm32c0xx_hal_flash.o
 .debug_aranges
                0x00000430       0x68 ./Drivers/STM32C0xx_HAL_Driver/Src/stm32c0xx_hal_gpio.o
 .debug_aranges
                0x00000498       0xa0 ./Drivers/STM32C0xx_HAL_Driver/Src/stm32c0xx_hal_rcc.o
 .debug_aranges
                0x00000538       0x40 ./Drivers/STM32C0xx_HAL_Driver/Src/stm32c0xx_hal_rcc_ex.o
 .debug_aranges
                0x00000578      0x1d8 ./Drivers/STM32C0xx_HAL_Driver/Src/stm32c0xx_hal_spi.o

.debug_rnglists
                0x00000000      0x578
 .debug_rnglists
                0x00000000       0x4c ./Core/Src/main.o
 .debug_rnglists
                0x0000004c       0x20 ./Core/Src/stm32c0xx_hal_msp.o
 .debug_rnglists
                0x0000006c       0x31 ./Core/Src/stm32c0xx_it.o
 .debug_rnglists
                0x0000009d       0x1a ./Core/Src/system_stm32c0xx.o
 .debug_rnglists
                0x000000b7       0x19 ./Core/Startup/startup_stm32c011f6px.o
 .debug_rnglists
                0x000000d0       0xbc ./Drivers/STM32C0xx_HAL_Driver/Src/stm32c0xx_hal.o
 .debug_rnglists
                0x0000018c       0xaa ./Drivers/STM32C0xx_HAL_Driver/Src/stm32c0xx_hal_cortex.o
 .debug_rnglists
                0x00000236       0x72 ./Drivers/STM32C0xx_HAL_Driver/Src/stm32c0xx_hal_dma.o
 .debug_rnglists
                0x000002a8       0x66 ./Drivers/STM32C0xx_HAL_Driver/Src/stm32c0xx_hal_flash.o
 .debug_rnglists
                0x0000030e       0x4b ./Drivers/STM32C0xx_HAL_Driver/Src/stm32c0xx_hal_gpio.o
 .debug_rnglists
                0x00000359       0x78 ./Drivers/STM32C0xx_HAL_Driver/Src/stm32c0xx_hal_rcc.o
 .debug_rnglists
                0x000003d1       0x2d ./Drivers/STM32C0xx_HAL_Driver/Src/stm32c0xx_hal_rcc_ex.o
 .debug_rnglists
                0x000003fe      0x17a ./Drivers/STM32C0xx_HAL_Driver/Src/stm32c0xx_hal_spi.o

.debug_macro    0x00000000    0x12749
 .debug_macro   0x00000000      0x314 ./Core/Src/main.o
 .debug_macro   0x00000314      0xa8a ./Core/Src/main.o
 .debug_macro   0x00000d9e       0x2e ./Core/Src/main.o
 .debug_macro   0x00000dcc       0x28 ./Core/Src/main.o
 .debug_macro   0x00000df4       0x22 ./Core/Src/main.o
 .debug_macro   0x00000e16       0x8e ./Core/Src/main.o
 .debug_macro   0x00000ea4       0x51 ./Core/Src/main.o
 .debug_macro   0x00000ef5      0x103 ./Core/Src/main.o
 .debug_macro   0x00000ff8       0x6a ./Core/Src/main.o
 .debug_macro   0x00001062      0x1df ./Core/Src/main.o
 .debug_macro   0x00001241       0x1c ./Core/Src/main.o
 .debug_macro   0x0000125d       0x22 ./Core/Src/main.o
 .debug_macro   0x0000127f       0xd1 ./Core/Src/main.o
 .debug_macro   0x00001350      0x4da ./Core/Src/main.o
 .debug_macro   0x0000182a      0x11f ./Core/Src/main.o
 .debug_macro   0x00001949     0x8fa0 ./Core/Src/main.o
 .debug_macro   0x0000a8e9       0x6c ./Core/Src/main.o
 .debug_macro   0x0000a955      0x198 ./Core/Src/main.o
 .debug_macro   0x0000aaed       0xe3 ./Core/Src/main.o
 .debug_macro   0x0000abd0     0x3440 ./Core/Src/main.o
 .debug_macro   0x0000e010      0x189 ./Core/Src/main.o
 .debug_macro   0x0000e199       0x5b ./Core/Src/main.o
 .debug_macro   0x0000e1f4      0x397 ./Core/Src/main.o
 .debug_macro   0x0000e58b      0xb24 ./Core/Src/main.o
 .debug_macro   0x0000f0af      0x145 ./Core/Src/main.o
 .debug_macro   0x0000f1f4      0x15f ./Core/Src/main.o
 .debug_macro   0x0000f353      0x174 ./Core/Src/main.o
 .debug_macro   0x0000f4c7      0x264 ./Core/Src/main.o
 .debug_macro   0x0000f72b      0x17e ./Core/Src/main.o
 .debug_macro   0x0000f8a9       0x43 ./Core/Src/main.o
 .debug_macro   0x0000f8ec      0x1f1 ./Core/Src/main.o
 .debug_macro   0x0000fadd      0x1aa ./Core/Src/main.o
 .debug_macro   0x0000fc87      0x367 ./Core/Src/main.o
 .debug_macro   0x0000ffee       0x28 ./Core/Src/main.o
 .debug_macro   0x00010016       0xb3 ./Core/Src/main.o
 .debug_macro   0x000100c9      0x104 ./Core/Src/main.o
 .debug_macro   0x000101cd       0xef ./Core/Src/main.o
 .debug_macro   0x000102bc      0x2fe ./Core/Src/main.o
 .debug_macro   0x000105ba      0x3c2 ./Core/Src/main.o
 .debug_macro   0x0001097c       0x10 ./Core/Src/main.o
 .debug_macro   0x0001098c       0x61 ./Core/Src/main.o
 .debug_macro   0x000109ed       0x24 ./Core/Src/main.o
 .debug_macro   0x00010a11       0x43 ./Core/Src/main.o
 .debug_macro   0x00010a54       0x34 ./Core/Src/main.o
 .debug_macro   0x00010a88       0x16 ./Core/Src/main.o
 .debug_macro   0x00010a9e       0x35 ./Core/Src/main.o
 .debug_macro   0x00010ad3      0x369 ./Core/Src/main.o
 .debug_macro   0x00010e3c       0x10 ./Core/Src/main.o
 .debug_macro   0x00010e4c       0x16 ./Core/Src/main.o
 .debug_macro   0x00010e62       0x43 ./Core/Src/main.o
 .debug_macro   0x00010ea5       0x34 ./Core/Src/main.o
 .debug_macro   0x00010ed9       0x10 ./Core/Src/main.o
 .debug_macro   0x00010ee9       0x58 ./Core/Src/main.o
 .debug_macro   0x00010f41       0x8e ./Core/Src/main.o
 .debug_macro   0x00010fcf       0x1c ./Core/Src/main.o
 .debug_macro   0x00010feb      0x177 ./Core/Src/main.o
 .debug_macro   0x00011162       0x16 ./Core/Src/main.o
 .debug_macro   0x00011178       0x16 ./Core/Src/main.o
 .debug_macro   0x0001118e      0x146 ./Core/Src/main.o
 .debug_macro   0x000112d4       0x16 ./Core/Src/main.o
 .debug_macro   0x000112ea       0x16 ./Core/Src/main.o
 .debug_macro   0x00011300       0x29 ./Core/Src/main.o
 .debug_macro   0x00011329       0x16 ./Core/Src/main.o
 .debug_macro   0x0001133f       0x20 ./Core/Src/main.o
 .debug_macro   0x0001135f      0x1cc ./Core/Src/stm32c0xx_hal_msp.o
 .debug_macro   0x0001152b      0x1d6 ./Core/Src/stm32c0xx_it.o
 .debug_macro   0x00011701      0x1c3 ./Core/Src/system_stm32c0xx.o
 .debug_macro   0x000118c4      0x1db ./Drivers/STM32C0xx_HAL_Driver/Src/stm32c0xx_hal.o
 .debug_macro   0x00011a9f      0x1bd ./Drivers/STM32C0xx_HAL_Driver/Src/stm32c0xx_hal_cortex.o
 .debug_macro   0x00011c5c      0x1bd ./Drivers/STM32C0xx_HAL_Driver/Src/stm32c0xx_hal_dma.o
 .debug_macro   0x00011e19      0x1bd ./Drivers/STM32C0xx_HAL_Driver/Src/stm32c0xx_hal_flash.o
 .debug_macro   0x00011fd6      0x1f2 ./Drivers/STM32C0xx_HAL_Driver/Src/stm32c0xx_hal_gpio.o
 .debug_macro   0x000121c8      0x1ed ./Drivers/STM32C0xx_HAL_Driver/Src/stm32c0xx_hal_rcc.o
 .debug_macro   0x000123b5      0x1cf ./Drivers/STM32C0xx_HAL_Driver/Src/stm32c0xx_hal_rcc_ex.o
 .debug_macro   0x00012584      0x1c5 ./Drivers/STM32C0xx_HAL_Driver/Src/stm32c0xx_hal_spi.o

.debug_line     0x00000000     0x93be
 .debug_line    0x00000000      0xaee ./Core/Src/main.o
 .debug_line    0x00000aee      0x7ad ./Core/Src/stm32c0xx_hal_msp.o
 .debug_line    0x0000129b      0x7c5 ./Core/Src/stm32c0xx_it.o
 .debug_line    0x00001a60      0x7a5 ./Core/Src/system_stm32c0xx.o
 .debug_line    0x00002205       0x7d ./Core/Startup/startup_stm32c011f6px.o
 .debug_line    0x00002282      0xa77 ./Drivers/STM32C0xx_HAL_Driver/Src/stm32c0xx_hal.o
 .debug_line    0x00002cf9      0xb9a ./Drivers/STM32C0xx_HAL_Driver/Src/stm32c0xx_hal_cortex.o
 .debug_line    0x00003893      0xda9 ./Drivers/STM32C0xx_HAL_Driver/Src/stm32c0xx_hal_dma.o
 .debug_line    0x0000463c      0xaa9 ./Drivers/STM32C0xx_HAL_Driver/Src/stm32c0xx_hal_flash.o
 .debug_line    0x000050e5      0xbaf ./Drivers/STM32C0xx_HAL_Driver/Src/stm32c0xx_hal_gpio.o
 .debug_line    0x00005c94      0xd21 ./Drivers/STM32C0xx_HAL_Driver/Src/stm32c0xx_hal_rcc.o
 .debug_line    0x000069b5      0x9f5 ./Drivers/STM32C0xx_HAL_Driver/Src/stm32c0xx_hal_rcc_ex.o
 .debug_line    0x000073aa     0x2014 ./Drivers/STM32C0xx_HAL_Driver/Src/stm32c0xx_hal_spi.o

.debug_str      0x00000000    0x7096f
 .debug_str     0x00000000    0x6ecb9 ./Core/Src/main.o
                              0x6f2d5 (size before relaxing)
 .debug_str     0x0006ecb9      0x2bf ./Core/Src/stm32c0xx_hal_msp.o
                              0x6b9df (size before relaxing)
 .debug_str     0x0006ef78       0xa5 ./Core/Src/stm32c0xx_it.o
                              0x6b653 (size before relaxing)
 .debug_str     0x0006f01d       0xbe ./Core/Src/system_stm32c0xx.o
                              0x6b20e (size before relaxing)
 .debug_str     0x0006f0db       0x44 ./Core/Startup/startup_stm32c011f6px.o
                                 0x62 (size before relaxing)
 .debug_str     0x0006f11f      0x432 ./Drivers/STM32C0xx_HAL_Driver/Src/stm32c0xx_hal.o
                              0x6b804 (size before relaxing)
 .debug_str     0x0006f551      0x286 ./Drivers/STM32C0xx_HAL_Driver/Src/stm32c0xx_hal_cortex.o
                              0x6b627 (size before relaxing)
 .debug_str     0x0006f7d7      0x2c4 ./Drivers/STM32C0xx_HAL_Driver/Src/stm32c0xx_hal_dma.o
                              0x6b685 (size before relaxing)
 .debug_str     0x0006fa9b      0x248 ./Drivers/STM32C0xx_HAL_Driver/Src/stm32c0xx_hal_flash.o
                              0x6b421 (size before relaxing)
 .debug_str     0x0006fce3      0x232 ./Drivers/STM32C0xx_HAL_Driver/Src/stm32c0xx_hal_gpio.o
                              0x6b406 (size before relaxing)
 .debug_str     0x0006ff15      0x41f ./Drivers/STM32C0xx_HAL_Driver/Src/stm32c0xx_hal_rcc.o
                              0x6b805 (size before relaxing)
 .debug_str     0x00070334      0x128 ./Drivers/STM32C0xx_HAL_Driver/Src/stm32c0xx_hal_rcc_ex.o
                              0x6b477 (size before relaxing)
 .debug_str     0x0007045c      0x513 ./Drivers/STM32C0xx_HAL_Driver/Src/stm32c0xx_hal_spi.o
                              0x6bbf1 (size before relaxing)

.comment        0x00000000       0x43
 .comment       0x00000000       0x43 ./Core/Src/main.o
                                 0x44 (size before relaxing)
 .comment       0x00000043       0x44 ./Core/Src/stm32c0xx_hal_msp.o
 .comment       0x00000043       0x44 ./Core/Src/stm32c0xx_it.o
 .comment       0x00000043       0x44 ./Core/Src/system_stm32c0xx.o
 .comment       0x00000043       0x44 ./Drivers/STM32C0xx_HAL_Driver/Src/stm32c0xx_hal.o
 .comment       0x00000043       0x44 ./Drivers/STM32C0xx_HAL_Driver/Src/stm32c0xx_hal_cortex.o
 .comment       0x00000043       0x44 ./Drivers/STM32C0xx_HAL_Driver/Src/stm32c0xx_hal_dma.o
 .comment       0x00000043       0x44 ./Drivers/STM32C0xx_HAL_Driver/Src/stm32c0xx_hal_flash.o
 .comment       0x00000043       0x44 ./Drivers/STM32C0xx_HAL_Driver/Src/stm32c0xx_hal_gpio.o
 .comment       0x00000043       0x44 ./Drivers/STM32C0xx_HAL_Driver/Src/stm32c0xx_hal_rcc.o
 .comment       0x00000043       0x44 ./Drivers/STM32C0xx_HAL_Driver/Src/stm32c0xx_hal_rcc_ex.o
 .comment       0x00000043       0x44 ./Drivers/STM32C0xx_HAL_Driver/Src/stm32c0xx_hal_spi.o

.debug_frame    0x00000000     0x18ac
 .debug_frame   0x00000000      0x144 ./Core/Src/main.o
 .debug_frame   0x00000144       0x70 ./Core/Src/stm32c0xx_hal_msp.o
 .debug_frame   0x000001b4       0xb8 ./Core/Src/stm32c0xx_it.o
 .debug_frame   0x0000026c       0x4c ./Core/Src/system_stm32c0xx.o
 .debug_frame   0x000002b8      0x368 ./Drivers/STM32C0xx_HAL_Driver/Src/stm32c0xx_hal.o
 .debug_frame   0x00000620      0x33c ./Drivers/STM32C0xx_HAL_Driver/Src/stm32c0xx_hal_cortex.o
 .debug_frame   0x0000095c      0x1f0 ./Drivers/STM32C0xx_HAL_Driver/Src/stm32c0xx_hal_dma.o
 .debug_frame   0x00000b4c      0x1d4 ./Drivers/STM32C0xx_HAL_Driver/Src/stm32c0xx_hal_flash.o
 .debug_frame   0x00000d20      0x150 ./Drivers/STM32C0xx_HAL_Driver/Src/stm32c0xx_hal_gpio.o
 .debug_frame   0x00000e70      0x214 ./Drivers/STM32C0xx_HAL_Driver/Src/stm32c0xx_hal_rcc.o
 .debug_frame   0x00001084       0xac ./Drivers/STM32C0xx_HAL_Driver/Src/stm32c0xx_hal_rcc_ex.o
 .debug_frame   0x00001130      0x710 ./Drivers/STM32C0xx_HAL_Driver/Src/stm32c0xx_hal_spi.o
 .debug_frame   0x00001840       0x20 C:/ST/STM32CubeIDE_1.16.0/STM32CubeIDE/plugins/com.st.stm32cube.ide.mcu.externaltools.gnu-tools-for-stm32.12.3.rel1.win32_1.0.200.202406191623/tools/bin/../lib/gcc/arm-none-eabi/12.3.1/../../../../arm-none-eabi/lib/thumb/v6-m/nofp\libc_nano.a(libc_a-memset.o)
 .debug_frame   0x00001860       0x2c C:/ST/STM32CubeIDE_1.16.0/STM32CubeIDE/plugins/com.st.stm32cube.ide.mcu.externaltools.gnu-tools-for-stm32.12.3.rel1.win32_1.0.200.202406191623/tools/bin/../lib/gcc/arm-none-eabi/12.3.1/../../../../arm-none-eabi/lib/thumb/v6-m/nofp\libc_nano.a(libc_a-init.o)
 .debug_frame   0x0000188c       0x20 C:/ST/STM32CubeIDE_1.16.0/STM32CubeIDE/plugins/com.st.stm32cube.ide.mcu.externaltools.gnu-tools-for-stm32.12.3.rel1.win32_1.0.200.202406191623/tools/bin/../lib/gcc/arm-none-eabi/12.3.1/thumb/v6-m/nofp\libgcc.a(_udivsi3.o)

.debug_line_str
                0x00000000       0x46
 .debug_line_str
                0x00000000       0x46 ./Core/Startup/startup_stm32c011f6px.o
