../Core/Src/lcd.c:25:6:LCD_WR_REG	16	static
../Core/Src/lcd.c:40:6:LCD_WR_DATA	16	static
../Core/Src/lcd.c:56:6:LCD_WriteReg	16	static
../Core/Src/lcd.c:69:6:LCD_WriteRAM_Prepare	8	static
../Core/Src/lcd.c:81:6:Lcd_WriteData_16Bit	16	static
../Core/Src/lcd.c:98:6:LCD_DrawPoint	16	static
../Core/Src/lcd.c:111:6:LCD_Clear	24	static
../Core/Src/lcd.c:135:6:LCD_GPIOInit	32	static
../Core/Src/lcd.c:171:6:LCD_RESET	8	static
../Core/Src/lcd.c:186:6:LCD_Init	8	static
../Core/Src/lcd.c:289:6:LCD_SetWindows	24	static
../Core/Src/lcd.c:314:6:LCD_SetCursor	16	static
../Core/Src/lcd.c:329:6:LCD_direction	16	static
