../Core/Src/main.c:92:6:SetRGB	16	static
../Core/Src/main.c:104:6:ParseAndSetRGB	32	static
../Core/Src/main.c:123:6:HAL_UARTEx_RxEventCallback	16	static
../Core/Src/main.c:144:6:SendDataToBluetooth	16	static
../Core/Src/main.c:158:5:main	8	static
../Core/Src/main.c:230:6:SystemClock_Config	120	static
../Core/Src/main.c:281:13:MX_TIM1_Init	96	static
../Core/Src/main.c:351:13:MX_TIM3_Init	48	static
../Core/Src/main.c:400:13:MX_TIM15_Init	96	static
../Core/Src/main.c:466:13:MX_UART7_Init	8	static
../Core/Src/main.c:514:13:MX_USART1_UART_Init	8	static
../Core/Src/main.c:562:13:MX_GPIO_Init	64	static
../Core/Src/main.c:621:6:Error_Handler	4	static,ignoring_inline_asm
