../Drivers/STM32H7xx_HAL_Driver/Src/stm32h7xx_hal.c:134:19:HAL_Init	16	static
../Drivers/STM32H7xx_HAL_Driver/Src/stm32h7xx_hal.c:188:19:HAL_DeInit	8	static
../Drivers/STM32H7xx_HAL_Driver/Src/stm32h7xx_hal.c:229:13:HAL_MspInit	4	static
../Drivers/STM32H7xx_HAL_Driver/Src/stm32h7xx_hal.c:240:13:HAL_MspDeInit	4	static
../Drivers/STM32H7xx_HAL_Driver/Src/stm32h7xx_hal.c:263:26:HAL_InitTick	16	static
../Drivers/STM32H7xx_HAL_Driver/Src/stm32h7xx_hal.c:328:13:HAL_IncTick	4	static
../Drivers/STM32H7xx_HAL_Driver/Src/stm32h7xx_hal.c:339:17:HAL_GetTick	4	static
../Drivers/STM32H7xx_HAL_Driver/Src/stm32h7xx_hal.c:348:10:HAL_GetTickPrio	4	static
../Drivers/STM32H7xx_HAL_Driver/Src/stm32h7xx_hal.c:357:19:HAL_SetTickFreq	24	static
../Drivers/STM32H7xx_HAL_Driver/Src/stm32h7xx_hal.c:390:21:HAL_GetTickFreq	4	static
../Drivers/STM32H7xx_HAL_Driver/Src/stm32h7xx_hal.c:406:13:HAL_Delay	24	static
../Drivers/STM32H7xx_HAL_Driver/Src/stm32h7xx_hal.c:432:13:HAL_SuspendTick	4	static
../Drivers/STM32H7xx_HAL_Driver/Src/stm32h7xx_hal.c:448:13:HAL_ResumeTick	4	static
../Drivers/STM32H7xx_HAL_Driver/Src/stm32h7xx_hal.c:458:10:HAL_GetHalVersion	4	static
../Drivers/STM32H7xx_HAL_Driver/Src/stm32h7xx_hal.c:467:10:HAL_GetREVID	4	static
../Drivers/STM32H7xx_HAL_Driver/Src/stm32h7xx_hal.c:476:10:HAL_GetDEVID	4	static
../Drivers/STM32H7xx_HAL_Driver/Src/stm32h7xx_hal.c:485:10:HAL_GetUIDw0	4	static
../Drivers/STM32H7xx_HAL_Driver/Src/stm32h7xx_hal.c:494:10:HAL_GetUIDw1	4	static
../Drivers/STM32H7xx_HAL_Driver/Src/stm32h7xx_hal.c:503:10:HAL_GetUIDw2	4	static
../Drivers/STM32H7xx_HAL_Driver/Src/stm32h7xx_hal.c:522:6:HAL_SYSCFG_VREFBUF_VoltageScalingConfig	16	static
../Drivers/STM32H7xx_HAL_Driver/Src/stm32h7xx_hal.c:538:6:HAL_SYSCFG_VREFBUF_HighImpedanceConfig	16	static
../Drivers/STM32H7xx_HAL_Driver/Src/stm32h7xx_hal.c:550:6:HAL_SYSCFG_VREFBUF_TrimmingConfig	16	static
../Drivers/STM32H7xx_HAL_Driver/Src/stm32h7xx_hal.c:562:19:HAL_SYSCFG_EnableVREFBUF	16	static
../Drivers/STM32H7xx_HAL_Driver/Src/stm32h7xx_hal.c:588:6:HAL_SYSCFG_DisableVREFBUF	4	static
../Drivers/STM32H7xx_HAL_Driver/Src/stm32h7xx_hal.c:602:6:HAL_SYSCFG_ETHInterfaceSelect	16	static
../Drivers/STM32H7xx_HAL_Driver/Src/stm32h7xx_hal.c:632:6:HAL_SYSCFG_AnalogSwitchConfig	16	static
../Drivers/STM32H7xx_HAL_Driver/Src/stm32h7xx_hal.c:650:6:HAL_SYSCFG_EnableBOOST	4	static
../Drivers/STM32H7xx_HAL_Driver/Src/stm32h7xx_hal.c:662:6:HAL_SYSCFG_DisableBOOST	4	static
../Drivers/STM32H7xx_HAL_Driver/Src/stm32h7xx_hal.c:678:6:HAL_SYSCFG_CM7BootAddConfig	16	static
../Drivers/STM32H7xx_HAL_Driver/Src/stm32h7xx_hal.c:777:6:HAL_EnableCompensationCell	4	static
../Drivers/STM32H7xx_HAL_Driver/Src/stm32h7xx_hal.c:788:6:HAL_DisableCompensationCell	4	static
../Drivers/STM32H7xx_HAL_Driver/Src/stm32h7xx_hal.c:801:6:HAL_SYSCFG_EnableIOSpeedOptimize	4	static
../Drivers/STM32H7xx_HAL_Driver/Src/stm32h7xx_hal.c:817:6:HAL_SYSCFG_DisableIOSpeedOptimize	4	static
../Drivers/STM32H7xx_HAL_Driver/Src/stm32h7xx_hal.c:834:6:HAL_SYSCFG_CompensationCodeSelect	16	static
../Drivers/STM32H7xx_HAL_Driver/Src/stm32h7xx_hal.c:851:6:HAL_SYSCFG_CompensationCodeConfig	16	static
../Drivers/STM32H7xx_HAL_Driver/Src/stm32h7xx_hal.c:885:6:HAL_SYSCFG_ADC2ALT_Rout0Config	16	static
../Drivers/STM32H7xx_HAL_Driver/Src/stm32h7xx_hal.c:900:6:HAL_SYSCFG_ADC2ALT_Rout1Config	16	static
../Drivers/STM32H7xx_HAL_Driver/Src/stm32h7xx_hal.c:913:6:HAL_DBGMCU_EnableDBGSleepMode	4	static
../Drivers/STM32H7xx_HAL_Driver/Src/stm32h7xx_hal.c:922:6:HAL_DBGMCU_DisableDBGSleepMode	4	static
../Drivers/STM32H7xx_HAL_Driver/Src/stm32h7xx_hal.c:932:6:HAL_DBGMCU_EnableDBGStopMode	4	static
../Drivers/STM32H7xx_HAL_Driver/Src/stm32h7xx_hal.c:941:6:HAL_DBGMCU_DisableDBGStopMode	4	static
../Drivers/STM32H7xx_HAL_Driver/Src/stm32h7xx_hal.c:950:6:HAL_DBGMCU_EnableDBGStandbyMode	4	static
../Drivers/STM32H7xx_HAL_Driver/Src/stm32h7xx_hal.c:959:6:HAL_DBGMCU_DisableDBGStandbyMode	4	static
../Drivers/STM32H7xx_HAL_Driver/Src/stm32h7xx_hal.c:1025:6:HAL_EnableDomain3DBGStopMode	4	static
../Drivers/STM32H7xx_HAL_Driver/Src/stm32h7xx_hal.c:1034:6:HAL_DisableDomain3DBGStopMode	4	static
../Drivers/STM32H7xx_HAL_Driver/Src/stm32h7xx_hal.c:1045:6:HAL_EnableDomain3DBGStandbyMode	4	static
../Drivers/STM32H7xx_HAL_Driver/Src/stm32h7xx_hal.c:1054:6:HAL_DisableDomain3DBGStandbyMode	4	static
../Drivers/STM32H7xx_HAL_Driver/Src/stm32h7xx_hal.c:1066:6:HAL_SetFMCMemorySwappingConfig	16	static
../Drivers/STM32H7xx_HAL_Driver/Src/stm32h7xx_hal.c:1078:10:HAL_GetFMCMemorySwappingConfig	4	static
../Drivers/STM32H7xx_HAL_Driver/Src/stm32h7xx_hal.c:1095:6:HAL_EXTI_EdgeConfig	16	static
../Drivers/STM32H7xx_HAL_Driver/Src/stm32h7xx_hal.c:1121:6:HAL_EXTI_GenerateSWInterrupt	16	static
../Drivers/STM32H7xx_HAL_Driver/Src/stm32h7xx_hal.c:1136:6:HAL_EXTI_D1_ClearFlag	16	static
../Drivers/STM32H7xx_HAL_Driver/Src/stm32h7xx_hal.c:1171:6:HAL_EXTI_D1_EventInputConfig	24	static
../Drivers/STM32H7xx_HAL_Driver/Src/stm32h7xx_hal.c:1265:6:HAL_EXTI_D3_EventInputConfig	32	static
