Archive member included to satisfy reference by file (symbol)

c:/st/stm32cubeide_1.12.0/stm32cubeide/plugins/com.st.stm32cube.ide.mcu.externaltools.gnu-tools-for-stm32.10.3-2021.10.win32_1.0.200.202301161003/tools/bin/../lib/gcc/arm-none-eabi/10.3.1/../../../../arm-none-eabi/lib/thumb/v7e-m+dp/hard\libc_nano.a(lib_a-errno.o)
                              ./Core/Src/syscalls.o (__errno)
c:/st/stm32cubeide_1.12.0/stm32cubeide/plugins/com.st.stm32cube.ide.mcu.externaltools.gnu-tools-for-stm32.10.3-2021.10.win32_1.0.200.202301161003/tools/bin/../lib/gcc/arm-none-eabi/10.3.1/../../../../arm-none-eabi/lib/thumb/v7e-m+dp/hard\libc_nano.a(lib_a-exit.o)
                              c:/st/stm32cubeide_1.12.0/stm32cubeide/plugins/com.st.stm32cube.ide.mcu.externaltools.gnu-tools-for-stm32.10.3-2021.10.win32_1.0.200.202301161003/tools/bin/../lib/gcc/arm-none-eabi/10.3.1/../../../../arm-none-eabi/lib/thumb/v7e-m+dp/hard/crt0.o (exit)
c:/st/stm32cubeide_1.12.0/stm32cubeide/plugins/com.st.stm32cube.ide.mcu.externaltools.gnu-tools-for-stm32.10.3-2021.10.win32_1.0.200.202301161003/tools/bin/../lib/gcc/arm-none-eabi/10.3.1/../../../../arm-none-eabi/lib/thumb/v7e-m+dp/hard\libc_nano.a(lib_a-impure.o)
                              c:/st/stm32cubeide_1.12.0/stm32cubeide/plugins/com.st.stm32cube.ide.mcu.externaltools.gnu-tools-for-stm32.10.3-2021.10.win32_1.0.200.202301161003/tools/bin/../lib/gcc/arm-none-eabi/10.3.1/../../../../arm-none-eabi/lib/thumb/v7e-m+dp/hard\libc_nano.a(lib_a-exit.o) (_global_impure_ptr)
c:/st/stm32cubeide_1.12.0/stm32cubeide/plugins/com.st.stm32cube.ide.mcu.externaltools.gnu-tools-for-stm32.10.3-2021.10.win32_1.0.200.202301161003/tools/bin/../lib/gcc/arm-none-eabi/10.3.1/../../../../arm-none-eabi/lib/thumb/v7e-m+dp/hard\libc_nano.a(lib_a-init.o)
                              c:/st/stm32cubeide_1.12.0/stm32cubeide/plugins/com.st.stm32cube.ide.mcu.externaltools.gnu-tools-for-stm32.10.3-2021.10.win32_1.0.200.202301161003/tools/bin/../lib/gcc/arm-none-eabi/10.3.1/../../../../arm-none-eabi/lib/thumb/v7e-m+dp/hard/crt0.o (__libc_init_array)
c:/st/stm32cubeide_1.12.0/stm32cubeide/plugins/com.st.stm32cube.ide.mcu.externaltools.gnu-tools-for-stm32.10.3-2021.10.win32_1.0.200.202301161003/tools/bin/../lib/gcc/arm-none-eabi/10.3.1/../../../../arm-none-eabi/lib/thumb/v7e-m+dp/hard\libc_nano.a(lib_a-memset.o)
                              c:/st/stm32cubeide_1.12.0/stm32cubeide/plugins/com.st.stm32cube.ide.mcu.externaltools.gnu-tools-for-stm32.10.3-2021.10.win32_1.0.200.202301161003/tools/bin/../lib/gcc/arm-none-eabi/10.3.1/../../../../arm-none-eabi/lib/thumb/v7e-m+dp/hard/crt0.o (memset)

Discarded input sections

 .text          0x0000000000000000        0x0 c:/st/stm32cubeide_1.12.0/stm32cubeide/plugins/com.st.stm32cube.ide.mcu.externaltools.gnu-tools-for-stm32.10.3-2021.10.win32_1.0.200.202301161003/tools/bin/../lib/gcc/arm-none-eabi/10.3.1/thumb/v7e-m+dp/hard/crti.o
 .data          0x0000000000000000        0x0 c:/st/stm32cubeide_1.12.0/stm32cubeide/plugins/com.st.stm32cube.ide.mcu.externaltools.gnu-tools-for-stm32.10.3-2021.10.win32_1.0.200.202301161003/tools/bin/../lib/gcc/arm-none-eabi/10.3.1/thumb/v7e-m+dp/hard/crti.o
 .bss           0x0000000000000000        0x0 c:/st/stm32cubeide_1.12.0/stm32cubeide/plugins/com.st.stm32cube.ide.mcu.externaltools.gnu-tools-for-stm32.10.3-2021.10.win32_1.0.200.202301161003/tools/bin/../lib/gcc/arm-none-eabi/10.3.1/thumb/v7e-m+dp/hard/crti.o
 .data          0x0000000000000000        0x4 c:/st/stm32cubeide_1.12.0/stm32cubeide/plugins/com.st.stm32cube.ide.mcu.externaltools.gnu-tools-for-stm32.10.3-2021.10.win32_1.0.200.202301161003/tools/bin/../lib/gcc/arm-none-eabi/10.3.1/thumb/v7e-m+dp/hard/crtbegin.o
 .rodata        0x0000000000000000       0x24 c:/st/stm32cubeide_1.12.0/stm32cubeide/plugins/com.st.stm32cube.ide.mcu.externaltools.gnu-tools-for-stm32.10.3-2021.10.win32_1.0.200.202301161003/tools/bin/../lib/gcc/arm-none-eabi/10.3.1/thumb/v7e-m+dp/hard/crtbegin.o
 .text          0x0000000000000000       0x7c c:/st/stm32cubeide_1.12.0/stm32cubeide/plugins/com.st.stm32cube.ide.mcu.externaltools.gnu-tools-for-stm32.10.3-2021.10.win32_1.0.200.202301161003/tools/bin/../lib/gcc/arm-none-eabi/10.3.1/../../../../arm-none-eabi/lib/thumb/v7e-m+dp/hard/crt0.o
 .data          0x0000000000000000        0x0 c:/st/stm32cubeide_1.12.0/stm32cubeide/plugins/com.st.stm32cube.ide.mcu.externaltools.gnu-tools-for-stm32.10.3-2021.10.win32_1.0.200.202301161003/tools/bin/../lib/gcc/arm-none-eabi/10.3.1/../../../../arm-none-eabi/lib/thumb/v7e-m+dp/hard/crt0.o
 .bss           0x0000000000000000        0x0 c:/st/stm32cubeide_1.12.0/stm32cubeide/plugins/com.st.stm32cube.ide.mcu.externaltools.gnu-tools-for-stm32.10.3-2021.10.win32_1.0.200.202301161003/tools/bin/../lib/gcc/arm-none-eabi/10.3.1/../../../../arm-none-eabi/lib/thumb/v7e-m+dp/hard/crt0.o
[...]
Memory Configuration

Name             Origin             Length             Attributes
FLASH            0x0000000008000000 0x0000000000020000 xr
DTCMRAM          0x0000000020000000 0x0000000000020000 xrw
RAM_D1           0x0000000024000000 0x0000000000080000 xrw
RAM_D2           0x0000000030000000 0x0000000000048000 xrw
RAM_D3           0x0000000038000000 0x0000000000010000 xrw
ITCMRAM          0x0000000000000000 0x0000000000010000 xrw
*default*        0x0000000000000000 0xffffffffffffffff

Linker script and memory map

LOAD c:/st/stm32cubeide_1.12.0/stm32cubeide/plugins/com.st.stm32cube.ide.mcu.externaltools.gnu-tools-for-stm32.10.3-2021.10.win32_1.0.200.202301161003/tools/bin/../lib/gcc/arm-none-eabi/10.3.1/thumb/v7e-m+dp/hard/crti.o
LOAD c:/st/stm32cubeide_1.12.0/stm32cubeide/plugins/com.st.stm32cube.ide.mcu.externaltools.gnu-tools-for-stm32.10.3-2021.10.win32_1.0.200.202301161003/tools/bin/../lib/gcc/arm-none-eabi/10.3.1/thumb/v7e-m+dp/hard/crtbegin.o
LOAD c:/st/stm32cubeide_1.12.0/stm32cubeide/plugins/com.st.stm32cube.ide.mcu.externaltools.gnu-tools-for-stm32.10.3-2021.10.win32_1.0.200.202301161003/tools/bin/../lib/gcc/arm-none-eabi/10.3.1/../../../../arm-none-eabi/lib/thumb/v7e-m+dp/hard/crt0.o
LOAD ./Core/Src/main.o
LOAD ./Core/Src/stm32h7xx_hal_msp.o
LOAD ./Core/Src/stm32h7xx_it.o
LOAD ./Core/Src/syscalls.o
LOAD ./Core/Src/sysmem.o
LOAD ./Core/Src/system_stm32h7xx.o
LOAD ./Core/Startup/startup_stm32h750vbtx.o
LOAD ./Drivers/STM32H7xx_HAL_Driver/Src/stm32h7xx_hal.o
LOAD ./Drivers/STM32H7xx_HAL_Driver/Src/stm32h7xx_hal_adc.o
LOAD ./Drivers/STM32H7xx_HAL_Driver/Src/stm32h7xx_hal_adc_ex.o
LOAD ./Drivers/STM32H7xx_HAL_Driver/Src/stm32h7xx_hal_cortex.o
LOAD ./Drivers/STM32H7xx_HAL_Driver/Src/stm32h7xx_hal_dma.o
LOAD ./Drivers/STM32H7xx_HAL_Driver/Src/stm32h7xx_hal_dma_ex.o
LOAD ./Drivers/STM32H7xx_HAL_Driver/Src/stm32h7xx_hal_exti.o
LOAD ./Drivers/STM32H7xx_HAL_Driver/Src/stm32h7xx_hal_flash.o
LOAD ./Drivers/STM32H7xx_HAL_Driver/Src/stm32h7xx_hal_flash_ex.o
LOAD ./Drivers/STM32H7xx_HAL_Driver/Src/stm32h7xx_hal_gpio.o
LOAD ./Drivers/STM32H7xx_HAL_Driver/Src/stm32h7xx_hal_hsem.o
LOAD ./Drivers/STM32H7xx_HAL_Driver/Src/stm32h7xx_hal_i2c.o
LOAD ./Drivers/STM32H7xx_HAL_Driver/Src/stm32h7xx_hal_i2c_ex.o
LOAD ./Drivers/STM32H7xx_HAL_Driver/Src/stm32h7xx_hal_mdma.o
LOAD ./Drivers/STM32H7xx_HAL_Driver/Src/stm32h7xx_hal_pwr.o
LOAD ./Drivers/STM32H7xx_HAL_Driver/Src/stm32h7xx_hal_pwr_ex.o
LOAD ./Drivers/STM32H7xx_HAL_Driver/Src/stm32h7xx_hal_rcc.o
LOAD ./Drivers/STM32H7xx_HAL_Driver/Src/stm32h7xx_hal_rcc_ex.o
LOAD ./Drivers/STM32H7xx_HAL_Driver/Src/stm32h7xx_hal_tim.o
LOAD ./Drivers/STM32H7xx_HAL_Driver/Src/stm32h7xx_hal_tim_ex.o
START GROUP
LOAD c:/st/stm32cubeide_1.12.0/stm32cubeide/plugins/com.st.stm32cube.ide.mcu.externaltools.gnu-tools-for-stm32.10.3-2021.10.win32_1.0.200.202301161003/tools/bin/../lib/gcc/arm-none-eabi/10.3.1/../../../../arm-none-eabi/lib/thumb/v7e-m+dp/hard\libc_nano.a
LOAD c:/st/stm32cubeide_1.12.0/stm32cubeide/plugins/com.st.stm32cube.ide.mcu.externaltools.gnu-tools-for-stm32.10.3-2021.10.win32_1.0.200.202301161003/tools/bin/../lib/gcc/arm-none-eabi/10.3.1/../../../../arm-none-eabi/lib/thumb/v7e-m+dp/hard\libm.a
END GROUP
START GROUP
LOAD c:/st/stm32cubeide_1.12.0/stm32cubeide/plugins/com.st.stm32cube.ide.mcu.externaltools.gnu-tools-for-stm32.10.3-2021.10.win32_1.0.200.202301161003/tools/bin/../lib/gcc/arm-none-eabi/10.3.1/thumb/v7e-m+dp/hard\libgcc.a
LOAD c:/st/stm32cubeide_1.12.0/stm32cubeide/plugins/com.st.stm32cube.ide.mcu.externaltools.gnu-tools-for-stm32.10.3-2021.10.win32_1.0.200.202301161003/tools/bin/../lib/gcc/arm-none-eabi/10.3.1/../../../../arm-none-eabi/lib/thumb/v7e-m+dp/hard\libc_nano.a
END GROUP
START GROUP
LOAD c:/st/stm32cubeide_1.12.0/stm32cubeide/plugins/com.st.stm32cube.ide.mcu.externaltools.gnu-tools-for-stm32.10.3-2021.10.win32_1.0.200.202301161003/tools/bin/../lib/gcc/arm-none-eabi/10.3.1/thumb/v7e-m+dp/hard\libgcc.a
LOAD c:/st/stm32cubeide_1.12.0/stm32cubeide/plugins/com.st.stm32cube.ide.mcu.externaltools.gnu-tools-for-stm32.10.3-2021.10.win32_1.0.200.202301161003/tools/bin/../lib/gcc/arm-none-eabi/10.3.1/../../../../arm-none-eabi/lib/thumb/v7e-m+dp/hard\libc_nano.a
LOAD c:/st/stm32cubeide_1.12.0/stm32cubeide/plugins/com.st.stm32cube.ide.mcu.externaltools.gnu-tools-for-stm32.10.3-2021.10.win32_1.0.200.202301161003/tools/bin/../lib/gcc/arm-none-eabi/10.3.1/../../../../arm-none-eabi/lib/thumb/v7e-m+dp/hard\libnosys.a
END GROUP
START GROUP
LOAD c:/st/stm32cubeide_1.12.0/stm32cubeide/plugins/com.st.stm32cube.ide.mcu.externaltools.gnu-tools-for-stm32.10.3-2021.10.win32_1.0.200.202301161003/tools/bin/../lib/gcc/arm-none-eabi/10.3.1/thumb/v7e-m+dp/hard\libgcc.a
LOAD c:/st/stm32cubeide_1.12.0/stm32cubeide/plugins/com.st.stm32cube.ide.mcu.externaltools.gnu-tools-for-stm32.10.3-2021.10.win32_1.0.200.202301161003/tools/bin/../lib/gcc/arm-none-eabi/10.3.1/../../../../arm-none-eabi/lib/thumb/v7e-m+dp/hard\libc_nano.a
LOAD c:/st/stm32cubeide_1.12.0/stm32cubeide/plugins/com.st.stm32cube.ide.mcu.externaltools.gnu-tools-for-stm32.10.3-2021.10.win32_1.0.200.202301161003/tools/bin/../lib/gcc/arm-none-eabi/10.3.1/../../../../arm-none-eabi/lib/thumb/v7e-m+dp/hard\libnosys.a
END GROUP
LOAD c:/st/stm32cubeide_1.12.0/stm32cubeide/plugins/com.st.stm32cube.ide.mcu.externaltools.gnu-tools-for-stm32.10.3-2021.10.win32_1.0.200.202301161003/tools/bin/../lib/gcc/arm-none-eabi/10.3.1/thumb/v7e-m+dp/hard/crtend.o
LOAD c:/st/stm32cubeide_1.12.0/stm32cubeide/plugins/com.st.stm32cube.ide.mcu.externaltools.gnu-tools-for-stm32.10.3-2021.10.win32_1.0.200.202301161003/tools/bin/../lib/gcc/arm-none-eabi/10.3.1/thumb/v7e-m+dp/hard/crtn.o
                0x0000000024080000                _estack = (ORIGIN (RAM_D1) + LENGTH (RAM_D1))
                0x0000000000000200                _Min_Heap_Size = 0x200
                0x0000000000000400                _Min_Stack_Size = 0x400

.isr_vector     0x0000000008000000      0x298
                0x0000000008000000                . = ALIGN (0x4)
 *(.isr_vector)
 .isr_vector    0x0000000008000000      0x298 ./Core/Startup/startup_stm32h750vbtx.o
                0x0000000008000000                g_pfnVectors
                0x0000000008000298                . = ALIGN (0x4)

.text           0x0000000008000298     0x8de0
                0x0000000008000298                . = ALIGN (0x4)
 *(.text)
 .text          0x0000000008000298       0x40 c:/st/stm32cubeide_1.12.0/stm32cubeide/plugins/com.st.stm32cube.ide.mcu.externaltools.gnu-tools-for-stm32.10.3-2021.10.win32_1.0.200.202301161003/tools/bin/../lib/gcc/arm-none-eabi/10.3.1/thumb/v7e-m+dp/hard/crtbegin.o
 *(.text*)
 .text.map      0x00000000080002d8       0x3c ./Core/Src/main.o
                0x00000000080002d8                map
 .text.HAL_ADC_ConvCpltCallback
                0x0000000008000314       0x40 ./Core/Src/main.o
                0x0000000008000314                HAL_ADC_ConvCpltCallback
 .text.main     0x0000000008000354       0x64 ./Core/Src/main.o
                0x0000000008000354                main
 .text.SystemClock_Config
                0x00000000080003b8       0xf8 ./Core/Src/main.o
                0x00000000080003b8                SystemClock_Config
 .text.MX_ADC3_Init
                0x00000000080004b0       0xc0 ./Core/Src/main.o
 .text.MX_TIM1_Init
                0x0000000008000570      0x120 ./Core/Src/main.o
 .text.MX_BDMA_Init
                0x0000000008000690       0x40 ./Core/Src/main.o
 .text.MX_GPIO_Init
                0x00000000080006d0       0x70 ./Core/Src/main.o
 .text.Error_Handler
                0x0000000008000740        0xa ./Core/Src/main.o
                0x0000000008000740                Error_Handler
 *fill*         0x000000000800074a        0x2 
 .text.HAL_MspInit
                0x000000000800074c       0x34 ./Core/Src/stm32h7xx_hal_msp.o
                0x000000000800074c                HAL_MspInit
 .text.HAL_ADC_MspInit
                0x0000000008000780      0x120 ./Core/Src/stm32h7xx_hal_msp.o
                0x0000000008000780                HAL_ADC_MspInit
 .text.HAL_TIM_PWM_MspInit
                0x00000000080008a0       0x44 ./Core/Src/stm32h7xx_hal_msp.o
                0x00000000080008a0                HAL_TIM_PWM_MspInit
 .text.HAL_TIM_MspPostInit
                0x00000000080008e4       0x78 ./Core/Src/stm32h7xx_hal_msp.o
                0x00000000080008e4                HAL_TIM_MspPostInit
 .text.NMI_Handler
                0x000000000800095c        0x6 ./Core/Src/stm32h7xx_it.o
                0x000000000800095c                NMI_Handler
 .text.HardFault_Handler
                0x0000000008000962        0x6 ./Core/Src/stm32h7xx_it.o
                0x0000000008000962                HardFault_Handler
 .text.MemManage_Handler
                0x0000000008000968        0x6 ./Core/Src/stm32h7xx_it.o
                0x0000000008000968                MemManage_Handler
 .text.BusFault_Handler
                0x000000000800096e        0x6 ./Core/Src/stm32h7xx_it.o
                0x000000000800096e                BusFault_Handler
 .text.UsageFault_Handler
                0x0000000008000974        0x6 ./Core/Src/stm32h7xx_it.o
                0x0000000008000974                UsageFault_Handler
 .text.SVC_Handler
                0x000000000800097a        0xe ./Core/Src/stm32h7xx_it.o
                0x000000000800097a                SVC_Handler
 .text.DebugMon_Handler
                0x0000000008000988        0xe ./Core/Src/stm32h7xx_it.o
                0x0000000008000988                DebugMon_Handler
 .text.PendSV_Handler
                0x0000000008000996        0xe ./Core/Src/stm32h7xx_it.o
                0x0000000008000996                PendSV_Handler
 .text.SysTick_Handler
                0x00000000080009a4        0xc ./Core/Src/stm32h7xx_it.o
                0x00000000080009a4                SysTick_Handler
 .text.BDMA_Channel0_IRQHandler
                0x00000000080009b0       0x14 ./Core/Src/stm32h7xx_it.o
                0x00000000080009b0                BDMA_Channel0_IRQHandler
 .text.SystemInit
                0x00000000080009c4      0x110 ./Core/Src/system_stm32h7xx.o
                0x00000000080009c4                SystemInit
 .text.Reset_Handler
                0x0000000008000ad4       0x50 ./Core/Startup/startup_stm32h750vbtx.o
                0x0000000008000ad4                Reset_Handler
 .text.Default_Handler
                0x0000000008000b24        0x2 ./Core/Startup/startup_stm32h750vbtx.o
                0x0000000008000b24                RTC_Alarm_IRQHandler
                0x0000000008000b24                HASH_RNG_IRQHandler
                0x0000000008000b24                EXTI2_IRQHandler
                0x0000000008000b24                TIM8_CC_IRQHandler
                0x0000000008000b24                HRTIM1_Master_IRQHandler
                0x0000000008000b24                UART8_IRQHandler
                0x0000000008000b24                SPI4_IRQHandler
                0x0000000008000b24                TIM1_CC_IRQHandler
                0x0000000008000b24                BDMA_Channel6_IRQHandler
                0x0000000008000b24                DMA2_Stream5_IRQHandler
                0x0000000008000b24                HRTIM1_FLT_IRQHandler
                0x0000000008000b24                JPEG_IRQHandler
                0x0000000008000b24                DMA1_Stream5_IRQHandler
                0x0000000008000b24                BDMA_Channel1_IRQHandler
                0x0000000008000b24                HRTIM1_TIMD_IRQHandler
                0x0000000008000b24                TAMP_STAMP_IRQHandler
                0x0000000008000b24                EXTI3_IRQHandler
                0x0000000008000b24                LPTIM4_IRQHandler
                0x0000000008000b24                TIM8_TRG_COM_TIM14_IRQHandler
                0x0000000008000b24                LPTIM2_IRQHandler
                0x0000000008000b24                DFSDM1_FLT1_IRQHandler
                0x0000000008000b24                DMAMUX2_OVR_IRQHandler
                0x0000000008000b24                TIM8_UP_TIM13_IRQHandler
                0x0000000008000b24                I2C3_ER_IRQHandler
                0x0000000008000b24                DFSDM1_FLT2_IRQHandler
                0x0000000008000b24                MDMA_IRQHandler
                0x0000000008000b24                LPTIM3_IRQHandler
                0x0000000008000b24                HSEM1_IRQHandler
                0x0000000008000b24                EXTI0_IRQHandler
                0x0000000008000b24                I2C2_EV_IRQHandler
                0x0000000008000b24                DMA1_Stream2_IRQHandler
                0x0000000008000b24                FPU_IRQHandler
                0x0000000008000b24                OTG_HS_WKUP_IRQHandler
                0x0000000008000b24                FDCAN1_IT1_IRQHandler
                0x0000000008000b24                LTDC_ER_IRQHandler
                0x0000000008000b24                DMA2_Stream2_IRQHandler
                0x0000000008000b24                HRTIM1_TIME_IRQHandler
                0x0000000008000b24                SPI1_IRQHandler
                0x0000000008000b24                TIM6_DAC_IRQHandler
                0x0000000008000b24                DCMI_IRQHandler
                0x0000000008000b24                HRTIM1_TIMC_IRQHandler
                0x0000000008000b24                DMA2_Stream3_IRQHandler
                0x0000000008000b24                SAI2_IRQHandler
                0x0000000008000b24                DFSDM1_FLT3_IRQHandler
                0x0000000008000b24                USART6_IRQHandler
                0x0000000008000b24                TIM17_IRQHandler
                0x0000000008000b24                USART3_IRQHandler
                0x0000000008000b24                BDMA_Channel7_IRQHandler
                0x0000000008000b24                CRYP_IRQHandler
                0x0000000008000b24                LPTIM5_IRQHandler
                0x0000000008000b24                UART5_IRQHandler
                0x0000000008000b24                ADC3_IRQHandler
                0x0000000008000b24                DMA2_Stream0_IRQHandler
                0x0000000008000b24                TIM4_IRQHandler
                0x0000000008000b24                BDMA_Channel2_IRQHandler
                0x0000000008000b24                QUADSPI_IRQHandler
                0x0000000008000b24                I2C1_EV_IRQHandler
                0x0000000008000b24                DMA1_Stream6_IRQHandler
                0x0000000008000b24                DMAMUX1_OVR_IRQHandler
                0x0000000008000b24                DMA1_Stream1_IRQHandler
                0x0000000008000b24                TIM16_IRQHandler
                0x0000000008000b24                UART4_IRQHandler
                0x0000000008000b24                BDMA_Channel5_IRQHandler
                0x0000000008000b24                TIM3_IRQHandler
                0x0000000008000b24                RCC_IRQHandler
                0x0000000008000b24                TIM8_BRK_TIM12_IRQHandler
                0x0000000008000b24                TIM1_TRG_COM_IRQHandler
                0x0000000008000b24                Default_Handler
                0x0000000008000b24                ECC_IRQHandler
                0x0000000008000b24                CEC_IRQHandler
                0x0000000008000b24                EXTI15_10_IRQHandler
                0x0000000008000b24                ADC_IRQHandler
                0x0000000008000b24                DMA1_Stream7_IRQHandler
                0x0000000008000b24                HRTIM1_TIMA_IRQHandler
                0x0000000008000b24                SPI5_IRQHandler
                0x0000000008000b24                TIM7_IRQHandler
                0x0000000008000b24                SDMMC1_IRQHandler
                0x0000000008000b24                TIM5_IRQHandler
                0x0000000008000b24                DMA2_Stream7_IRQHandler
                0x0000000008000b24                TIM15_IRQHandler
                0x0000000008000b24                PVD_AVD_IRQHandler
                0x0000000008000b24                I2C3_EV_IRQHandler
                0x0000000008000b24                EXTI9_5_IRQHandler
                0x0000000008000b24                RTC_WKUP_IRQHandler
                0x0000000008000b24                LTDC_IRQHandler
                0x0000000008000b24                SAI3_IRQHandler
                0x0000000008000b24                ETH_WKUP_IRQHandler
                0x0000000008000b24                SPDIF_RX_IRQHandler
                0x0000000008000b24                SPI2_IRQHandler
                0x0000000008000b24                OTG_HS_EP1_IN_IRQHandler
                0x0000000008000b24                DMA1_Stream0_IRQHandler
                0x0000000008000b24                CRS_IRQHandler
                0x0000000008000b24                EXTI4_IRQHandler
                0x0000000008000b24                HRTIM1_TIMB_IRQHandler
                0x0000000008000b24                FDCAN2_IT1_IRQHandler
                0x0000000008000b24                ETH_IRQHandler
                0x0000000008000b24                TIM1_UP_IRQHandler
                0x0000000008000b24                BDMA_Channel4_IRQHandler
                0x0000000008000b24                OTG_HS_EP1_OUT_IRQHandler
                0x0000000008000b24                WWDG_IRQHandler
                0x0000000008000b24                SPI6_IRQHandler
                0x0000000008000b24                MDIOS_IRQHandler
                0x0000000008000b24                I2C4_EV_IRQHandler
                0x0000000008000b24                FDCAN2_IT0_IRQHandler
                0x0000000008000b24                LPUART1_IRQHandler
                0x0000000008000b24                FDCAN1_IT0_IRQHandler
                0x0000000008000b24                TIM2_IRQHandler
                0x0000000008000b24                OTG_FS_WKUP_IRQHandler
                0x0000000008000b24                OTG_HS_IRQHandler
                0x0000000008000b24                DMA2D_IRQHandler
                0x0000000008000b24                TIM1_BRK_IRQHandler
                0x0000000008000b24                EXTI1_IRQHandler
                0x0000000008000b24                SDMMC2_IRQHandler
                0x0000000008000b24                OTG_FS_EP1_OUT_IRQHandler
                0x0000000008000b24                BDMA_Channel3_IRQHandler
                0x0000000008000b24                UART7_IRQHandler
                0x0000000008000b24                MDIOS_WKUP_IRQHandler
                0x0000000008000b24                USART2_IRQHandler
                0x0000000008000b24                DFSDM1_FLT0_IRQHandler
                0x0000000008000b24                SAI4_IRQHandler
                0x0000000008000b24                I2C2_ER_IRQHandler
                0x0000000008000b24                DMA2_Stream1_IRQHandler
                0x0000000008000b24                FLASH_IRQHandler
                0x0000000008000b24                DMA2_Stream4_IRQHandler
                0x0000000008000b24                USART1_IRQHandler
                0x0000000008000b24                OTG_FS_IRQHandler
                0x0000000008000b24                SPI3_IRQHandler
                0x0000000008000b24                WAKEUP_PIN_IRQHandler
                0x0000000008000b24                DMA1_Stream4_IRQHandler
                0x0000000008000b24                OTG_FS_EP1_IN_IRQHandler
                0x0000000008000b24                I2C1_ER_IRQHandler
                0x0000000008000b24                FMC_IRQHandler
                0x0000000008000b24                FDCAN_CAL_IRQHandler
                0x0000000008000b24                SWPMI1_IRQHandler
                0x0000000008000b24                COMP1_IRQHandler
                0x0000000008000b24                LPTIM1_IRQHandler
                0x0000000008000b24                I2C4_ER_IRQHandler
                0x0000000008000b24                DMA2_Stream6_IRQHandler
                0x0000000008000b24                SAI1_IRQHandler
                0x0000000008000b24                DMA1_Stream3_IRQHandler
 *fill*         0x0000000008000b26        0x2 
 .text.HAL_Init
                0x0000000008000b28       0x78 ./Drivers/STM32H7xx_HAL_Driver/Src/stm32h7xx_hal.o
                0x0000000008000b28                HAL_Init
 .text.HAL_InitTick
                0x0000000008000ba0       0x6c ./Drivers/STM32H7xx_HAL_Driver/Src/stm32h7xx_hal.o
                0x0000000008000ba0                HAL_InitTick
 .text.HAL_IncTick
                0x0000000008000c0c       0x28 ./Drivers/STM32H7xx_HAL_Driver/Src/stm32h7xx_hal.o
                0x0000000008000c0c                HAL_IncTick
 .text.HAL_GetTick
                0x0000000008000c34       0x18 ./Drivers/STM32H7xx_HAL_Driver/Src/stm32h7xx_hal.o
                0x0000000008000c34                HAL_GetTick
 .text.HAL_Delay
                0x0000000008000c4c       0x48 ./Drivers/STM32H7xx_HAL_Driver/Src/stm32h7xx_hal.o
                0x0000000008000c4c                HAL_Delay
 .text.HAL_GetREVID
                0x0000000008000c94       0x18 ./Drivers/STM32H7xx_HAL_Driver/Src/stm32h7xx_hal.o
                0x0000000008000c94                HAL_GetREVID
 .text.HAL_SYSCFG_AnalogSwitchConfig
                0x0000000008000cac       0x2c ./Drivers/STM32H7xx_HAL_Driver/Src/stm32h7xx_hal.o
                0x0000000008000cac                HAL_SYSCFG_AnalogSwitchConfig
 .text.LL_ADC_SetCommonClock
                0x0000000008000cd8       0x26 ./Drivers/STM32H7xx_HAL_Driver/Src/stm32h7xx_hal_adc.o
 .text.LL_ADC_SetCommonPathInternalCh
                0x0000000008000cfe       0x26 ./Drivers/STM32H7xx_HAL_Driver/Src/stm32h7xx_hal_adc.o
 .text.LL_ADC_GetCommonPathInternalCh
                0x0000000008000d24       0x1c ./Drivers/STM32H7xx_HAL_Driver/Src/stm32h7xx_hal_adc.o
 .text.LL_ADC_SetOffset
                0x0000000008000d40       0x40 ./Drivers/STM32H7xx_HAL_Driver/Src/stm32h7xx_hal_adc.o
 .text.LL_ADC_SetDataRightShift
                0x0000000008000d80       0x32 ./Drivers/STM32H7xx_HAL_Driver/Src/stm32h7xx_hal_adc.o
 .text.LL_ADC_SetOffsetSignedSaturation
                0x0000000008000db2       0x36 ./Drivers/STM32H7xx_HAL_Driver/Src/stm32h7xx_hal_adc.o
 .text.LL_ADC_REG_IsTriggerSourceSWStart
                0x0000000008000de8       0x26 ./Drivers/STM32H7xx_HAL_Driver/Src/stm32h7xx_hal_adc.o
 .text.LL_ADC_REG_SetSequencerRanks
                0x0000000008000e0e       0x58 ./Drivers/STM32H7xx_HAL_Driver/Src/stm32h7xx_hal_adc.o
 .text.LL_ADC_REG_SetDataTransferMode
                0x0000000008000e66       0x26 ./Drivers/STM32H7xx_HAL_Driver/Src/stm32h7xx_hal_adc.o
 .text.LL_ADC_SetChannelSamplingTime
                0x0000000008000e8c       0x56 ./Drivers/STM32H7xx_HAL_Driver/Src/stm32h7xx_hal_adc.o
 *fill*         0x0000000008000ee2        0x2 
 .text.LL_ADC_SetChannelSingleDiff
                0x0000000008000ee4       0x48 ./Drivers/STM32H7xx_HAL_Driver/Src/stm32h7xx_hal_adc.o
 .text.LL_ADC_GetMultimode
                0x0000000008000f2c       0x1c ./Drivers/STM32H7xx_HAL_Driver/Src/stm32h7xx_hal_adc.o
 .text.LL_ADC_DisableDeepPowerDown
                0x0000000008000f48       0x24 ./Drivers/STM32H7xx_HAL_Driver/Src/stm32h7xx_hal_adc.o
 .text.LL_ADC_IsDeepPowerDownEnabled
                0x0000000008000f6c       0x28 ./Drivers/STM32H7xx_HAL_Driver/Src/stm32h7xx_hal_adc.o
 .text.LL_ADC_EnableInternalRegulator
                0x0000000008000f94       0x28 ./Drivers/STM32H7xx_HAL_Driver/Src/stm32h7xx_hal_adc.o
 .text.LL_ADC_IsInternalRegulatorEnabled
                0x0000000008000fbc       0x28 ./Drivers/STM32H7xx_HAL_Driver/Src/stm32h7xx_hal_adc.o
 .text.LL_ADC_Enable
                0x0000000008000fe4       0x28 ./Drivers/STM32H7xx_HAL_Driver/Src/stm32h7xx_hal_adc.o
 .text.LL_ADC_IsEnabled
                0x000000000800100c       0x26 ./Drivers/STM32H7xx_HAL_Driver/Src/stm32h7xx_hal_adc.o
 *fill*         0x0000000008001032        0x2 
 .text.LL_ADC_REG_StartConversion
                0x0000000008001034       0x28 ./Drivers/STM32H7xx_HAL_Driver/Src/stm32h7xx_hal_adc.o
 .text.LL_ADC_REG_IsConversionOngoing
                0x000000000800105c       0x26 ./Drivers/STM32H7xx_HAL_Driver/Src/stm32h7xx_hal_adc.o
 .text.LL_ADC_INJ_IsConversionOngoing
                0x0000000008001082       0x26 ./Drivers/STM32H7xx_HAL_Driver/Src/stm32h7xx_hal_adc.o
 .text.HAL_ADC_Init
                0x00000000080010a8      0x344 ./Drivers/STM32H7xx_HAL_Driver/Src/stm32h7xx_hal_adc.o
                0x00000000080010a8                HAL_ADC_Init
 .text.HAL_ADC_Start_DMA
                0x00000000080013ec      0x188 ./Drivers/STM32H7xx_HAL_Driver/Src/stm32h7xx_hal_adc.o
                0x00000000080013ec                HAL_ADC_Start_DMA
 .text.HAL_ADC_ConvHalfCpltCallback
                0x0000000008001574       0x14 ./Drivers/STM32H7xx_HAL_Driver/Src/stm32h7xx_hal_adc.o
                0x0000000008001574                HAL_ADC_ConvHalfCpltCallback
 .text.HAL_ADC_ErrorCallback
                0x0000000008001588       0x14 ./Drivers/STM32H7xx_HAL_Driver/Src/stm32h7xx_hal_adc.o
                0x0000000008001588                HAL_ADC_ErrorCallback
 .text.HAL_ADC_ConfigChannel
                0x000000000800159c      0x6a0 ./Drivers/STM32H7xx_HAL_Driver/Src/stm32h7xx_hal_adc.o
                0x000000000800159c                HAL_ADC_ConfigChannel
 .text.ADC_Enable
                0x0000000008001c3c      0x114 ./Drivers/STM32H7xx_HAL_Driver/Src/stm32h7xx_hal_adc.o
                0x0000000008001c3c                ADC_Enable
 .text.ADC_DMAConvCplt
                0x0000000008001d50       0xd8 ./Drivers/STM32H7xx_HAL_Driver/Src/stm32h7xx_hal_adc.o
                0x0000000008001d50                ADC_DMAConvCplt
 .text.ADC_DMAHalfConvCplt
                0x0000000008001e28       0x1c ./Drivers/STM32H7xx_HAL_Driver/Src/stm32h7xx_hal_adc.o
                0x0000000008001e28                ADC_DMAHalfConvCplt
 .text.ADC_DMAError
                0x0000000008001e44       0x34 ./Drivers/STM32H7xx_HAL_Driver/Src/stm32h7xx_hal_adc.o
                0x0000000008001e44                ADC_DMAError
 .text.ADC_ConfigureBoostMode
                0x0000000008001e78      0x218 ./Drivers/STM32H7xx_HAL_Driver/Src/stm32h7xx_hal_adc.o
                0x0000000008001e78                ADC_ConfigureBoostMode
 .text.__NVIC_SetPriorityGrouping
                0x0000000008002090       0x48 ./Drivers/STM32H7xx_HAL_Driver/Src/stm32h7xx_hal_cortex.o
 .text.__NVIC_GetPriorityGrouping
                0x00000000080020d8       0x1c ./Drivers/STM32H7xx_HAL_Driver/Src/stm32h7xx_hal_cortex.o
 .text.__NVIC_EnableIRQ
                0x00000000080020f4       0x3c ./Drivers/STM32H7xx_HAL_Driver/Src/stm32h7xx_hal_cortex.o
 .text.__NVIC_SetPriority
                0x0000000008002130       0x54 ./Drivers/STM32H7xx_HAL_Driver/Src/stm32h7xx_hal_cortex.o
 .text.NVIC_EncodePriority
                0x0000000008002184       0x66 ./Drivers/STM32H7xx_HAL_Driver/Src/stm32h7xx_hal_cortex.o
 *fill*         0x00000000080021ea        0x2 
 .text.SysTick_Config
                0x00000000080021ec       0x44 ./Drivers/STM32H7xx_HAL_Driver/Src/stm32h7xx_hal_cortex.o
 .text.HAL_NVIC_SetPriorityGrouping
                0x0000000008002230       0x16 ./Drivers/STM32H7xx_HAL_Driver/Src/stm32h7xx_hal_cortex.o
                0x0000000008002230                HAL_NVIC_SetPriorityGrouping
 .text.HAL_NVIC_SetPriority
                0x0000000008002246       0x34 ./Drivers/STM32H7xx_HAL_Driver/Src/stm32h7xx_hal_cortex.o
                0x0000000008002246                HAL_NVIC_SetPriority
 .text.HAL_NVIC_EnableIRQ
                0x000000000800227a       0x1c ./Drivers/STM32H7xx_HAL_Driver/Src/stm32h7xx_hal_cortex.o
                0x000000000800227a                HAL_NVIC_EnableIRQ
 .text.HAL_SYSTICK_Config
                0x0000000008002296       0x18 ./Drivers/STM32H7xx_HAL_Driver/Src/stm32h7xx_hal_cortex.o
                0x0000000008002296                HAL_SYSTICK_Config
 *fill*         0x00000000080022ae        0x2 
 .text.HAL_DMA_Init
                0x00000000080022b0      0x6b8 ./Drivers/STM32H7xx_HAL_Driver/Src/stm32h7xx_hal_dma.o
                0x00000000080022b0                HAL_DMA_Init
 .text.HAL_DMA_Start_IT
                0x0000000008002968      0x4d4 ./Drivers/STM32H7xx_HAL_Driver/Src/stm32h7xx_hal_dma.o
                0x0000000008002968                HAL_DMA_Start_IT
 .text.HAL_DMA_IRQHandler
                0x0000000008002e3c      0xe54 ./Drivers/STM32H7xx_HAL_Driver/Src/stm32h7xx_hal_dma.o
                0x0000000008002e3c                HAL_DMA_IRQHandler
 .text.DMA_SetConfig
                0x0000000008003c90      0x358 ./Drivers/STM32H7xx_HAL_Driver/Src/stm32h7xx_hal_dma.o
 .text.DMA_CalcBaseAndBitshift
                0x0000000008003fe8      0x164 ./Drivers/STM32H7xx_HAL_Driver/Src/stm32h7xx_hal_dma.o
 .text.DMA_CheckFifoParam
                0x000000000800414c       0xf8 ./Drivers/STM32H7xx_HAL_Driver/Src/stm32h7xx_hal_dma.o
 .text.DMA_CalcDMAMUXChannelBaseAndMask
                0x0000000008004244      0x134 ./Drivers/STM32H7xx_HAL_Driver/Src/stm32h7xx_hal_dma.o
 .text.DMA_CalcDMAMUXRequestGenBaseAndMask
                0x0000000008004378       0xe8 ./Drivers/STM32H7xx_HAL_Driver/Src/stm32h7xx_hal_dma.o
 .text.HAL_GPIO_Init
                0x0000000008004460      0x360 ./Drivers/STM32H7xx_HAL_Driver/Src/stm32h7xx_hal_gpio.o
                0x0000000008004460                HAL_GPIO_Init
 .text.HAL_PWREx_ConfigSupply
                0x00000000080047c0       0x74 ./Drivers/STM32H7xx_HAL_Driver/Src/stm32h7xx_hal_pwr_ex.o
                0x00000000080047c0                HAL_PWREx_ConfigSupply
 .text.HAL_RCC_OscConfig
                0x0000000008004834      0x8b4 ./Drivers/STM32H7xx_HAL_Driver/Src/stm32h7xx_hal_rcc.o
                0x0000000008004834                HAL_RCC_OscConfig
 .text.HAL_RCC_ClockConfig
                0x00000000080050e8      0x36c ./Drivers/STM32H7xx_HAL_Driver/Src/stm32h7xx_hal_rcc.o
                0x00000000080050e8                HAL_RCC_ClockConfig
 .text.HAL_RCC_GetSysClockFreq
                0x0000000008005454      0x2f4 ./Drivers/STM32H7xx_HAL_Driver/Src/stm32h7xx_hal_rcc.o
                0x0000000008005454                HAL_RCC_GetSysClockFreq
 .text.HAL_RCC_GetHCLKFreq
                0x0000000008005748       0x60 ./Drivers/STM32H7xx_HAL_Driver/Src/stm32h7xx_hal_rcc.o
                0x0000000008005748                HAL_RCC_GetHCLKFreq
 .text.HAL_RCC_GetPCLK1Freq
                0x00000000080057a8       0x2c ./Drivers/STM32H7xx_HAL_Driver/Src/stm32h7xx_hal_rcc.o
                0x00000000080057a8                HAL_RCC_GetPCLK1Freq
 .text.HAL_RCCEx_PeriphCLKConfig
                0x00000000080057d4     0x1414 ./Drivers/STM32H7xx_HAL_Driver/Src/stm32h7xx_hal_rcc_ex.o
                0x00000000080057d4                HAL_RCCEx_PeriphCLKConfig
 .text.HAL_RCCEx_GetPeriphCLKFreq
                0x0000000008006be8      0xb00 ./Drivers/STM32H7xx_HAL_Driver/Src/stm32h7xx_hal_rcc_ex.o
                0x0000000008006be8                HAL_RCCEx_GetPeriphCLKFreq
 .text.HAL_RCCEx_GetD3PCLK1Freq
                0x00000000080076e8       0x2c ./Drivers/STM32H7xx_HAL_Driver/Src/stm32h7xx_hal_rcc_ex.o
                0x00000000080076e8                HAL_RCCEx_GetD3PCLK1Freq
 .text.HAL_RCCEx_GetPLL2ClockFreq
                0x0000000008007714      0x2a8 ./Drivers/STM32H7xx_HAL_Driver/Src/stm32h7xx_hal_rcc_ex.o
                0x0000000008007714                HAL_RCCEx_GetPLL2ClockFreq
 .text.HAL_RCCEx_GetPLL3ClockFreq
                0x00000000080079bc      0x2a8 ./Drivers/STM32H7xx_HAL_Driver/Src/stm32h7xx_hal_rcc_ex.o
                0x00000000080079bc                HAL_RCCEx_GetPLL3ClockFreq
 .text.HAL_RCCEx_GetPLL1ClockFreq
                0x0000000008007c64      0x2a4 ./Drivers/STM32H7xx_HAL_Driver/Src/stm32h7xx_hal_rcc_ex.o
                0x0000000008007c64                HAL_RCCEx_GetPLL1ClockFreq
 .text.RCCEx_PLL2_Config
                0x0000000008007f08      0x164 ./Drivers/STM32H7xx_HAL_Driver/Src/stm32h7xx_hal_rcc_ex.o
 .text.RCCEx_PLL3_Config
                0x000000000800806c      0x164 ./Drivers/STM32H7xx_HAL_Driver/Src/stm32h7xx_hal_rcc_ex.o
 .text.HAL_TIM_PWM_Init
                0x00000000080081d0       0xae ./Drivers/STM32H7xx_HAL_Driver/Src/stm32h7xx_hal_tim.o
                0x00000000080081d0                HAL_TIM_PWM_Init
 *fill*         0x000000000800827e        0x2 
 .text.HAL_TIM_PWM_Start
                0x0000000008008280      0x21c ./Drivers/STM32H7xx_HAL_Driver/Src/stm32h7xx_hal_tim.o
                0x0000000008008280                HAL_TIM_PWM_Start
 .text.HAL_TIM_PWM_ConfigChannel
                0x000000000800849c      0x228 ./Drivers/STM32H7xx_HAL_Driver/Src/stm32h7xx_hal_tim.o
                0x000000000800849c                HAL_TIM_PWM_ConfigChannel
 .text.TIM_Base_SetConfig
                0x00000000080086c4      0x134 ./Drivers/STM32H7xx_HAL_Driver/Src/stm32h7xx_hal_tim.o
                0x00000000080086c4                TIM_Base_SetConfig
 .text.TIM_OC1_SetConfig
                0x00000000080087f8      0x120 ./Drivers/STM32H7xx_HAL_Driver/Src/stm32h7xx_hal_tim.o
 .text.TIM_OC2_SetConfig
                0x0000000008008918      0x114 ./Drivers/STM32H7xx_HAL_Driver/Src/stm32h7xx_hal_tim.o
                0x0000000008008918                TIM_OC2_SetConfig
 .text.TIM_OC3_SetConfig
                0x0000000008008a2c      0x110 ./Drivers/STM32H7xx_HAL_Driver/Src/stm32h7xx_hal_tim.o
 .text.TIM_OC4_SetConfig
                0x0000000008008b3c       0xd4 ./Drivers/STM32H7xx_HAL_Driver/Src/stm32h7xx_hal_tim.o
 .text.TIM_OC5_SetConfig
                0x0000000008008c10       0xc8 ./Drivers/STM32H7xx_HAL_Driver/Src/stm32h7xx_hal_tim.o
 .text.TIM_OC6_SetConfig
                0x0000000008008cd8       0xcc ./Drivers/STM32H7xx_HAL_Driver/Src/stm32h7xx_hal_tim.o
 .text.TIM_CCxChannelCmd
                0x0000000008008da4       0x4a ./Drivers/STM32H7xx_HAL_Driver/Src/stm32h7xx_hal_tim.o
                0x0000000008008da4                TIM_CCxChannelCmd
 *fill*         0x0000000008008dee        0x2 
 .text.HAL_TIMEx_MasterConfigSynchronization
                0x0000000008008df0      0x11c ./Drivers/STM32H7xx_HAL_Driver/Src/stm32h7xx_hal_tim_ex.o
                0x0000000008008df0                HAL_TIMEx_MasterConfigSynchronization
 .text.HAL_TIMEx_ConfigBreakDeadTime
                0x0000000008008f0c       0xfc ./Drivers/STM32H7xx_HAL_Driver/Src/stm32h7xx_hal_tim_ex.o
                0x0000000008008f0c                HAL_TIMEx_ConfigBreakDeadTime
 .text.__libc_init_array
                0x0000000008009008       0x48 c:/st/stm32cubeide_1.12.0/stm32cubeide/plugins/com.st.stm32cube.ide.mcu.externaltools.gnu-tools-for-stm32.10.3-2021.10.win32_1.0.200.202301161003/tools/bin/../lib/gcc/arm-none-eabi/10.3.1/../../../../arm-none-eabi/lib/thumb/v7e-m+dp/hard\libc_nano.a(lib_a-init.o)
                0x0000000008009008                __libc_init_array
 .text.memset   0x0000000008009050       0x10 c:/st/stm32cubeide_1.12.0/stm32cubeide/plugins/com.st.stm32cube.ide.mcu.externaltools.gnu-tools-for-stm32.10.3-2021.10.win32_1.0.200.202301161003/tools/bin/../lib/gcc/arm-none-eabi/10.3.1/../../../../arm-none-eabi/lib/thumb/v7e-m+dp/hard\libc_nano.a(lib_a-memset.o)
                0x0000000008009050                memset
 *(.glue_7)
 .glue_7        0x0000000008009060        0x0 linker stubs
 *(.glue_7t)
 .glue_7t       0x0000000008009060        0x0 linker stubs
 *(.eh_frame)
 .eh_frame      0x0000000008009060        0x0 c:/st/stm32cubeide_1.12.0/stm32cubeide/plugins/com.st.stm32cube.ide.mcu.externaltools.gnu-tools-for-stm32.10.3-2021.10.win32_1.0.200.202301161003/tools/bin/../lib/gcc/arm-none-eabi/10.3.1/thumb/v7e-m+dp/hard/crtbegin.o
 *(.init)
 .init          0x0000000008009060        0x4 c:/st/stm32cubeide_1.12.0/stm32cubeide/plugins/com.st.stm32cube.ide.mcu.externaltools.gnu-tools-for-stm32.10.3-2021.10.win32_1.0.200.202301161003/tools/bin/../lib/gcc/arm-none-eabi/10.3.1/thumb/v7e-m+dp/hard/crti.o
                0x0000000008009060                _init
 .init          0x0000000008009064        0x8 c:/st/stm32cubeide_1.12.0/stm32cubeide/plugins/com.st.stm32cube.ide.mcu.externaltools.gnu-tools-for-stm32.10.3-2021.10.win32_1.0.200.202301161003/tools/bin/../lib/gcc/arm-none-eabi/10.3.1/thumb/v7e-m+dp/hard/crtn.o
 *(.fini)
 .fini          0x000000000800906c        0x4 c:/st/stm32cubeide_1.12.0/stm32cubeide/plugins/com.st.stm32cube.ide.mcu.externaltools.gnu-tools-for-stm32.10.3-2021.10.win32_1.0.200.202301161003/tools/bin/../lib/gcc/arm-none-eabi/10.3.1/thumb/v7e-m+dp/hard/crti.o
                0x000000000800906c                _fini
 .fini          0x0000000008009070        0x8 c:/st/stm32cubeide_1.12.0/stm32cubeide/plugins/com.st.stm32cube.ide.mcu.externaltools.gnu-tools-for-stm32.10.3-2021.10.win32_1.0.200.202301161003/tools/bin/../lib/gcc/arm-none-eabi/10.3.1/thumb/v7e-m+dp/hard/crtn.o
                0x0000000008009078                . = ALIGN (0x4)
                0x0000000008009078                _etext = .

.vfp11_veneer   0x0000000008009078        0x0
 .vfp11_veneer  0x0000000008009078        0x0 linker stubs

.v4_bx          0x0000000008009078        0x0
 .v4_bx         0x0000000008009078        0x0 linker stubs

.iplt           0x0000000008009078        0x0
 .iplt          0x0000000008009078        0x0 c:/st/stm32cubeide_1.12.0/stm32cubeide/plugins/com.st.stm32cube.ide.mcu.externaltools.gnu-tools-for-stm32.10.3-2021.10.win32_1.0.200.202301161003/tools/bin/../lib/gcc/arm-none-eabi/10.3.1/thumb/v7e-m+dp/hard/crtbegin.o

.rodata         0x0000000008009078       0x18
                0x0000000008009078                . = ALIGN (0x4)
 *(.rodata)
 *(.rodata*)
 .rodata.D1CorePrescTable
                0x0000000008009078       0x10 ./Core/Src/system_stm32h7xx.o
                0x0000000008009078                D1CorePrescTable
 .rodata.flagBitshiftOffset.0
                0x0000000008009088        0x8 ./Drivers/STM32H7xx_HAL_Driver/Src/stm32h7xx_hal_dma.o
                0x0000000008009090                . = ALIGN (0x4)

.rel.dyn        0x0000000008009090        0x0
 .rel.iplt      0x0000000008009090        0x0 c:/st/stm32cubeide_1.12.0/stm32cubeide/plugins/com.st.stm32cube.ide.mcu.externaltools.gnu-tools-for-stm32.10.3-2021.10.win32_1.0.200.202301161003/tools/bin/../lib/gcc/arm-none-eabi/10.3.1/thumb/v7e-m+dp/hard/crtbegin.o

.ARM.extab
 *(.ARM.extab* .gnu.linkonce.armextab.*)

.ARM            0x0000000008009090        0x0
                0x0000000008009090                __exidx_start = .
 *(.ARM.exidx*)
                0x0000000008009090                __exidx_end = .

.preinit_array  0x0000000008009090        0x0
                0x0000000008009090                PROVIDE (__preinit_array_start = .)
 *(.preinit_array*)
                0x0000000008009090                PROVIDE (__preinit_array_end = .)

.init_array     0x0000000008009090        0x4
                0x0000000008009090                PROVIDE (__init_array_start = .)
 *(SORT_BY_NAME(.init_array.*))
 *(.init_array*)
 .init_array    0x0000000008009090        0x4 c:/st/stm32cubeide_1.12.0/stm32cubeide/plugins/com.st.stm32cube.ide.mcu.externaltools.gnu-tools-for-stm32.10.3-2021.10.win32_1.0.200.202301161003/tools/bin/../lib/gcc/arm-none-eabi/10.3.1/thumb/v7e-m+dp/hard/crtbegin.o
                0x0000000008009094                PROVIDE (__init_array_end = .)

.fini_array     0x0000000008009094        0x4
                [!provide]                        PROVIDE (__fini_array_start = .)
 *(SORT_BY_NAME(.fini_array.*))
 *(.fini_array*)
 .fini_array    0x0000000008009094        0x4 c:/st/stm32cubeide_1.12.0/stm32cubeide/plugins/com.st.stm32cube.ide.mcu.externaltools.gnu-tools-for-stm32.10.3-2021.10.win32_1.0.200.202301161003/tools/bin/../lib/gcc/arm-none-eabi/10.3.1/thumb/v7e-m+dp/hard/crtbegin.o
                [!provide]                        PROVIDE (__fini_array_end = .)
                0x0000000008009098                _sidata = LOADADDR (.data)

.data           0x0000000024000000       0x10 load address 0x0000000008009098
                0x0000000024000000                . = ALIGN (0x4)
                0x0000000024000000                _sdata = .
 *(.data)
 *(.data*)
 .data.SystemCoreClock
                0x0000000024000000        0x4 ./Core/Src/system_stm32h7xx.o
                0x0000000024000000                SystemCoreClock
 .data.SystemD2Clock
                0x0000000024000004        0x4 ./Core/Src/system_stm32h7xx.o
                0x0000000024000004                SystemD2Clock
 .data.uwTickPrio
                0x0000000024000008        0x4 ./Drivers/STM32H7xx_HAL_Driver/Src/stm32h7xx_hal.o
                0x0000000024000008                uwTickPrio
 .data.uwTickFreq
                0x000000002400000c        0x1 ./Drivers/STM32H7xx_HAL_Driver/Src/stm32h7xx_hal.o
                0x000000002400000c                uwTickFreq
 *(.RamFunc)
 *(.RamFunc*)
                0x0000000024000010                . = ALIGN (0x4)
 *fill*         0x000000002400000d        0x3 
                0x0000000024000010                _edata = .

.igot.plt       0x0000000024000010        0x0 load address 0x00000000080090a8
 .igot.plt      0x0000000024000010        0x0 c:/st/stm32cubeide_1.12.0/stm32cubeide/plugins/com.st.stm32cube.ide.mcu.externaltools.gnu-tools-for-stm32.10.3-2021.10.win32_1.0.200.202301161003/tools/bin/../lib/gcc/arm-none-eabi/10.3.1/thumb/v7e-m+dp/hard/crtbegin.o
                0x0000000024000010                . = ALIGN (0x4)

.bss            0x0000000024000010      0x150 load address 0x00000000080090a8
                0x0000000024000010                _sbss = .
                0x0000000024000010                __bss_start__ = _sbss
 *(.bss)
 .bss           0x0000000024000010       0x1c c:/st/stm32cubeide_1.12.0/stm32cubeide/plugins/com.st.stm32cube.ide.mcu.externaltools.gnu-tools-for-stm32.10.3-2021.10.win32_1.0.200.202301161003/tools/bin/../lib/gcc/arm-none-eabi/10.3.1/thumb/v7e-m+dp/hard/crtbegin.o
 *(.bss*)
 .bss.hadc3     0x000000002400002c       0x64 ./Core/Src/main.o
                0x000000002400002c                hadc3
 .bss.hdma_adc3
                0x0000000024000090       0x78 ./Core/Src/main.o
                0x0000000024000090                hdma_adc3
 .bss.htim1     0x0000000024000108       0x4c ./Core/Src/main.o
                0x0000000024000108                htim1
 .bss.ADC_Data  0x0000000024000154        0x2 ./Core/Src/main.o
                0x0000000024000154                ADC_Data
 *fill*         0x0000000024000156        0x2 
 .bss.ADC_Converted
                0x0000000024000158        0x4 ./Core/Src/main.o
                0x0000000024000158                ADC_Converted
 .bss.uwTick    0x000000002400015c        0x4 ./Drivers/STM32H7xx_HAL_Driver/Src/stm32h7xx_hal.o
                0x000000002400015c                uwTick
 *(COMMON)
                0x0000000024000160                . = ALIGN (0x4)
                0x0000000024000160                _ebss = .
                0x0000000024000160                __bss_end__ = _ebss

._user_heap_stack
                0x0000000024000160      0x600 load address 0x00000000080090a8
                0x0000000024000160                . = ALIGN (0x8)
                [!provide]                        PROVIDE (end = .)
                0x0000000024000160                PROVIDE (_end = .)
                0x0000000024000360                . = (. + _Min_Heap_Size)
 *fill*         0x0000000024000160      0x200 
                0x0000000024000760                . = (. + _Min_Stack_Size)
 *fill*         0x0000000024000360      0x400 
                0x0000000024000760                . = ALIGN (0x8)

/DISCARD/
 libc.a(*)
 libm.a(*)
 libgcc.a(*)

.ARM.attributes
                0x0000000000000000       0x2e
 *(.ARM.attributes)
 .ARM.attributes
                0x0000000000000000       0x1e c:/st/stm32cubeide_1.12.0/stm32cubeide/plugins/com.st.stm32cube.ide.mcu.externaltools.gnu-tools-for-stm32.10.3-2021.10.win32_1.0.200.202301161003/tools/bin/../lib/gcc/arm-none-eabi/10.3.1/thumb/v7e-m+dp/hard/crti.o
 .ARM.attributes
                0x000000000000001e       0x32 c:/st/stm32cubeide_1.12.0/stm32cubeide/plugins/com.st.stm32cube.ide.mcu.externaltools.gnu-tools-for-stm32.10.3-2021.10.win32_1.0.200.202301161003/tools/bin/../lib/gcc/arm-none-eabi/10.3.1/thumb/v7e-m+dp/hard/crtbegin.o
 .ARM.attributes
                0x0000000000000050       0x32 ./Core/Src/main.o
 .ARM.attributes
                0x0000000000000082       0x32 ./Core/Src/stm32h7xx_hal_msp.o
 .ARM.attributes
                0x00000000000000b4       0x32 ./Core/Src/stm32h7xx_it.o
 .ARM.attributes
                0x00000000000000e6       0x32 ./Core/Src/system_stm32h7xx.o
 .ARM.attributes
                0x0000000000000118       0x21 ./Core/Startup/startup_stm32h750vbtx.o
 .ARM.attributes
                0x0000000000000139       0x32 ./Drivers/STM32H7xx_HAL_Driver/Src/stm32h7xx_hal.o
 .ARM.attributes
                0x000000000000016b       0x32 ./Drivers/STM32H7xx_HAL_Driver/Src/stm32h7xx_hal_adc.o
 .ARM.attributes
                0x000000000000019d       0x32 ./Drivers/STM32H7xx_HAL_Driver/Src/stm32h7xx_hal_cortex.o
 .ARM.attributes
                0x00000000000001cf       0x32 ./Drivers/STM32H7xx_HAL_Driver/Src/stm32h7xx_hal_dma.o
 .ARM.attributes
                0x0000000000000201       0x32 ./Drivers/STM32H7xx_HAL_Driver/Src/stm32h7xx_hal_gpio.o
 .ARM.attributes
                0x0000000000000233       0x32 ./Drivers/STM32H7xx_HAL_Driver/Src/stm32h7xx_hal_pwr_ex.o
 .ARM.attributes
                0x0000000000000265       0x32 ./Drivers/STM32H7xx_HAL_Driver/Src/stm32h7xx_hal_rcc.o
 .ARM.attributes
                0x0000000000000297       0x32 ./Drivers/STM32H7xx_HAL_Driver/Src/stm32h7xx_hal_rcc_ex.o
 .ARM.attributes
                0x00000000000002c9       0x32 ./Drivers/STM32H7xx_HAL_Driver/Src/stm32h7xx_hal_tim.o
 .ARM.attributes
                0x00000000000002fb       0x32 ./Drivers/STM32H7xx_HAL_Driver/Src/stm32h7xx_hal_tim_ex.o
 .ARM.attributes
                0x000000000000032d       0x32 c:/st/stm32cubeide_1.12.0/stm32cubeide/plugins/com.st.stm32cube.ide.mcu.externaltools.gnu-tools-for-stm32.10.3-2021.10.win32_1.0.200.202301161003/tools/bin/../lib/gcc/arm-none-eabi/10.3.1/../../../../arm-none-eabi/lib/thumb/v7e-m+dp/hard\libc_nano.a(lib_a-init.o)
 .ARM.attributes
                0x000000000000035f       0x32 c:/st/stm32cubeide_1.12.0/stm32cubeide/plugins/com.st.stm32cube.ide.mcu.externaltools.gnu-tools-for-stm32.10.3-2021.10.win32_1.0.200.202301161003/tools/bin/../lib/gcc/arm-none-eabi/10.3.1/../../../../arm-none-eabi/lib/thumb/v7e-m+dp/hard\libc_nano.a(lib_a-memset.o)
 .ARM.attributes
                0x0000000000000391       0x1e c:/st/stm32cubeide_1.12.0/stm32cubeide/plugins/com.st.stm32cube.ide.mcu.externaltools.gnu-tools-for-stm32.10.3-2021.10.win32_1.0.200.202301161003/tools/bin/../lib/gcc/arm-none-eabi/10.3.1/thumb/v7e-m+dp/hard/crtn.o
OUTPUT(bldc_odrive.elf elf32-littlearm)
LOAD linker stubs
LOAD c:/st/stm32cubeide_1.12.0/stm32cubeide/plugins/com.st.stm32cube.ide.mcu.externaltools.gnu-tools-for-stm32.10.3-2021.10.win32_1.0.200.202301161003/tools/bin/../lib/gcc/arm-none-eabi/10.3.1/../../../../arm-none-eabi/lib/thumb/v7e-m+dp/hard\libc.a
LOAD c:/st/stm32cubeide_1.12.0/stm32cubeide/plugins/com.st.stm32cube.ide.mcu.externaltools.gnu-tools-for-stm32.10.3-2021.10.win32_1.0.200.202301161003/tools/bin/../lib/gcc/arm-none-eabi/10.3.1/../../../../arm-none-eabi/lib/thumb/v7e-m+dp/hard\libm.a
LOAD c:/st/stm32cubeide_1.12.0/stm32cubeide/plugins/com.st.stm32cube.ide.mcu.externaltools.gnu-tools-for-stm32.10.3-2021.10.win32_1.0.200.202301161003/tools/bin/../lib/gcc/arm-none-eabi/10.3.1/thumb/v7e-m+dp/hard\libgcc.a

.debug_info     0x0000000000000000    0x1216a
 .debug_info    0x0000000000000000     0x1e3d ./Core/Src/main.o
 .debug_info    0x0000000000001e3d     0x1670 ./Core/Src/stm32h7xx_hal_msp.o
 .debug_info    0x00000000000034ad      0x4a5 ./Core/Src/stm32h7xx_it.o
 .debug_info    0x0000000000003952      0xd07 ./Core/Src/system_stm32h7xx.o
 .debug_info    0x0000000000004659       0x22 ./Core/Startup/startup_stm32h750vbtx.o
 .debug_info    0x000000000000467b     0x15dd ./Drivers/STM32H7xx_HAL_Driver/Src/stm32h7xx_hal.o
 .debug_info    0x0000000000005c58     0x1fb5 ./Drivers/STM32H7xx_HAL_Driver/Src/stm32h7xx_hal_adc.o
 .debug_info    0x0000000000007c0d     0x1173 ./Drivers/STM32H7xx_HAL_Driver/Src/stm32h7xx_hal_cortex.o
 .debug_info    0x0000000000008d80      0xcd5 ./Drivers/STM32H7xx_HAL_Driver/Src/stm32h7xx_hal_dma.o
 .debug_info    0x0000000000009a55      0xd28 ./Drivers/STM32H7xx_HAL_Driver/Src/stm32h7xx_hal_gpio.o
 .debug_info    0x000000000000a77d     0x109d ./Drivers/STM32H7xx_HAL_Driver/Src/stm32h7xx_hal_pwr_ex.o
 .debug_info    0x000000000000b81a      0xf4a ./Drivers/STM32H7xx_HAL_Driver/Src/stm32h7xx_hal_rcc.o
 .debug_info    0x000000000000c764     0x12d9 ./Drivers/STM32H7xx_HAL_Driver/Src/stm32h7xx_hal_rcc_ex.o
 .debug_info    0x000000000000da3d     0x2e05 ./Drivers/STM32H7xx_HAL_Driver/Src/stm32h7xx_hal_tim.o
 .debug_info    0x0000000000010842     0x1928 ./Drivers/STM32H7xx_HAL_Driver/Src/stm32h7xx_hal_tim_ex.o

.debug_abbrev   0x0000000000000000     0x2100
 .debug_abbrev  0x0000000000000000      0x30a ./Core/Src/main.o
 .debug_abbrev  0x000000000000030a      0x235 ./Core/Src/stm32h7xx_hal_msp.o
 .debug_abbrev  0x000000000000053f      0x15f ./Core/Src/stm32h7xx_it.o
 .debug_abbrev  0x000000000000069e      0x147 ./Core/Src/system_stm32h7xx.o
 .debug_abbrev  0x00000000000007e5       0x12 ./Core/Startup/startup_stm32h750vbtx.o
 .debug_abbrev  0x00000000000007f7      0x289 ./Drivers/STM32H7xx_HAL_Driver/Src/stm32h7xx_hal.o
 .debug_abbrev  0x0000000000000a80      0x2bf ./Drivers/STM32H7xx_HAL_Driver/Src/stm32h7xx_hal_adc.o
 .debug_abbrev  0x0000000000000d3f      0x329 ./Drivers/STM32H7xx_HAL_Driver/Src/stm32h7xx_hal_cortex.o
 .debug_abbrev  0x0000000000001068      0x239 ./Drivers/STM32H7xx_HAL_Driver/Src/stm32h7xx_hal_dma.o
 .debug_abbrev  0x00000000000012a1      0x1ec ./Drivers/STM32H7xx_HAL_Driver/Src/stm32h7xx_hal_gpio.o
 .debug_abbrev  0x000000000000148d      0x28f ./Drivers/STM32H7xx_HAL_Driver/Src/stm32h7xx_hal_pwr_ex.o
 .debug_abbrev  0x000000000000171c      0x2b8 ./Drivers/STM32H7xx_HAL_Driver/Src/stm32h7xx_hal_rcc.o
 .debug_abbrev  0x00000000000019d4      0x25c ./Drivers/STM32H7xx_HAL_Driver/Src/stm32h7xx_hal_rcc_ex.o
 .debug_abbrev  0x0000000000001c30      0x264 ./Drivers/STM32H7xx_HAL_Driver/Src/stm32h7xx_hal_tim.o
 .debug_abbrev  0x0000000000001e94      0x26c ./Drivers/STM32H7xx_HAL_Driver/Src/stm32h7xx_hal_tim_ex.o

.debug_aranges  0x0000000000000000      0xf78
 .debug_aranges
                0x0000000000000000       0x60 ./Core/Src/main.o
 .debug_aranges
                0x0000000000000060       0x48 ./Core/Src/stm32h7xx_hal_msp.o
 .debug_aranges
                0x00000000000000a8       0x68 ./Core/Src/stm32h7xx_it.o
 .debug_aranges
                0x0000000000000110       0x28 ./Core/Src/system_stm32h7xx.o
 .debug_aranges
                0x0000000000000138       0x28 ./Core/Startup/startup_stm32h750vbtx.o
 .debug_aranges
                0x0000000000000160      0x198 ./Drivers/STM32H7xx_HAL_Driver/Src/stm32h7xx_hal.o
 .debug_aranges
                0x00000000000002f8      0x228 ./Drivers/STM32H7xx_HAL_Driver/Src/stm32h7xx_hal_adc.o
 .debug_aranges
                0x0000000000000520      0x120 ./Drivers/STM32H7xx_HAL_Driver/Src/stm32h7xx_hal_cortex.o
 .debug_aranges
                0x0000000000000640       0xa0 ./Drivers/STM32H7xx_HAL_Driver/Src/stm32h7xx_hal_dma.o
 .debug_aranges
                0x00000000000006e0       0x58 ./Drivers/STM32H7xx_HAL_Driver/Src/stm32h7xx_hal_gpio.o
 .debug_aranges
                0x0000000000000738      0x158 ./Drivers/STM32H7xx_HAL_Driver/Src/stm32h7xx_hal_pwr_ex.o
 .debug_aranges
                0x0000000000000890       0x88 ./Drivers/STM32H7xx_HAL_Driver/Src/stm32h7xx_hal_rcc.o
 .debug_aranges
                0x0000000000000918       0xf8 ./Drivers/STM32H7xx_HAL_Driver/Src/stm32h7xx_hal_rcc_ex.o
 .debug_aranges
                0x0000000000000a10      0x3e0 ./Drivers/STM32H7xx_HAL_Driver/Src/stm32h7xx_hal_tim.o
 .debug_aranges
                0x0000000000000df0      0x188 ./Drivers/STM32H7xx_HAL_Driver/Src/stm32h7xx_hal_tim_ex.o

.debug_ranges   0x0000000000000000      0xe90
 .debug_ranges  0x0000000000000000       0x50 ./Core/Src/main.o
 .debug_ranges  0x0000000000000050       0x38 ./Core/Src/stm32h7xx_hal_msp.o
 .debug_ranges  0x0000000000000088       0x58 ./Core/Src/stm32h7xx_it.o
 .debug_ranges  0x00000000000000e0       0x18 ./Core/Src/system_stm32h7xx.o
 .debug_ranges  0x00000000000000f8       0x20 ./Core/Startup/startup_stm32h750vbtx.o
 .debug_ranges  0x0000000000000118      0x188 ./Drivers/STM32H7xx_HAL_Driver/Src/stm32h7xx_hal.o
 .debug_ranges  0x00000000000002a0      0x218 ./Drivers/STM32H7xx_HAL_Driver/Src/stm32h7xx_hal_adc.o
 .debug_ranges  0x00000000000004b8      0x110 ./Drivers/STM32H7xx_HAL_Driver/Src/stm32h7xx_hal_cortex.o
 .debug_ranges  0x00000000000005c8       0x90 ./Drivers/STM32H7xx_HAL_Driver/Src/stm32h7xx_hal_dma.o
 .debug_ranges  0x0000000000000658       0x48 ./Drivers/STM32H7xx_HAL_Driver/Src/stm32h7xx_hal_gpio.o
 .debug_ranges  0x00000000000006a0      0x148 ./Drivers/STM32H7xx_HAL_Driver/Src/stm32h7xx_hal_pwr_ex.o
 .debug_ranges  0x00000000000007e8       0x78 ./Drivers/STM32H7xx_HAL_Driver/Src/stm32h7xx_hal_rcc.o
 .debug_ranges  0x0000000000000860       0xe8 ./Drivers/STM32H7xx_HAL_Driver/Src/stm32h7xx_hal_rcc_ex.o
 .debug_ranges  0x0000000000000948      0x3d0 ./Drivers/STM32H7xx_HAL_Driver/Src/stm32h7xx_hal_tim.o
 .debug_ranges  0x0000000000000d18      0x178 ./Drivers/STM32H7xx_HAL_Driver/Src/stm32h7xx_hal_tim_ex.o

.debug_macro    0x0000000000000000    0x3810c
 .debug_macro   0x0000000000000000      0x2c7 ./Core/Src/main.o
 .debug_macro   0x00000000000002c7      0xa90 ./Core/Src/main.o
 .debug_macro   0x0000000000000d57      0x238 ./Core/Src/main.o
 .debug_macro   0x0000000000000f8f       0x2e ./Core/Src/main.o
 .debug_macro   0x0000000000000fbd       0x3b ./Core/Src/main.o
 .debug_macro   0x0000000000000ff8       0x22 ./Core/Src/main.o
 .debug_macro   0x000000000000101a       0x8e ./Core/Src/main.o
 .debug_macro   0x00000000000010a8       0x51 ./Core/Src/main.o
 .debug_macro   0x00000000000010f9      0x103 ./Core/Src/main.o
 .debug_macro   0x00000000000011fc       0x6a ./Core/Src/main.o
 .debug_macro   0x0000000000001266      0x1df ./Core/Src/main.o
 .debug_macro   0x0000000000001445       0x1c ./Core/Src/main.o
 .debug_macro   0x0000000000001461       0x22 ./Core/Src/main.o
 .debug_macro   0x0000000000001483       0xfb ./Core/Src/main.o
 .debug_macro   0x000000000000157e     0x1305 ./Core/Src/main.o
 .debug_macro   0x0000000000002883      0x11f ./Core/Src/main.o
 .debug_macro   0x00000000000029a2       0x27 ./Core/Src/main.o
 .debug_macro   0x00000000000029c9    0x25e77 ./Core/Src/main.o
 .debug_macro   0x0000000000028840       0x6d ./Core/Src/main.o
 .debug_macro   0x00000000000288ad     0x3d5d ./Core/Src/main.o
 .debug_macro   0x000000000002c60a      0x174 ./Core/Src/main.o
 .debug_macro   0x000000000002c77e       0x52 ./Core/Src/main.o
 .debug_macro   0x000000000002c7d0       0x1d ./Core/Src/main.o
 .debug_macro   0x000000000002c7ed       0x3c ./Core/Src/main.o
 .debug_macro   0x000000000002c829       0x34 ./Core/Src/main.o
 .debug_macro   0x000000000002c85d       0x16 ./Core/Src/main.o
 .debug_macro   0x000000000002c873       0x43 ./Core/Src/main.o
 .debug_macro   0x000000000002c8b6       0x34 ./Core/Src/main.o
 .debug_macro   0x000000000002c8ea       0x10 ./Core/Src/main.o
 .debug_macro   0x000000000002c8fa       0x58 ./Core/Src/main.o
 .debug_macro   0x000000000002c952       0x71 ./Core/Src/main.o
 .debug_macro   0x000000000002c9c3       0x1c ./Core/Src/main.o
 .debug_macro   0x000000000002c9df      0x12a ./Core/Src/main.o
 .debug_macro   0x000000000002cb09      0x341 ./Core/Src/main.o
 .debug_macro   0x000000000002ce4a      0x19b ./Core/Src/main.o
 .debug_macro   0x000000000002cfe5       0x5d ./Core/Src/main.o
 .debug_macro   0x000000000002d042     0x240e ./Core/Src/main.o
 .debug_macro   0x000000000002f450     0x102c ./Core/Src/main.o
 .debug_macro   0x000000000003047c      0x154 ./Core/Src/main.o
 .debug_macro   0x00000000000305d0      0x114 ./Core/Src/main.o
 .debug_macro   0x00000000000306e4      0x3b2 ./Core/Src/main.o
 .debug_macro   0x0000000000030a96       0xac ./Core/Src/main.o
 .debug_macro   0x0000000000030b42      0x72d ./Core/Src/main.o
 .debug_macro   0x000000000003126f      0x228 ./Core/Src/main.o
 .debug_macro   0x0000000000031497       0x66 ./Core/Src/main.o
 .debug_macro   0x00000000000314fd      0x3bb ./Core/Src/main.o
 .debug_macro   0x00000000000318b8      0x3e4 ./Core/Src/main.o
 .debug_macro   0x0000000000031c9c      0x275 ./Core/Src/main.o
 .debug_macro   0x0000000000031f11     0x1044 ./Core/Src/main.o
 .debug_macro   0x0000000000032f55      0x6cc ./Core/Src/main.o
 .debug_macro   0x0000000000033621      0x36e ./Core/Src/main.o
 .debug_macro   0x000000000003398f      0x3ca ./Core/Src/main.o
 .debug_macro   0x0000000000033d59      0x3de ./Core/Src/main.o
 .debug_macro   0x0000000000034137       0x3c ./Core/Src/main.o
 .debug_macro   0x0000000000034173       0x4a ./Core/Src/main.o
 .debug_macro   0x00000000000341bd      0x22c ./Core/Src/main.o
 .debug_macro   0x00000000000343e9       0x67 ./Core/Src/main.o
 .debug_macro   0x0000000000034450       0xa5 ./Core/Src/main.o
 .debug_macro   0x00000000000344f5      0x1c4 ./Core/Src/main.o
 .debug_macro   0x00000000000346b9      0x25e ./Core/Src/main.o
 .debug_macro   0x0000000000034917       0x35 ./Core/Src/main.o
 .debug_macro   0x000000000003494c      0xaf3 ./Core/Src/main.o
 .debug_macro   0x000000000003543f      0x29f ./Core/Src/main.o
 .debug_macro   0x00000000000356de      0x5a0 ./Core/Src/main.o
 .debug_macro   0x0000000000035c7e      0x2c1 ./Core/Src/stm32h7xx_hal_msp.o
 .debug_macro   0x0000000000035f3f      0x2cb ./Core/Src/stm32h7xx_it.o
 .debug_macro   0x000000000003620a      0x2b7 ./Core/Src/system_stm32h7xx.o
 .debug_macro   0x00000000000364c1      0x2e1 ./Drivers/STM32H7xx_HAL_Driver/Src/stm32h7xx_hal.o
 .debug_macro   0x00000000000367a2      0x2db ./Drivers/STM32H7xx_HAL_Driver/Src/stm32h7xx_hal_adc.o
 .debug_macro   0x0000000000036a7d      0x2b7 ./Drivers/STM32H7xx_HAL_Driver/Src/stm32h7xx_hal_cortex.o
 .debug_macro   0x0000000000036d34      0x30b ./Drivers/STM32H7xx_HAL_Driver/Src/stm32h7xx_hal_dma.o
 .debug_macro   0x000000000003703f      0x2be ./Drivers/STM32H7xx_HAL_Driver/Src/stm32h7xx_hal_gpio.o
 .debug_macro   0x00000000000372fd      0x2f0 ./Drivers/STM32H7xx_HAL_Driver/Src/stm32h7xx_hal_pwr_ex.o
 .debug_macro   0x00000000000375ed      0x2db ./Drivers/STM32H7xx_HAL_Driver/Src/stm32h7xx_hal_rcc.o
 .debug_macro   0x00000000000378c8      0x2d5 ./Drivers/STM32H7xx_HAL_Driver/Src/stm32h7xx_hal_rcc_ex.o
 .debug_macro   0x0000000000037b9d      0x2b8 ./Drivers/STM32H7xx_HAL_Driver/Src/stm32h7xx_hal_tim.o
 .debug_macro   0x0000000000037e55      0x2b7 ./Drivers/STM32H7xx_HAL_Driver/Src/stm32h7xx_hal_tim_ex.o

.debug_line     0x0000000000000000    0x1384d
 .debug_line    0x0000000000000000      0xa98 ./Core/Src/main.o
 .debug_line    0x0000000000000a98      0x954 ./Core/Src/stm32h7xx_hal_msp.o
 .debug_line    0x00000000000013ec      0x944 ./Core/Src/stm32h7xx_it.o
 .debug_line    0x0000000000001d30      0xa19 ./Core/Src/system_stm32h7xx.o
 .debug_line    0x0000000000002749       0x88 ./Core/Startup/startup_stm32h750vbtx.o
 .debug_line    0x00000000000027d1      0xe17 ./Drivers/STM32H7xx_HAL_Driver/Src/stm32h7xx_hal.o
 .debug_line    0x00000000000035e8     0x2370 ./Drivers/STM32H7xx_HAL_Driver/Src/stm32h7xx_hal_adc.o
 .debug_line    0x0000000000005958      0xe1d ./Drivers/STM32H7xx_HAL_Driver/Src/stm32h7xx_hal_cortex.o
 .debug_line    0x0000000000006775     0x2766 ./Drivers/STM32H7xx_HAL_Driver/Src/stm32h7xx_hal_dma.o
 .debug_line    0x0000000000008edb      0xcda ./Drivers/STM32H7xx_HAL_Driver/Src/stm32h7xx_hal_gpio.o
 .debug_line    0x0000000000009bb5      0xf31 ./Drivers/STM32H7xx_HAL_Driver/Src/stm32h7xx_hal_pwr_ex.o
 .debug_line    0x000000000000aae6     0x13e7 ./Drivers/STM32H7xx_HAL_Driver/Src/stm32h7xx_hal_rcc.o
 .debug_line    0x000000000000becd     0x1cb5 ./Drivers/STM32H7xx_HAL_Driver/Src/stm32h7xx_hal_rcc_ex.o
 .debug_line    0x000000000000db82     0x3f08 ./Drivers/STM32H7xx_HAL_Driver/Src/stm32h7xx_hal_tim.o
 .debug_line    0x0000000000011a8a     0x1dc3 ./Drivers/STM32H7xx_HAL_Driver/Src/stm32h7xx_hal_tim_ex.o

.debug_str      0x0000000000000000   0x1707fe
 .debug_str     0x0000000000000000   0x16be88 ./Core/Src/main.o
                                     0x16c6b1 (size before relaxing)
 .debug_str     0x000000000016be88      0x487 ./Core/Src/stm32h7xx_hal_msp.o
                                     0x16bd45 (size before relaxing)
 .debug_str     0x000000000016c30f       0xf5 ./Core/Src/stm32h7xx_it.o
                                     0x16b0ef (size before relaxing)
 .debug_str     0x000000000016c404      0x33a ./Core/Src/system_stm32h7xx.o
                                     0x16b26a (size before relaxing)
 .debug_str     0x000000000016c73e       0x36 ./Core/Startup/startup_stm32h750vbtx.o
                                         0x51 (size before relaxing)
 .debug_str     0x000000000016c774      0x7d1 ./Drivers/STM32H7xx_HAL_Driver/Src/stm32h7xx_hal.o
                                     0x16c18f (size before relaxing)
 .debug_str     0x000000000016cf45      0xb07 ./Drivers/STM32H7xx_HAL_Driver/Src/stm32h7xx_hal_adc.o
                                     0x16c009 (size before relaxing)
 .debug_str     0x000000000016da4c      0x345 ./Drivers/STM32H7xx_HAL_Driver/Src/stm32h7xx_hal_cortex.o
                                     0x16bb92 (size before relaxing)
 .debug_str     0x000000000016dd91      0x822 ./Drivers/STM32H7xx_HAL_Driver/Src/stm32h7xx_hal_dma.o
                                     0x16b9a4 (size before relaxing)
 .debug_str     0x000000000016e5b3      0x13d ./Drivers/STM32H7xx_HAL_Driver/Src/stm32h7xx_hal_gpio.o
                                     0x16b221 (size before relaxing)
 .debug_str     0x000000000016e6f0      0x624 ./Drivers/STM32H7xx_HAL_Driver/Src/stm32h7xx_hal_pwr_ex.o
                                     0x16b6e2 (size before relaxing)
 .debug_str     0x000000000016ed14      0x21a ./Drivers/STM32H7xx_HAL_Driver/Src/stm32h7xx_hal_rcc.o
                                     0x16b605 (size before relaxing)
 .debug_str     0x000000000016ef2e      0x630 ./Drivers/STM32H7xx_HAL_Driver/Src/stm32h7xx_hal_rcc_ex.o
                                     0x16bae6 (size before relaxing)
 .debug_str     0x000000000016f55e      0xdf3 ./Drivers/STM32H7xx_HAL_Driver/Src/stm32h7xx_hal_tim.o
                                     0x16c394 (size before relaxing)
 .debug_str     0x0000000000170351      0x4ad ./Drivers/STM32H7xx_HAL_Driver/Src/stm32h7xx_hal_tim_ex.o
                                     0x16bccc (size before relaxing)

.comment        0x0000000000000000       0x50
 .comment       0x0000000000000000       0x50 ./Core/Src/main.o
                                         0x51 (size before relaxing)
 .comment       0x0000000000000050       0x51 ./Core/Src/stm32h7xx_hal_msp.o
 .comment       0x0000000000000050       0x51 ./Core/Src/stm32h7xx_it.o
 .comment       0x0000000000000050       0x51 ./Core/Src/system_stm32h7xx.o
 .comment       0x0000000000000050       0x51 ./Drivers/STM32H7xx_HAL_Driver/Src/stm32h7xx_hal.o
 .comment       0x0000000000000050       0x51 ./Drivers/STM32H7xx_HAL_Driver/Src/stm32h7xx_hal_adc.o
 .comment       0x0000000000000050       0x51 ./Drivers/STM32H7xx_HAL_Driver/Src/stm32h7xx_hal_cortex.o
 .comment       0x0000000000000050       0x51 ./Drivers/STM32H7xx_HAL_Driver/Src/stm32h7xx_hal_dma.o
 .comment       0x0000000000000050       0x51 ./Drivers/STM32H7xx_HAL_Driver/Src/stm32h7xx_hal_gpio.o
 .comment       0x0000000000000050       0x51 ./Drivers/STM32H7xx_HAL_Driver/Src/stm32h7xx_hal_pwr_ex.o
 .comment       0x0000000000000050       0x51 ./Drivers/STM32H7xx_HAL_Driver/Src/stm32h7xx_hal_rcc.o
 .comment       0x0000000000000050       0x51 ./Drivers/STM32H7xx_HAL_Driver/Src/stm32h7xx_hal_rcc_ex.o
 .comment       0x0000000000000050       0x51 ./Drivers/STM32H7xx_HAL_Driver/Src/stm32h7xx_hal_tim.o
 .comment       0x0000000000000050       0x51 ./Drivers/STM32H7xx_HAL_Driver/Src/stm32h7xx_hal_tim_ex.o

.debug_frame    0x0000000000000000     0x41f4
 .debug_frame   0x0000000000000000      0x148 ./Core/Src/main.o
 .debug_frame   0x0000000000000148       0xf8 ./Core/Src/stm32h7xx_hal_msp.o
 .debug_frame   0x0000000000000240      0x120 ./Core/Src/stm32h7xx_it.o
 .debug_frame   0x0000000000000360       0x58 ./Core/Src/system_stm32h7xx.o
 .debug_frame   0x00000000000003b8      0x690 ./Drivers/STM32H7xx_HAL_Driver/Src/stm32h7xx_hal.o
 .debug_frame   0x0000000000000a48      0xa28 ./Drivers/STM32H7xx_HAL_Driver/Src/stm32h7xx_hal_adc.o
 .debug_frame   0x0000000000001470      0x4b8 ./Drivers/STM32H7xx_HAL_Driver/Src/stm32h7xx_hal_cortex.o
 .debug_frame   0x0000000000001928      0x2b4 ./Drivers/STM32H7xx_HAL_Driver/Src/stm32h7xx_hal_dma.o
 .debug_frame   0x0000000000001bdc      0x14c ./Drivers/STM32H7xx_HAL_Driver/Src/stm32h7xx_hal_gpio.o
 .debug_frame   0x0000000000001d28      0x580 ./Drivers/STM32H7xx_HAL_Driver/Src/stm32h7xx_hal_pwr_ex.o
 .debug_frame   0x00000000000022a8      0x1f8 ./Drivers/STM32H7xx_HAL_Driver/Src/stm32h7xx_hal_rcc.o
 .debug_frame   0x00000000000024a0      0x414 ./Drivers/STM32H7xx_HAL_Driver/Src/stm32h7xx_hal_rcc_ex.o
 .debug_frame   0x00000000000028b4     0x121c ./Drivers/STM32H7xx_HAL_Driver/Src/stm32h7xx_hal_tim.o
 .debug_frame   0x0000000000003ad0      0x6d8 ./Drivers/STM32H7xx_HAL_Driver/Src/stm32h7xx_hal_tim_ex.o
 .debug_frame   0x00000000000041a8       0x2c c:/st/stm32cubeide_1.12.0/stm32cubeide/plugins/com.st.stm32cube.ide.mcu.externaltools.gnu-tools-for-stm32.10.3-2021.10.win32_1.0.200.202301161003/tools/bin/../lib/gcc/arm-none-eabi/10.3.1/../../../../arm-none-eabi/lib/thumb/v7e-m+dp/hard\libc_nano.a(lib_a-init.o)
 .debug_frame   0x00000000000041d4       0x20 c:/st/stm32cubeide_1.12.0/stm32cubeide/plugins/com.st.stm32cube.ide.mcu.externaltools.gnu-tools-for-stm32.10.3-2021.10.win32_1.0.200.202301161003/tools/bin/../lib/gcc/arm-none-eabi/10.3.1/../../../../arm-none-eabi/lib/thumb/v7e-m+dp/hard\libc_nano.a(lib_a-memset.o)
