14:02:02 **** Incremental Build of configuration Debug for project 3pwm ****
make -j4 all 
arm-none-eabi-gcc "../Core/Src/main.c" -mcpu=cortex-m7 -std=gnu11 -g3 -DDEBUG -DUSE_HAL_DRIVER -DSTM32H750xx -c -I../Core/Inc -I../Drivers/STM32H7xx_HAL_Driver/Inc -I../Drivers/STM32H7xx_HAL_Driver/Inc/Legacy -I../Drivers/CMSIS/Device/ST/STM32H7xx/Include -I../Drivers/CMSIS/Include -O0 -ffunction-sections -fdata-sections -Wall -fstack-usage -fcyclomatic-complexity -MMD -MP -MF"Core/Src/main.d" -MT"Core/Src/main.o" --specs=nano.specs -mfpu=fpv5-d16 -mfloat-abi=hard -mthumb -o "Core/Src/main.o"
arm-none-eabi-gcc -o "3pwm.elf" @"objects.list"   -mcpu=cortex-m7 -T"D:\STM32\3pwm\STM32H750VBTX_FLASH.ld" --specs=nosys.specs -Wl,-Map="3pwm.map" -Wl,--gc-sections -static --specs=nano.specs -mfpu=fpv5-d16 -mfloat-abi=hard -mthumb -Wl,--start-group -lc -lm -Wl,--end-group
Finished building target: 3pwm.elf
 
arm-none-eabi-size   3pwm.elf 
arm-none-eabi-objdump -h -S  3pwm.elf  > "3pwm.list"
   text	   data	    bss	    dec	    hex	filename
  26256	    172	   2156	  28584	   6fa8	3pwm.elf
Finished building: default.size.stdout
 
Finished building: 3pwm.list
 

14:02:03 Build Finished. 0 errors, 0 warnings. (took 1s.39ms)

