11:54:51 **** Incremental Build of configuration Debug for project adc_tut ****
make -j4 all 
arm-none-eabi-gcc "../Core/Src/main.c" -mcpu=cortex-m3 -std=gnu11 -g3 -DDEBUG -DUSE_HAL_DRIVER -DSTM32F103xB -c -I../Core/Inc -I../Drivers/STM32F1xx_HAL_Driver/Inc/Legacy -I../Drivers/STM32F1xx_HAL_Driver/Inc -I../Drivers/CMSIS/Device/ST/STM32F1xx/Include -I../Drivers/CMSIS/Include -O0 -ffunction-sections -fdata-sections -Wall -fstack-usage -fcyclomatic-complexity -MMD -MP -MF"Core/Src/main.d" -MT"Core/Src/main.o" --specs=nano.specs -mfloat-abi=soft -mthumb -o "Core/Src/main.o"
arm-none-eabi-gcc -o "adc_tut.elf" @"objects.list"   -mcpu=cortex-m3 -T"D:\STM32\adc_tut\STM32F103C8TX_FLASH.ld" --specs=nosys.specs -Wl,-Map="adc_tut.map" -Wl,--gc-sections -static --specs=nano.specs -mfloat-abi=soft -mthumb -Wl,--start-group -lc -lm -Wl,--end-group
Finished building target: adc_tut.elf
 
arm-none-eabi-size   adc_tut.elf 
arm-none-eabi-objdump -h -S  adc_tut.elf  > "adc_tut.list"
   text	   data	    bss	    dec	    hex	filename
   9628	     20	   1692	  11340	   2c4c	adc_tut.elf
Finished building: default.size.stdout
 
Finished building: adc_tut.list
 

11:54:52 Build Finished. 0 errors, 0 warnings. (took 968ms)

