16:58:02 **** Incremental Build of configuration Debug for project bt_723 ****
make -j4 all 
arm-none-eabi-gcc "../Core/Src/main.c" -mcpu=cortex-m7 -std=gnu11 -g3 -DDEBUG -DUSE_HAL_DRIVER -DSTM32H723xx -c -I../Core/Inc -I../Drivers/STM32H7xx_HAL_Driver/Inc -I../Drivers/STM32H7xx_HAL_Driver/Inc/Legacy -I../Drivers/CMSIS/Device/ST/STM32H7xx/Include -I../Drivers/CMSIS/Include -O0 -ffunction-sections -fdata-sections -Wall -fstack-usage -fcyclomatic-complexity -MMD -MP -MF"Core/Src/main.d" -MT"Core/Src/main.o" --specs=nano.specs -mfpu=fpv5-d16 -mfloat-abi=hard -mthumb -o "Core/Src/main.o"
arm-none-eabi-gcc -o "bt_723.elf" @"objects.list"   -mcpu=cortex-m7 -T"D:\STM32\bt_723\STM32H723ZGTX_FLASH.ld" --specs=nosys.specs -Wl,-Map="bt_723.map" -Wl,--gc-sections -static --specs=nano.specs -mfpu=fpv5-d16 -mfloat-abi=hard -mthumb -Wl,--start-group -lc -lm -Wl,--end-group
Finished building target: bt_723.elf
 
arm-none-eabi-size  bt_723.elf 
arm-none-eabi-objdump -h -S bt_723.elf  > "bt_723.list"
   text	   data	    bss	    dec	    hex	filename
  56908	    108	   2940	  59956	   ea34	bt_723.elf
Finished building: default.size.stdout
 
Finished building: bt_723.list
 

16:58:03 Build Finished. 0 errors, 0 warnings. (took 1s.5ms)

