16:36:15 **** Incremental Build of configuration Debug for project c011_spi_slave_test ****
make -j4 all 
arm-none-eabi-gcc "../Core/Src/main.c" -mcpu=cortex-m0plus -std=gnu11 -g3 -DDEBUG -DUSE_HAL_DRIVER -DSTM32C011xx -c -I../Core/Inc -I../Drivers/STM32C0xx_HAL_Driver/Inc -I../Drivers/STM32C0xx_HAL_Driver/Inc/Legacy -I../Drivers/CMSIS/Device/ST/STM32C0xx/Include -I../Drivers/CMSIS/Include -O0 -ffunction-sections -fdata-sections -Wall -fstack-usage -fcyclomatic-complexity -MMD -MP -MF"Core/Src/main.d" -MT"Core/Src/main.o" --specs=nano.specs -mfloat-abi=soft -mthumb -o "Core/Src/main.o"
arm-none-eabi-gcc -o "c011_spi_slave_test.elf" @"objects.list"   -mcpu=cortex-m0plus -T"D:\STM32\c011_spi_slave_test\STM32C011F6PX_FLASH.ld" --specs=nosys.specs -Wl,-Map="c011_spi_slave_test.map" -Wl,--gc-sections -static --specs=nano.specs -mfloat-abi=soft -mthumb -Wl,--start-group -lc -lm -Wl,--end-group
C:/ST/STM32CubeIDE_1.16.0/STM32CubeIDE/plugins/com.st.stm32cube.ide.mcu.externaltools.gnu-tools-for-stm32.12.3.rel1.win32_1.0.200.202406191623/tools/bin/../lib/gcc/arm-none-eabi/12.3.1/../../../../arm-none-eabi/bin/ld.exe: warning: c011_spi_slave_test.elf has a LOAD segment with RWX permissions
Finished building target: c011_spi_slave_test.elf
 
arm-none-eabi-size  c011_spi_slave_test.elf 
arm-none-eabi-objdump -h -S c011_spi_slave_test.elf  > "c011_spi_slave_test.list"
   text	   data	    bss	    dec	    hex	filename
  10772	      0	   1804	  12576	   3120	c011_spi_slave_test.elf
Finished building: default.size.stdout
 
Finished building: c011_spi_slave_test.list
 

16:36:15 Build Finished. 0 errors, 1 warnings. (took 561ms)

