13:25:04 **** Incremental Build of configuration Debug for project ETH_1_ping ****
make -j4 all 
arm-none-eabi-gcc "../Core/Src/main.c" -mcpu=cortex-m7 -std=gnu11 -g3 -DDEBUG -DDATA_IN_D2_SRAM -DUSE_HAL_DRIVER -DSTM32H750xx -c -I../Core/Inc -I../LWIP/App -I../LWIP/Target -I../Middlewares/Third_Party/LwIP/src/include -I../Middlewares/Third_Party/LwIP/system -I../Drivers/STM32H7xx_HAL_Driver/Inc -I../Drivers/STM32H7xx_HAL_Driver/Inc/Legacy -I../Utilities/JPEG -I../Middlewares/Third_Party/FreeRTOS/Source/include -I../Middlewares/Third_Party/FreeRTOS/Source/CMSIS_RTOS_V2 -I../Middlewares/Third_Party/FreeRTOS/Source/portable/GCC/ARM_CM4F -I../Drivers/BSP/Components/lan8742 -I../Middlewares/Third_Party/LwIP/src/include/netif/ppp -I../Drivers/CMSIS/Device/ST/STM32H7xx/Include -I../Middlewares/Third_Party/LwIP/src/include/lwip -I../Middlewares/Third_Party/LwIP/src/include/lwip/apps -I../Middlewares/Third_Party/LwIP/src/include/lwip/priv -I../Middlewares/Third_Party/LwIP/src/include/lwip/prot -I../Middlewares/Third_Party/LwIP/src/include/netif -I../Middlewares/Third_Party/LwIP/src/include/compat/posix -I../Middlewares/Third_Party/LwIP/src/include/compat/posix/arpa -I../Middlewares/Third_Party/LwIP/src/include/compat/posix/net -I../Middlewares/Third_Party/LwIP/src/include/compat/posix/sys -I../Middlewares/Third_Party/LwIP/src/include/compat/stdc -I../Middlewares/Third_Party/LwIP/system/arch -I../Drivers/CMSIS/Include -O0 -ffunction-sections -fdata-sections -Wall -fstack-usage -fcyclomatic-complexity -MMD -MP -MF"Core/Src/main.d" -MT"Core/Src/main.o" --specs=nano.specs -mfpu=fpv5-d16 -mfloat-abi=hard -mthumb -o "Core/Src/main.o"
../Core/Src/main.c:59:13: warning: 'MPU_Initialize' declared 'static' but never defined [-Wunused-function]
   59 | static void MPU_Initialize(void);
      |             ^~~~~~~~~~~~~~
arm-none-eabi-g++ -o "ETH_1_ping.elf" @"objects.list"   -mcpu=cortex-m7 -T"D:\STM32\ETH_1_ping\STM32H750XBHX_FLASH.ld" --specs=nosys.specs -Wl,-Map="ETH_1_ping.map" -Wl,--gc-sections -static --specs=nano.specs -mfpu=fpv5-d16 -mfloat-abi=hard -mthumb -Wl,--start-group -lc -lm -lstdc++ -lsupc++ -Wl,--end-group
Finished building target: ETH_1_ping.elf
 
arm-none-eabi-size   ETH_1_ping.elf 
arm-none-eabi-objdump -h -S  ETH_1_ping.elf  > "ETH_1_ping.list"
   text	   data	    bss	    dec	    hex	filename
 127328	    156	 410791	 538275	  836a3	ETH_1_ping.elf
Finished building: default.size.stdout
 
Finished building: ETH_1_ping.list
 

13:25:23 Build Finished. 0 errors, 1 warnings. (took 18s.744ms)

