11:00:29 **** Incremental Build of configuration Debug for project ethhhhh ****
make -j4 all 
arm-none-eabi-gcc "../Core/Src/tcp_client.c" -mcpu=cortex-m7 -std=gnu11 -g3 -DDEBUG -DUSE_HAL_DRIVER -DSTM32H723xx -c -I../Core/Inc -I../Drivers/STM32H7xx_HAL_Driver/Inc -I../Drivers/STM32H7xx_HAL_Driver/Inc/Legacy -I../Drivers/CMSIS/Device/ST/STM32H7xx/Include -I../Drivers/CMSIS/Include -I../LWIP/App -I../LWIP/Target -I../Middlewares/Third_Party/LwIP/src/include -I../Middlewares/Third_Party/LwIP/system -I../Drivers/BSP/Components/lan8742 -I../Middlewares/Third_Party/LwIP/src/include/netif/ppp -I../Middlewares/Third_Party/LwIP/src/include/lwip -I../Middlewares/Third_Party/LwIP/src/include/lwip/apps -I../Middlewares/Third_Party/LwIP/src/include/lwip/priv -I../Middlewares/Third_Party/LwIP/src/include/lwip/prot -I../Middlewares/Third_Party/LwIP/src/include/netif -I../Middlewares/Third_Party/LwIP/src/include/compat/posix -I../Middlewares/Third_Party/LwIP/src/include/compat/posix/arpa -I../Middlewares/Third_Party/LwIP/src/include/compat/posix/net -I../Middlewares/Third_Party/LwIP/src/include/compat/posix/sys -I../Middlewares/Third_Party/LwIP/src/include/compat/stdc -I../Middlewares/Third_Party/LwIP/system/arch -O0 -ffunction-sections -fdata-sections -Wall -fstack-usage -fcyclomatic-complexity -MMD -MP -MF"Core/Src/tcp_client.d" -MT"Core/Src/tcp_client.o" --specs=nano.specs -mfpu=fpv5-d16 -mfloat-abi=hard -mthumb -o "Core/Src/tcp_client.o"
../Core/Src/tcp_client.c: In function 'tcp_write_time_msg':
../Core/Src/tcp_client.c:197:12: warning: variable 'Milliseconds' set but not used [-Wunused-but-set-variable]
  197 |   uint16_t Milliseconds;
      |            ^~~~~~~~~~~~
arm-none-eabi-gcc -o "ethhhhh.elf" @"objects.list"   -mcpu=cortex-m7 -T"D:\STM32\ethhhhh\STM32H723ZGTX_FLASH.ld" --specs=nosys.specs -Wl,-Map="ethhhhh.map" -Wl,--gc-sections -static --specs=nano.specs -mfpu=fpv5-d16 -mfloat-abi=hard -mthumb -Wl,--start-group -lc -lm -Wl,--end-group
Finished building target: ethhhhh.elf
 
arm-none-eabi-size  ethhhhh.elf 
arm-none-eabi-objdump -h -S ethhhhh.elf  > "ethhhhh.list"
   text	   data	    bss	    dec	    hex	filename
 107776	    336	  33768	 141880	  22a38	ethhhhh.elf
Finished building: default.size.stdout
 
Finished building: ethhhhh.list
 

11:00:31 Build Finished. 0 errors, 1 warnings. (took 2s.346ms)

