14:37:42 **** Incremental Build of configuration Debug for project f103_spi_master ****
make -j4 all 
arm-none-eabi-gcc "../Core/Src/main.c" -mcpu=cortex-m3 -std=gnu11 -g3 -DDEBUG -DUSE_HAL_DRIVER -DSTM32F103xB -c -I../Core/Inc -I../Drivers/STM32F1xx_HAL_Driver/Inc/Legacy -I../Drivers/STM32F1xx_HAL_Driver/Inc -I../Drivers/CMSIS/Device/ST/STM32F1xx/Include -I../Drivers/CMSIS/Include -O0 -ffunction-sections -fdata-sections -Wall -fstack-usage -fcyclomatic-complexity -MMD -MP -MF"Core/Src/main.d" -MT"Core/Src/main.o" --specs=nano.specs -mfloat-abi=soft -mthumb -o "Core/Src/main.o"
arm-none-eabi-gcc -o "f103_spi_master.elf" @"objects.list"   -mcpu=cortex-m3 -T"D:\STM32\f103_spi_master\STM32F103C8TX_FLASH.ld" --specs=nosys.specs -Wl,-Map="f103_spi_master.map" -Wl,--gc-sections -static --specs=nano.specs -mfloat-abi=soft -mthumb -Wl,--start-group -lc -lm -Wl,--end-group
Finished building target: f103_spi_master.elf
 
arm-none-eabi-size  f103_spi_master.elf 
arm-none-eabi-objdump -h -S f103_spi_master.elf  > "f103_spi_master.list"
arm-none-eabi-objcopy  -O ihex f103_spi_master.elf  "f103_spi_master.hex"
   text	   data	    bss	    dec	    hex	filename
   7520	     52	   1740	   9312	   2460	f103_spi_master.elf
arm-none-eabi-objcopy  -O binary f103_spi_master.elf  "f103_spi_master.bin"
Finished building: default.size.stdout
 
Finished building: f103_spi_master.bin
Finished building: f103_spi_master.hex
Finished building: f103_spi_master.list
 
 
 

14:37:42 Build Finished. 0 errors, 0 warnings. (took 651ms)

