16:25:16 **** Incremental Build of configuration Debug for project motor11 ****
make -j4 all 
arm-none-eabi-gcc "../Core/Src/stm32f1xx_it.c" -mcpu=cortex-m3 -std=gnu11 -g3 -DDEBUG -DUSE_HAL_DRIVER -DSTM32F103xB -c -I../Core/Inc -I../Drivers/STM32F1xx_HAL_Driver/Inc -I../Drivers/STM32F1xx_HAL_Driver/Inc/Legacy -I../Drivers/CMSIS/Device/ST/STM32F1xx/Include -I../Drivers/CMSIS/Include -O0 -ffunction-sections -fdata-sections -Wall -fstack-usage -fcyclomatic-complexity -MMD -MP -MF"Core/Src/stm32f1xx_it.d" -MT"Core/Src/stm32f1xx_it.o" --specs=nano.specs -mfloat-abi=soft -mthumb -o "Core/Src/stm32f1xx_it.o"
arm-none-eabi-gcc -o "motor11.elf" @"objects.list"   -mcpu=cortex-m3 -T"D:\STM32\motor11\STM32F103RBTX_FLASH.ld" --specs=nosys.specs -Wl,-Map="motor11.map" -Wl,--gc-sections -static --specs=nano.specs -mfloat-abi=soft -mthumb -Wl,--start-group -lc -lm -Wl,--end-group
Finished building target: motor11.elf
 
arm-none-eabi-size   motor11.elf 
arm-none-eabi-objdump -h -S  motor11.elf  > "motor11.list"
   text	   data	    bss	    dec	    hex	filename
  12424	     20	   1804	  14248	   37a8	motor11.elf
Finished building: default.size.stdout
 
Finished building: motor11.list
 

16:25:17 Build Finished. 0 errors, 0 warnings. (took 600ms)

