09:59:17 **** Incremental Build of configuration Debug for project motorfoc ****
make -j4 all 
arm-none-eabi-g++ "../Core/Src/main.cpp" -mcpu=cortex-m7 -std=gnu++14 -g3 -DDEBUG -DUSE_HAL_DRIVER -DSTM32H750xx -c -I../Core/Inc -I../Drivers/STM32H7xx_HAL_Driver/Inc -I../Drivers/STM32H7xx_HAL_Driver/Inc/Legacy -I../Drivers/CMSIS/Device/ST/STM32H7xx/Include -I../Drivers/CMSIS/Include -I../Middlewares/Third_Party/FreeRTOS/Source/include -I../Middlewares/Third_Party/FreeRTOS/Source/CMSIS_RTOS_V2 -I../Middlewares/Third_Party/FreeRTOS/Source/portable/GCC/ARM_CM4F -O0 -ffunction-sections -fdata-sections -fno-exceptions -fno-rtti -fno-use-cxa-atexit -Wall -fstack-usage -fcyclomatic-complexity -MMD -MP -MF"Core/Src/main.d" -MT"Core/Src/main.o" --specs=nano.specs -mfpu=fpv5-d16 -mfloat-abi=hard -mthumb -o "Core/Src/main.o"
arm-none-eabi-g++ -o "motorfoc.elf" @"objects.list"   -mcpu=cortex-m7 -T"D:\STM32\motorfoc\STM32H750VBTX_FLASH.ld" -Wl,-Map="motorfoc.map" -Wl,--gc-sections -static --specs=nano.specs -mfpu=fpv5-d16 -mfloat-abi=hard -mthumb -Wl,--start-group -lc -lm -lstdc++ -lsupc++ -Wl,--end-group
Finished building target: motorfoc.elf
 
arm-none-eabi-size   motorfoc.elf 
arm-none-eabi-objdump -h -S  motorfoc.elf  > "motorfoc.list"
   text	   data	    bss	    dec	    hex	filename
  56808	    116	   6516	  63440	   f7d0	motorfoc.elf
Finished building: default.size.stdout
 
Finished building: motorfoc.list
 

09:59:25 Build Finished. 0 errors, 0 warnings. (took 7s.550ms)

