11:29:39 **** Incremental Build of configuration Debug for project pwm_2 ****
make -j4 all 
arm-none-eabi-gcc "../Core/Src/main.c" -mcpu=cortex-m7 -std=gnu11 -g3 -DDEBUG -DUSE_HAL_DRIVER -DSTM32H750xx -c -I../Core/Inc -I../Drivers/STM32H7xx_HAL_Driver/Inc -I../Drivers/STM32H7xx_HAL_Driver/Inc/Legacy -I../Drivers/CMSIS/Device/ST/STM32H7xx/Include -I../Drivers/CMSIS/Include -O0 -ffunction-sections -fdata-sections -Wall -fstack-usage -fcyclomatic-complexity -MMD -MP -MF"Core/Src/main.d" -MT"Core/Src/main.o" --specs=nano.specs -mfpu=fpv5-d16 -mfloat-abi=hard -mthumb -o "Core/Src/main.o"
arm-none-eabi-gcc -o "pwm_2.elf" @"objects.list"   -mcpu=cortex-m7 -T"D:\STM32\pwm_2\STM32H750VBTX_FLASH.ld" --specs=nosys.specs -Wl,-Map="pwm_2.map" -Wl,--gc-sections -static --specs=nano.specs -mfpu=fpv5-d16 -mfloat-abi=hard -mthumb -Wl,--start-group -lc -lm -Wl,--end-group
Finished building target: pwm_2.elf
 
arm-none-eabi-size   pwm_2.elf 
arm-none-eabi-objdump -h -S  pwm_2.elf  > "pwm_2.list"
arm-none-eabi-objcopy  -O ihex  pwm_2.elf  "pwm_2.hex"
   text	   data	    bss	    dec	    hex	filename
  16392	     24	   1744	  18160	   46f0	pwm_2.elf
Finished building: default.size.stdout
 
Finished building: pwm_2.hex
 
Finished building: pwm_2.list
 

11:29:40 Build Finished. 0 errors, 0 warnings. (took 1s.283ms)

