09:16:49 **** Incremental Build of configuration Debug for project stm32f10led ****
make -j4 all 
arm-none-eabi-gcc "../Core/Src/main.c" -mcpu=cortex-m3 -std=gnu11 -g3 -DDEBUG -DUSE_HAL_DRIVER -DSTM32F103xB -c -I../Core/Inc -I../Drivers/STM32F1xx_HAL_Driver/Inc/Legacy -I../Drivers/STM32F1xx_HAL_Driver/Inc -I../Drivers/CMSIS/Device/ST/STM32F1xx/Include -I../Drivers/CMSIS/Include -O0 -ffunction-sections -fdata-sections -Wall -fstack-usage -fcyclomatic-complexity -MMD -MP -MF"Core/Src/main.d" -MT"Core/Src/main.o" --specs=nano.specs -mfloat-abi=soft -mthumb -o "Core/Src/main.o"
arm-none-eabi-gcc -o "stm32f10led.elf" @"objects.list"   -mcpu=cortex-m3 -T"D:\STM32\stm32f10led\STM32F103C8TX_FLASH.ld" --specs=nosys.specs -Wl,-Map="stm32f10led.map" -Wl,--gc-sections -static --specs=nano.specs -mfloat-abi=soft -mthumb -Wl,--start-group -lc -lm -Wl,--end-group
Finished building target: stm32f10led.elf
 
arm-none-eabi-size   stm32f10led.elf 
arm-none-eabi-objdump -h -S  stm32f10led.elf  > "stm32f10led.list"
arm-none-eabi-objcopy  -O ihex  stm32f10led.elf  "stm32f10led.hex"
   text	   data	    bss	    dec	    hex	filename
   4540	     20	   1572	   6132	   17f4	stm32f10led.elf
Finished building: default.size.stdout
 
Finished building: stm32f10led.hex
 
Finished building: stm32f10led.list
 

09:16:50 Build Finished. 0 errors, 0 warnings. (took 1s.138ms)

